Archive member included to satisfy reference by file (symbol)

C:/ST/STM32CubeIDE_2.0.0/STM32CubeIDE/plugins/com.st.stm32cube.ide.mcu.externaltools.gnu-tools-for-stm32.13.3.rel1.win32_1.0.100.202509120712/tools/bin/../lib/gcc/arm-none-eabi/13.3.1/../../../../arm-none-eabi/lib/thumb/v6-m/nofp\libc_nano.a(libc_a-exit.o)
                              C:/ST/STM32CubeIDE_2.0.0/STM32CubeIDE/plugins/com.st.stm32cube.ide.mcu.externaltools.gnu-tools-for-stm32.13.3.rel1.win32_1.0.100.202509120712/tools/bin/../lib/gcc/arm-none-eabi/13.3.1/../../../../arm-none-eabi/lib/thumb/v6-m/nofp/crt0.o (exit)
C:/ST/STM32CubeIDE_2.0.0/STM32CubeIDE/plugins/com.st.stm32cube.ide.mcu.externaltools.gnu-tools-for-stm32.13.3.rel1.win32_1.0.100.202509120712/tools/bin/../lib/gcc/arm-none-eabi/13.3.1/../../../../arm-none-eabi/lib/thumb/v6-m/nofp\libc_nano.a(libc_a-findfp.o)
                              C:/ST/STM32CubeIDE_2.0.0/STM32CubeIDE/plugins/com.st.stm32cube.ide.mcu.externaltools.gnu-tools-for-stm32.13.3.rel1.win32_1.0.100.202509120712/tools/bin/../lib/gcc/arm-none-eabi/13.3.1/../../../../arm-none-eabi/lib/thumb/v6-m/nofp\libc_nano.a(libc_a-exit.o) (__stdio_exit_handler)
C:/ST/STM32CubeIDE_2.0.0/STM32CubeIDE/plugins/com.st.stm32cube.ide.mcu.externaltools.gnu-tools-for-stm32.13.3.rel1.win32_1.0.100.202509120712/tools/bin/../lib/gcc/arm-none-eabi/13.3.1/../../../../arm-none-eabi/lib/thumb/v6-m/nofp\libc_nano.a(libc_a-fwalk.o)
                              C:/ST/STM32CubeIDE_2.0.0/STM32CubeIDE/plugins/com.st.stm32cube.ide.mcu.externaltools.gnu-tools-for-stm32.13.3.rel1.win32_1.0.100.202509120712/tools/bin/../lib/gcc/arm-none-eabi/13.3.1/../../../../arm-none-eabi/lib/thumb/v6-m/nofp\libc_nano.a(libc_a-findfp.o) (_fwalk_sglue)
C:/ST/STM32CubeIDE_2.0.0/STM32CubeIDE/plugins/com.st.stm32cube.ide.mcu.externaltools.gnu-tools-for-stm32.13.3.rel1.win32_1.0.100.202509120712/tools/bin/../lib/gcc/arm-none-eabi/13.3.1/../../../../arm-none-eabi/lib/thumb/v6-m/nofp\libc_nano.a(libc_a-snprintf.o)
                              ./Core/Src/main.o (snprintf)
C:/ST/STM32CubeIDE_2.0.0/STM32CubeIDE/plugins/com.st.stm32cube.ide.mcu.externaltools.gnu-tools-for-stm32.13.3.rel1.win32_1.0.100.202509120712/tools/bin/../lib/gcc/arm-none-eabi/13.3.1/../../../../arm-none-eabi/lib/thumb/v6-m/nofp\libc_nano.a(libc_a-stdio.o)
                              C:/ST/STM32CubeIDE_2.0.0/STM32CubeIDE/plugins/com.st.stm32cube.ide.mcu.externaltools.gnu-tools-for-stm32.13.3.rel1.win32_1.0.100.202509120712/tools/bin/../lib/gcc/arm-none-eabi/13.3.1/../../../../arm-none-eabi/lib/thumb/v6-m/nofp\libc_nano.a(libc_a-findfp.o) (__sread)
C:/ST/STM32CubeIDE_2.0.0/STM32CubeIDE/plugins/com.st.stm32cube.ide.mcu.externaltools.gnu-tools-for-stm32.13.3.rel1.win32_1.0.100.202509120712/tools/bin/../lib/gcc/arm-none-eabi/13.3.1/../../../../arm-none-eabi/lib/thumb/v6-m/nofp\libc_nano.a(libc_a-memcmp.o)
                              ./ThirdParty/rfal/Src/rfal_nfcf.o (memcmp)
C:/ST/STM32CubeIDE_2.0.0/STM32CubeIDE/plugins/com.st.stm32cube.ide.mcu.externaltools.gnu-tools-for-stm32.13.3.rel1.win32_1.0.100.202509120712/tools/bin/../lib/gcc/arm-none-eabi/13.3.1/../../../../arm-none-eabi/lib/thumb/v6-m/nofp\libc_nano.a(libc_a-memmove.o)
                              ./ThirdParty/rfal/Src/rfal_nfcf.o (memmove)
C:/ST/STM32CubeIDE_2.0.0/STM32CubeIDE/plugins/com.st.stm32cube.ide.mcu.externaltools.gnu-tools-for-stm32.13.3.rel1.win32_1.0.100.202509120712/tools/bin/../lib/gcc/arm-none-eabi/13.3.1/../../../../arm-none-eabi/lib/thumb/v6-m/nofp\libc_nano.a(libc_a-memset.o)
                              C:/ST/STM32CubeIDE_2.0.0/STM32CubeIDE/plugins/com.st.stm32cube.ide.mcu.externaltools.gnu-tools-for-stm32.13.3.rel1.win32_1.0.100.202509120712/tools/bin/../lib/gcc/arm-none-eabi/13.3.1/../../../../arm-none-eabi/lib/thumb/v6-m/nofp/crt0.o (memset)
C:/ST/STM32CubeIDE_2.0.0/STM32CubeIDE/plugins/com.st.stm32cube.ide.mcu.externaltools.gnu-tools-for-stm32.13.3.rel1.win32_1.0.100.202509120712/tools/bin/../lib/gcc/arm-none-eabi/13.3.1/../../../../arm-none-eabi/lib/thumb/v6-m/nofp\libc_nano.a(libc_a-closer.o)
                              C:/ST/STM32CubeIDE_2.0.0/STM32CubeIDE/plugins/com.st.stm32cube.ide.mcu.externaltools.gnu-tools-for-stm32.13.3.rel1.win32_1.0.100.202509120712/tools/bin/../lib/gcc/arm-none-eabi/13.3.1/../../../../arm-none-eabi/lib/thumb/v6-m/nofp\libc_nano.a(libc_a-stdio.o) (_close_r)
C:/ST/STM32CubeIDE_2.0.0/STM32CubeIDE/plugins/com.st.stm32cube.ide.mcu.externaltools.gnu-tools-for-stm32.13.3.rel1.win32_1.0.100.202509120712/tools/bin/../lib/gcc/arm-none-eabi/13.3.1/../../../../arm-none-eabi/lib/thumb/v6-m/nofp\libc_nano.a(libc_a-reent.o)
                              C:/ST/STM32CubeIDE_2.0.0/STM32CubeIDE/plugins/com.st.stm32cube.ide.mcu.externaltools.gnu-tools-for-stm32.13.3.rel1.win32_1.0.100.202509120712/tools/bin/../lib/gcc/arm-none-eabi/13.3.1/../../../../arm-none-eabi/lib/thumb/v6-m/nofp\libc_nano.a(libc_a-closer.o) (errno)
[...]
Memory Configuration

Name             Origin             Length             Attributes
RAM              0x20000000         0x00002000         xrw
FLASH            0x08000000         0x00010000         xr
*default*        0x00000000         0xffffffff

Linker script and memory map

LOAD C:/ST/STM32CubeIDE_2.0.0/STM32CubeIDE/plugins/com.st.stm32cube.ide.mcu.externaltools.gnu-tools-for-stm32.13.3.rel1.win32_1.0.100.202509120712/tools/bin/../lib/gcc/arm-none-eabi/13.3.1/thumb/v6-m/nofp/crti.o
LOAD C:/ST/STM32CubeIDE_2.0.0/STM32CubeIDE/plugins/com.st.stm32cube.ide.mcu.externaltools.gnu-tools-for-stm32.13.3.rel1.win32_1.0.100.202509120712/tools/bin/../lib/gcc/arm-none-eabi/13.3.1/thumb/v6-m/nofp/crtbegin.o
LOAD C:/ST/STM32CubeIDE_2.0.0/STM32CubeIDE/plugins/com.st.stm32cube.ide.mcu.externaltools.gnu-tools-for-stm32.13.3.rel1.win32_1.0.100.202509120712/tools/bin/../lib/gcc/arm-none-eabi/13.3.1/../../../../arm-none-eabi/lib/thumb/v6-m/nofp/crt0.o
LOAD ./Core/Src/gpio.o
LOAD ./Core/Src/main.o
LOAD ./Core/Src/rfal_platform.o
LOAD ./Core/Src/spi.o
LOAD ./Core/Src/stm32l0xx_hal_msp.o
LOAD ./Core/Src/stm32l0xx_it.o
LOAD ./Core/Src/syscalls.o
LOAD ./Core/Src/sysmem.o
LOAD ./Core/Src/system_stm32l0xx.o
LOAD ./Core/Src/usart.o
LOAD ./Core/Startup/startup_stm32l053r8tx.o
LOAD ./Drivers/BSP/Components/st25r500/rfal_rfst25r500.o
LOAD ./Drivers/BSP/Components/st25r500/st25r500.o
LOAD ./Drivers/BSP/Components/st25r500/st25r500_com.o
LOAD ./Drivers/BSP/Components/st25r500/st25r500_dpocr.o
LOAD ./Drivers/BSP/Components/st25r500/st25r500_irq.o
LOAD ./Drivers/BSP/NFC12A1/nfc12a1.o
LOAD ./Drivers/STM32L0xx_HAL_Driver/Src/stm32l0xx_hal.o
LOAD ./Drivers/STM32L0xx_HAL_Driver/Src/stm32l0xx_hal_cortex.o
LOAD ./Drivers/STM32L0xx_HAL_Driver/Src/stm32l0xx_hal_dma.o
LOAD ./Drivers/STM32L0xx_HAL_Driver/Src/stm32l0xx_hal_exti.o
LOAD ./Drivers/STM32L0xx_HAL_Driver/Src/stm32l0xx_hal_flash.o
LOAD ./Drivers/STM32L0xx_HAL_Driver/Src/stm32l0xx_hal_flash_ex.o
LOAD ./Drivers/STM32L0xx_HAL_Driver/Src/stm32l0xx_hal_flash_ramfunc.o
LOAD ./Drivers/STM32L0xx_HAL_Driver/Src/stm32l0xx_hal_gpio.o
LOAD ./Drivers/STM32L0xx_HAL_Driver/Src/stm32l0xx_hal_i2c.o
LOAD ./Drivers/STM32L0xx_HAL_Driver/Src/stm32l0xx_hal_i2c_ex.o
LOAD ./Drivers/STM32L0xx_HAL_Driver/Src/stm32l0xx_hal_pwr.o
LOAD ./Drivers/STM32L0xx_HAL_Driver/Src/stm32l0xx_hal_pwr_ex.o
LOAD ./Drivers/STM32L0xx_HAL_Driver/Src/stm32l0xx_hal_rcc.o
LOAD ./Drivers/STM32L0xx_HAL_Driver/Src/stm32l0xx_hal_rcc_ex.o
LOAD ./Drivers/STM32L0xx_HAL_Driver/Src/stm32l0xx_hal_spi.o
LOAD ./Drivers/STM32L0xx_HAL_Driver/Src/stm32l0xx_hal_uart.o
LOAD ./Drivers/STM32L0xx_HAL_Driver/Src/stm32l0xx_hal_uart_ex.o
LOAD ./ThirdParty/rfal/Src/rfal_analogConfig.o
LOAD ./ThirdParty/rfal/Src/rfal_cd.o
LOAD ./ThirdParty/rfal/Src/rfal_crc.o
LOAD ./ThirdParty/rfal/Src/rfal_dlma.o
LOAD ./ThirdParty/rfal/Src/rfal_dpo.o
LOAD ./ThirdParty/rfal/Src/rfal_iso15693_2.o
LOAD ./ThirdParty/rfal/Src/rfal_isoDep.o
LOAD ./ThirdParty/rfal/Src/rfal_nfc.o
LOAD ./ThirdParty/rfal/Src/rfal_nfcDep.o
LOAD ./ThirdParty/rfal/Src/rfal_nfca.o
LOAD ./ThirdParty/rfal/Src/rfal_nfcb.o
LOAD ./ThirdParty/rfal/Src/rfal_nfcf.o
LOAD ./ThirdParty/rfal/Src/rfal_nfcv.o
LOAD ./ThirdParty/rfal/Src/rfal_st25tb.o
LOAD ./ThirdParty/rfal/Src/rfal_st25xv.o
LOAD ./ThirdParty/rfal/Src/rfal_t1t.o
LOAD ./ThirdParty/rfal/Src/rfal_t2t.o
LOAD ./ThirdParty/rfal/Src/rfal_t4t.o
START GROUP
LOAD C:/ST/STM32CubeIDE_2.0.0/STM32CubeIDE/plugins/com.st.stm32cube.ide.mcu.externaltools.gnu-tools-for-stm32.13.3.rel1.win32_1.0.100.202509120712/tools/bin/../lib/gcc/arm-none-eabi/13.3.1/../../../../arm-none-eabi/lib/thumb/v6-m/nofp\libc_nano.a
LOAD C:/ST/STM32CubeIDE_2.0.0/STM32CubeIDE/plugins/com.st.stm32cube.ide.mcu.externaltools.gnu-tools-for-stm32.13.3.rel1.win32_1.0.100.202509120712/tools/bin/../lib/gcc/arm-none-eabi/13.3.1/../../../../arm-none-eabi/lib/thumb/v6-m/nofp\libm.a
END GROUP
START GROUP
LOAD C:/ST/STM32CubeIDE_2.0.0/STM32CubeIDE/plugins/com.st.stm32cube.ide.mcu.externaltools.gnu-tools-for-stm32.13.3.rel1.win32_1.0.100.202509120712/tools/bin/../lib/gcc/arm-none-eabi/13.3.1/thumb/v6-m/nofp\libgcc.a
LOAD C:/ST/STM32CubeIDE_2.0.0/STM32CubeIDE/plugins/com.st.stm32cube.ide.mcu.externaltools.gnu-tools-for-stm32.13.3.rel1.win32_1.0.100.202509120712/tools/bin/../lib/gcc/arm-none-eabi/13.3.1/../../../../arm-none-eabi/lib/thumb/v6-m/nofp\libc_nano.a
END GROUP
START GROUP
LOAD C:/ST/STM32CubeIDE_2.0.0/STM32CubeIDE/plugins/com.st.stm32cube.ide.mcu.externaltools.gnu-tools-for-stm32.13.3.rel1.win32_1.0.100.202509120712/tools/bin/../lib/gcc/arm-none-eabi/13.3.1/thumb/v6-m/nofp\libgcc.a
LOAD C:/ST/STM32CubeIDE_2.0.0/STM32CubeIDE/plugins/com.st.stm32cube.ide.mcu.externaltools.gnu-tools-for-stm32.13.3.rel1.win32_1.0.100.202509120712/tools/bin/../lib/gcc/arm-none-eabi/13.3.1/../../../../arm-none-eabi/lib/thumb/v6-m/nofp\libc_nano.a
LOAD C:/ST/STM32CubeIDE_2.0.0/STM32CubeIDE/plugins/com.st.stm32cube.ide.mcu.externaltools.gnu-tools-for-stm32.13.3.rel1.win32_1.0.100.202509120712/tools/bin/../lib/gcc/arm-none-eabi/13.3.1/../../../../arm-none-eabi/lib/thumb/v6-m/nofp\libnosys.a
END GROUP
START GROUP
LOAD C:/ST/STM32CubeIDE_2.0.0/STM32CubeIDE/plugins/com.st.stm32cube.ide.mcu.externaltools.gnu-tools-for-stm32.13.3.rel1.win32_1.0.100.202509120712/tools/bin/../lib/gcc/arm-none-eabi/13.3.1/thumb/v6-m/nofp\libgcc.a
LOAD C:/ST/STM32CubeIDE_2.0.0/STM32CubeIDE/plugins/com.st.stm32cube.ide.mcu.externaltools.gnu-tools-for-stm32.13.3.rel1.win32_1.0.100.202509120712/tools/bin/../lib/gcc/arm-none-eabi/13.3.1/../../../../arm-none-eabi/lib/thumb/v6-m/nofp\libc_nano.a
LOAD C:/ST/STM32CubeIDE_2.0.0/STM32CubeIDE/plugins/com.st.stm32cube.ide.mcu.externaltools.gnu-tools-for-stm32.13.3.rel1.win32_1.0.100.202509120712/tools/bin/../lib/gcc/arm-none-eabi/13.3.1/../../../../arm-none-eabi/lib/thumb/v6-m/nofp\libnosys.a
END GROUP
LOAD C:/ST/STM32CubeIDE_2.0.0/STM32CubeIDE/plugins/com.st.stm32cube.ide.mcu.externaltools.gnu-tools-for-stm32.13.3.rel1.win32_1.0.100.202509120712/tools/bin/../lib/gcc/arm-none-eabi/13.3.1/thumb/v6-m/nofp/crtend.o
LOAD C:/ST/STM32CubeIDE_2.0.0/STM32CubeIDE/plugins/com.st.stm32cube.ide.mcu.externaltools.gnu-tools-for-stm32.13.3.rel1.win32_1.0.100.202509120712/tools/bin/../lib/gcc/arm-none-eabi/13.3.1/thumb/v6-m/nofp/crtn.o
                0x20002000                        _estack = (ORIGIN (RAM) + LENGTH (RAM))
                0x00000200                        _Min_Heap_Size = 0x200
                0x00000400                        _Min_Stack_Size = 0x400

.isr_vector     0x08000000       0xc0
                0x08000000                        . = ALIGN (0x4)
 *(.isr_vector)
 .isr_vector    0x08000000       0xc0 ./Core/Startup/startup_stm32l053r8tx.o
                0x08000000                g_pfnVectors
                0x080000c0                        . = ALIGN (0x4)

.text           0x080000c0     0xb8c8
                0x080000c0                        . = ALIGN (0x4)
 *(.text)
 .text          0x080000c0       0x48 C:/ST/STM32CubeIDE_2.0.0/STM32CubeIDE/plugins/com.st.stm32cube.ide.mcu.externaltools.gnu-tools-for-stm32.13.3.rel1.win32_1.0.100.202509120712/tools/bin/../lib/gcc/arm-none-eabi/13.3.1/thumb/v6-m/nofp/crtbegin.o
 .text          0x08000108        0xe C:/ST/STM32CubeIDE_2.0.0/STM32CubeIDE/plugins/com.st.stm32cube.ide.mcu.externaltools.gnu-tools-for-stm32.13.3.rel1.win32_1.0.100.202509120712/tools/bin/../lib/gcc/arm-none-eabi/13.3.1/../../../../arm-none-eabi/lib/thumb/v6-m/nofp\libc_nano.a(libc_a-strlen.o)
                0x08000108                strlen
 *fill*         0x08000116        0x2 
 .text          0x08000118       0x14 C:/ST/STM32CubeIDE_2.0.0/STM32CubeIDE/plugins/com.st.stm32cube.ide.mcu.externaltools.gnu-tools-for-stm32.13.3.rel1.win32_1.0.100.202509120712/tools/bin/../lib/gcc/arm-none-eabi/13.3.1/thumb/v6-m/nofp\libgcc.a(_thumb1_case_shi.o)
                0x08000118                __gnu_thumb1_case_shi
 .text          0x0800012c      0x114 C:/ST/STM32CubeIDE_2.0.0/STM32CubeIDE/plugins/com.st.stm32cube.ide.mcu.externaltools.gnu-tools-for-stm32.13.3.rel1.win32_1.0.100.202509120712/tools/bin/../lib/gcc/arm-none-eabi/13.3.1/thumb/v6-m/nofp\libgcc.a(_udivsi3.o)
                0x0800012c                __aeabi_uidiv
                0x0800012c                __udivsi3
                0x08000238                __aeabi_uidivmod
 .text          0x08000240        0x4 C:/ST/STM32CubeIDE_2.0.0/STM32CubeIDE/plugins/com.st.stm32cube.ide.mcu.externaltools.gnu-tools-for-stm32.13.3.rel1.win32_1.0.100.202509120712/tools/bin/../lib/gcc/arm-none-eabi/13.3.1/thumb/v6-m/nofp\libgcc.a(_dvmd_tls.o)
                0x08000240                __aeabi_idiv0
                0x08000240                __aeabi_ldiv0
 .text          0x08000244       0x40 C:/ST/STM32CubeIDE_2.0.0/STM32CubeIDE/plugins/com.st.stm32cube.ide.mcu.externaltools.gnu-tools-for-stm32.13.3.rel1.win32_1.0.100.202509120712/tools/bin/../lib/gcc/arm-none-eabi/13.3.1/thumb/v6-m/nofp\libgcc.a(_aeabi_uldivmod.o)
                0x08000244                __aeabi_uldivmod
 .text          0x08000284      0x198 C:/ST/STM32CubeIDE_2.0.0/STM32CubeIDE/plugins/com.st.stm32cube.ide.mcu.externaltools.gnu-tools-for-stm32.13.3.rel1.win32_1.0.100.202509120712/tools/bin/../lib/gcc/arm-none-eabi/13.3.1/thumb/v6-m/nofp\libgcc.a(_udivmoddi4.o)
                0x08000284                __udivmoddi4
 .text          0x0800041c       0x18 C:/ST/STM32CubeIDE_2.0.0/STM32CubeIDE/plugins/com.st.stm32cube.ide.mcu.externaltools.gnu-tools-for-stm32.13.3.rel1.win32_1.0.100.202509120712/tools/bin/../lib/gcc/arm-none-eabi/13.3.1/thumb/v6-m/nofp\libgcc.a(_clzdi2.o)
                0x0800041c                __clzdi2
 .text          0x08000434       0x3c C:/ST/STM32CubeIDE_2.0.0/STM32CubeIDE/plugins/com.st.stm32cube.ide.mcu.externaltools.gnu-tools-for-stm32.13.3.rel1.win32_1.0.100.202509120712/tools/bin/../lib/gcc/arm-none-eabi/13.3.1/thumb/v6-m/nofp\libgcc.a(_clzsi2.o)
                0x08000434                __clzsi2
 *(.text*)
 .text.MX_GPIO_Init
                0x08000470      0x14c ./Core/Src/gpio.o
                0x08000470                MX_GPIO_Init
 .text.uart2_print
                0x080005bc       0x2c ./Core/Src/main.o
 .text.main     0x080005e8      0x1f4 ./Core/Src/main.o
                0x080005e8                main
 .text.SystemClock_Config
                0x080007dc       0xd8 ./Core/Src/main.o
                0x080007dc                SystemClock_Config
 .text.HAL_GPIO_EXTI_Callback
                0x080008b4       0x48 ./Core/Src/main.o
                0x080008b4                HAL_GPIO_EXTI_Callback
 .text.Error_Handler
                0x080008fc        0xc ./Core/Src/main.o
                0x080008fc                Error_Handler
 .text.platformTimerCreate
                0x08000908       0x20 ./Core/Src/rfal_platform.o
                0x08000908                platformTimerCreate
 .text.platformTimerDestroy
                0x08000928       0x10 ./Core/Src/rfal_platform.o
                0x08000928                platformTimerDestroy
 .text.platformTimerIsExpired
                0x08000938       0x20 ./Core/Src/rfal_platform.o
                0x08000938                platformTimerIsExpired
 .text.platformSpiSelect
                0x08000958       0x1c ./Core/Src/rfal_platform.o
                0x08000958                platformSpiSelect
 .text.platformSpiDeselect
                0x08000974       0x1c ./Core/Src/rfal_platform.o
                0x08000974                platformSpiDeselect
 .text.platformSpiTxRx
                0x08000990       0x80 ./Core/Src/rfal_platform.o
                0x08000990                platformSpiTxRx
 .text.platformResetST25R
                0x08000a10       0x48 ./Core/Src/rfal_platform.o
                0x08000a10                platformResetST25R
 .text.platformIrqST25RPinInitialize
                0x08000a58        0xa ./Core/Src/rfal_platform.o
                0x08000a58                platformIrqST25RPinInitialize
 *fill*         0x08000a62        0x2 
 .text.platformIrqST25RSetCallback
                0x08000a64       0x1c ./Core/Src/rfal_platform.o
                0x08000a64                platformIrqST25RSetCallback
 .text.platformIrqST25RCallCallback
                0x08000a80       0x1c ./Core/Src/rfal_platform.o
                0x08000a80                platformIrqST25RCallCallback
 .text.platformLedsInitialize
                0x08000a9c        0xa ./Core/Src/rfal_platform.o
                0x08000a9c                platformLedsInitialize
 .text.platformErrorHandle
                0x08000aa6        0xe ./Core/Src/rfal_platform.o
                0x08000aa6                platformErrorHandle
 .text.platformTimerGetRemaining
                0x08000ab4       0x2c ./Core/Src/rfal_platform.o
                0x08000ab4                platformTimerGetRemaining
 .text.platformDelay
                0x08000ae0       0x18 ./Core/Src/rfal_platform.o
                0x08000ae0                platformDelay
 .text.MX_SPI1_Init
                0x08000af8       0x70 ./Core/Src/spi.o
                0x08000af8                MX_SPI1_Init
 .text.HAL_SPI_MspInit
                0x08000b68       0x88 ./Core/Src/spi.o
                0x08000b68                HAL_SPI_MspInit
 .text.HAL_MspInit
                0x08000bf0       0x28 ./Core/Src/stm32l0xx_hal_msp.o
                0x08000bf0                HAL_MspInit
 .text.NMI_Handler
                0x08000c18        0x8 ./Core/Src/stm32l0xx_it.o
                0x08000c18                NMI_Handler
 .text.HardFault_Handler
                0x08000c20        0x8 ./Core/Src/stm32l0xx_it.o
                0x08000c20                HardFault_Handler
 .text.SVC_Handler
                0x08000c28        0xa ./Core/Src/stm32l0xx_it.o
                0x08000c28                SVC_Handler
 .text.PendSV_Handler
                0x08000c32        0xa ./Core/Src/stm32l0xx_it.o
                0x08000c32                PendSV_Handler
 .text.SysTick_Handler
                0x08000c3c        0xe ./Core/Src/stm32l0xx_it.o
                0x08000c3c                SysTick_Handler
 .text.EXTI0_1_IRQHandler
                0x08000c4a       0x16 ./Core/Src/stm32l0xx_it.o
                0x08000c4a                EXTI0_1_IRQHandler
 .text._sbrk    0x08000c60       0x6c ./Core/Src/sysmem.o
                0x08000c60                _sbrk
 .text.SystemInit
                0x08000ccc        0xa ./Core/Src/system_stm32l0xx.o
                0x08000ccc                SystemInit
 *fill*         0x08000cd6        0x2 
 .text.MX_USART2_UART_Init
                0x08000cd8       0x60 ./Core/Src/usart.o
                0x08000cd8                MX_USART2_UART_Init
 .text.HAL_UART_MspInit
                0x08000d38       0x88 ./Core/Src/usart.o
                0x08000d38                HAL_UART_MspInit
 .text.Reset_Handler
                0x08000dc0       0x50 ./Core/Startup/startup_stm32l053r8tx.o
                0x08000dc0                Reset_Handler
 .text.Default_Handler
                0x08000e10        0x2 ./Core/Startup/startup_stm32l053r8tx.o
                0x08000e10                TSC_IRQHandler
                0x08000e10                ADC1_COMP_IRQHandler
                0x08000e10                PVD_IRQHandler
                0x08000e10                I2C1_IRQHandler
                0x08000e10                RCC_CRS_IRQHandler
                0x08000e10                SPI1_IRQHandler
                0x08000e10                TIM6_DAC_IRQHandler
                0x08000e10                EXTI2_3_IRQHandler
                0x08000e10                I2C2_IRQHandler
                0x08000e10                RTC_IRQHandler
                0x08000e10                LCD_IRQHandler
                0x08000e10                DMA1_Channel4_5_6_7_IRQHandler
                0x08000e10                EXTI4_15_IRQHandler
                0x08000e10                DMA1_Channel1_IRQHandler
                0x08000e10                Default_Handler
                0x08000e10                TIM22_IRQHandler
                0x08000e10                USB_IRQHandler
                0x08000e10                SPI2_IRQHandler
                0x08000e10                TIM21_IRQHandler
                0x08000e10                WWDG_IRQHandler
                0x08000e10                TIM2_IRQHandler
                0x08000e10                DMA1_Channel2_3_IRQHandler
                0x08000e10                USART2_IRQHandler
                0x08000e10                FLASH_IRQHandler
                0x08000e10                USART1_IRQHandler
                0x08000e10                RNG_LPUART1_IRQHandler
                0x08000e10                LPTIM1_IRQHandler
 *fill*         0x08000e12        0x2 
 .text.platformEnterCritical
                0x08000e14       0x3c ./Drivers/BSP/Components/st25r500/rfal_rfst25r500.o
 .text.platformExitCritical
                0x08000e50       0x38 ./Drivers/BSP/Components/st25r500/rfal_rfst25r500.o
 .text.rfalInitialize
                0x08000e88       0xd0 ./Drivers/BSP/Components/st25r500/rfal_rfst25r500.o
                0x08000e88                rfalInitialize
 .text.rfalCalibrate
                0x08000f58       0x20 ./Drivers/BSP/Components/st25r500/rfal_rfst25r500.o
                0x08000f58                rfalCalibrate
 .text.rfalAdjustRegulators
                0x08000f78       0x44 ./Drivers/BSP/Components/st25r500/rfal_rfst25r500.o
                0x08000f78                rfalAdjustRegulators
 .text.rfalSetMode
                0x08000fbc      0x1d4 ./Drivers/BSP/Components/st25r500/rfal_rfst25r500.o
                0x08000fbc                rfalSetMode
 .text.rfalSetBitRate
                0x08001190      0x480 ./Drivers/BSP/Components/st25r500/rfal_rfst25r500.o
                0x08001190                rfalSetBitRate
 .text.rfalSetErrorHandling
                0x08001610       0x44 ./Drivers/BSP/Components/st25r500/rfal_rfst25r500.o
                0x08001610                rfalSetErrorHandling
 .text.rfalSetFDTPoll
                0x08001654       0x28 ./Drivers/BSP/Components/st25r500/rfal_rfst25r500.o
                0x08001654                rfalSetFDTPoll
 .text.rfalSetFDTListen
                0x0800167c       0x28 ./Drivers/BSP/Components/st25r500/rfal_rfst25r500.o
                0x0800167c                rfalSetFDTListen
 .text.rfalSetGT
                0x080016a4       0x28 ./Drivers/BSP/Components/st25r500/rfal_rfst25r500.o
                0x080016a4                rfalSetGT
 .text.rfalIsGTExpired
                0x080016cc       0x34 ./Drivers/BSP/Components/st25r500/rfal_rfst25r500.o
                0x080016cc                rfalIsGTExpired
 .text.rfalFieldOnAndStartGT
                0x08001700       0xe4 ./Drivers/BSP/Components/st25r500/rfal_rfst25r500.o
                0x08001700                rfalFieldOnAndStartGT
 .text.rfalFieldOff
                0x080017e4       0x38 ./Drivers/BSP/Components/st25r500/rfal_rfst25r500.o
                0x080017e4                rfalFieldOff
 .text.rfalStartTransceive
                0x0800181c      0x1dc ./Drivers/BSP/Components/st25r500/rfal_rfst25r500.o
                0x0800181c                rfalStartTransceive
 .text.rfalIsTransceiveInTx
                0x080019f8       0x2c ./Drivers/BSP/Components/st25r500/rfal_rfst25r500.o
                0x080019f8                rfalIsTransceiveInTx
 .text.rfalIsTransceiveInRx
                0x08001a24       0x1c ./Drivers/BSP/Components/st25r500/rfal_rfst25r500.o
                0x08001a24                rfalIsTransceiveInRx
 .text.rfalTransceiveBlockingTx
                0x08001a40       0x82 ./Drivers/BSP/Components/st25r500/rfal_rfst25r500.o
                0x08001a40                rfalTransceiveBlockingTx
 .text.rfalTransceiveRunBlockingTx
                0x08001ac2       0x3c ./Drivers/BSP/Components/st25r500/rfal_rfst25r500.o
 .text.rfalTransceiveBlockingRx
                0x08001afe       0x30 ./Drivers/BSP/Components/st25r500/rfal_rfst25r500.o
                0x08001afe                rfalTransceiveBlockingRx
 .text.rfalTransceiveBlockingTxRx
                0x08001b2e       0x82 ./Drivers/BSP/Components/st25r500/rfal_rfst25r500.o
                0x08001b2e                rfalTransceiveBlockingTxRx
 .text.rfalRunTransceiveWorker
                0x08001bb0       0x64 ./Drivers/BSP/Components/st25r500/rfal_rfst25r500.o
 .text.rfalGetTransceiveStatus
                0x08001c14       0x20 ./Drivers/BSP/Components/st25r500/rfal_rfst25r500.o
                0x08001c14                rfalGetTransceiveStatus
 .text.rfalWorker
                0x08001c34       0x28 ./Drivers/BSP/Components/st25r500/rfal_rfst25r500.o
                0x08001c34                rfalWorker
 .text.rfalErrorHandling
                0x08001c5c       0x78 ./Drivers/BSP/Components/st25r500/rfal_rfst25r500.o
 .text.rfalCleanupTransceive
                0x08001cd4       0x58 ./Drivers/BSP/Components/st25r500/rfal_rfst25r500.o
 .text.rfalPrepareTransceive
                0x08001d2c      0x1f4 ./Drivers/BSP/Components/st25r500/rfal_rfst25r500.o
 .text.rfalTransceiveTx
                0x08001f20      0x2e0 ./Drivers/BSP/Components/st25r500/rfal_rfst25r500.o
 .text.rfalTransceiveRx
                0x08002200      0x4fc ./Drivers/BSP/Components/st25r500/rfal_rfst25r500.o
 .text.rfalDpoReqAdjust
                0x080026fc        0xa ./Drivers/BSP/Components/st25r500/rfal_rfst25r500.o
 .text.rfalWaitRxOn
                0x08002706       0x3c ./Drivers/BSP/Components/st25r500/rfal_rfst25r500.o
 *fill*         0x08002742        0x2 
 .text.rfalFIFOStatusUpdate
                0x08002744       0x28 ./Drivers/BSP/Components/st25r500/rfal_rfst25r500.o
 .text.rfalFIFOStatusClear
                0x0800276c       0x18 ./Drivers/BSP/Components/st25r500/rfal_rfst25r500.o
 .text.rfalFIFOStatusGetNumBytes
                0x08002784       0x44 ./Drivers/BSP/Components/st25r500/rfal_rfst25r500.o
 .text.rfalFIFOStatusIsIncompleteByte
                0x080027c8       0x24 ./Drivers/BSP/Components/st25r500/rfal_rfst25r500.o
 .text.rfalFIFOStatusIsMissingPar
                0x080027ec       0x24 ./Drivers/BSP/Components/st25r500/rfal_rfst25r500.o
 .text.rfalFIFOGetNumIncompleteBits
                0x08002810       0x24 ./Drivers/BSP/Components/st25r500/rfal_rfst25r500.o
 .text.rfalISO14443ATransceiveShortFrame
                0x08002834      0x104 ./Drivers/BSP/Components/st25r500/rfal_rfst25r500.o
                0x08002834                rfalISO14443ATransceiveShortFrame
 .text.rfalISO14443AStartTransceiveAnticollisionFrame
                0x08002938      0x158 ./Drivers/BSP/Components/st25r500/rfal_rfst25r500.o
                0x08002938                rfalISO14443AStartTransceiveAnticollisionFrame
 .text.rfalISO14443AGetTransceiveAnticollisionFrameStatus
                0x08002a90      0x178 ./Drivers/BSP/Components/st25r500/rfal_rfst25r500.o
                0x08002a90                rfalISO14443AGetTransceiveAnticollisionFrameStatus
 .text.rfalISO15693TransceiveAnticollisionFrame
                0x08002c08      0x18c ./Drivers/BSP/Components/st25r500/rfal_rfst25r500.o
                0x08002c08                rfalISO15693TransceiveAnticollisionFrame
 .text.rfalISO15693TransceiveEOFAnticollision
                0x08002d94       0x52 ./Drivers/BSP/Components/st25r500/rfal_rfst25r500.o
                0x08002d94                rfalISO15693TransceiveEOFAnticollision
 *fill*         0x08002de6        0x2 
 .text.rfalISO15693TransceiveEOF
                0x08002de8      0x19c ./Drivers/BSP/Components/st25r500/rfal_rfst25r500.o
                0x08002de8                rfalISO15693TransceiveEOF
 .text.rfalStartFeliCaPoll
                0x08002f84      0x140 ./Drivers/BSP/Components/st25r500/rfal_rfst25r500.o
                0x08002f84                rfalStartFeliCaPoll
 .text.rfalGetFeliCaPollStatus
                0x080030c4      0x174 ./Drivers/BSP/Components/st25r500/rfal_rfst25r500.o
                0x080030c4                rfalGetFeliCaPollStatus
 .text.rfalChipChangeRegBits
                0x08003238       0x5a ./Drivers/BSP/Components/st25r500/rfal_rfst25r500.o
                0x08003238                rfalChipChangeRegBits
 .text.rfalChipChangeTestRegBits
                0x08003292       0x3c ./Drivers/BSP/Components/st25r500/rfal_rfst25r500.o
                0x08003292                rfalChipChangeTestRegBits
 .text.st25r500ExecuteCommandAndGetResult
                0x080032ce       0x78 ./Drivers/BSP/Components/st25r500/st25r500.o
                0x080032ce                st25r500ExecuteCommandAndGetResult
 *fill*         0x08003346        0x2 
 .text.st25r500Initialize
                0x08003348       0x84 ./Drivers/BSP/Components/st25r500/st25r500.o
                0x08003348                st25r500Initialize
 .text.st25r500OscOn
                0x080033cc       0x72 ./Drivers/BSP/Components/st25r500/st25r500.o
                0x080033cc                st25r500OscOn
 .text.st25r500AdjustRegulators
                0x0800343e       0x7a ./Drivers/BSP/Components/st25r500/st25r500.o
                0x0800343e                st25r500AdjustRegulators
 .text.st25r500SetBitrate
                0x080034b8       0xb4 ./Drivers/BSP/Components/st25r500/st25r500.o
                0x080034b8                st25r500SetBitrate
 .text.st25r500PerformCollisionAvoidance
                0x0800356c      0x114 ./Drivers/BSP/Components/st25r500/st25r500.o
                0x0800356c                st25r500PerformCollisionAvoidance
 .text.st25r500SetNumTxBits
                0x08003680       0x34 ./Drivers/BSP/Components/st25r500/st25r500.o
                0x08003680                st25r500SetNumTxBits
 .text.st25r500SetMRT
                0x080036b4       0xc8 ./Drivers/BSP/Components/st25r500/st25r500.o
                0x080036b4                st25r500SetMRT
 .text.st25r500SetNoResponseTime
                0x0800377c       0x98 ./Drivers/BSP/Components/st25r500/st25r500.o
                0x0800377c                st25r500SetNoResponseTime
 .text.st25r500SetGPTime
                0x08003814       0x34 ./Drivers/BSP/Components/st25r500/st25r500.o
                0x08003814                st25r500SetGPTime
 .text.st25r500SetStartGPTimer
                0x08003848       0x42 ./Drivers/BSP/Components/st25r500/st25r500.o
                0x08003848                st25r500SetStartGPTimer
 .text.st25r500CheckChipID
                0x0800388a       0x4e ./Drivers/BSP/Components/st25r500/st25r500.o
                0x0800388a                st25r500CheckChipID
 .text.platformEnterCritical
                0x080038d8       0x3c ./Drivers/BSP/Components/st25r500/st25r500_com.o
 .text.platformExitCritical
                0x08003914       0x38 ./Drivers/BSP/Components/st25r500/st25r500_com.o
 .text.st25r500comStart
                0x0800394c       0x12 ./Drivers/BSP/Components/st25r500/st25r500_com.o
 .text.st25r500comStop
                0x0800395e       0x12 ./Drivers/BSP/Components/st25r500/st25r500_com.o
 .text.st25r500comTx
                0x08003970       0x3e ./Drivers/BSP/Components/st25r500/st25r500_com.o
 .text.st25r500comRx
                0x080039ae       0x7c ./Drivers/BSP/Components/st25r500/st25r500_com.o
 .text.st25r500comTxByte
                0x08003a2a       0x42 ./Drivers/BSP/Components/st25r500/st25r500_com.o
 .text.st25r500ReadRegister
                0x08003a6c       0x26 ./Drivers/BSP/Components/st25r500/st25r500_com.o
                0x08003a6c                st25r500ReadRegister
 .text.st25r500ReadMultipleRegisters
                0x08003a92       0x54 ./Drivers/BSP/Components/st25r500/st25r500_com.o
                0x08003a92                st25r500ReadMultipleRegisters
 .text.st25r500WriteRegister
                0x08003ae6       0x34 ./Drivers/BSP/Components/st25r500/st25r500_com.o
                0x08003ae6                st25r500WriteRegister
 .text.st25r500WriteMultipleRegisters
                0x08003b1a       0x5e ./Drivers/BSP/Components/st25r500/st25r500_com.o
                0x08003b1a                st25r500WriteMultipleRegisters
 .text.st25r500WriteFifo
                0x08003b78       0x36 ./Drivers/BSP/Components/st25r500/st25r500_com.o
                0x08003b78                st25r500WriteFifo
 .text.st25r500ReadFifo
                0x08003bae       0x3e ./Drivers/BSP/Components/st25r500/st25r500_com.o
                0x08003bae                st25r500ReadFifo
 .text.st25r500ExecuteCommand
                0x08003bec       0x36 ./Drivers/BSP/Components/st25r500/st25r500_com.o
                0x08003bec                st25r500ExecuteCommand
 .text.st25r500ReadTestRegister
                0x08003c22       0x4a ./Drivers/BSP/Components/st25r500/st25r500_com.o
                0x08003c22                st25r500ReadTestRegister
 .text.st25r500WriteTestRegister
                0x08003c6c       0x52 ./Drivers/BSP/Components/st25r500/st25r500_com.o
                0x08003c6c                st25r500WriteTestRegister
 .text.st25r500WriteMultipleTestRegister
                0x08003cbe       0x50 ./Drivers/BSP/Components/st25r500/st25r500_com.o
                0x08003cbe                st25r500WriteMultipleTestRegister
 .text.st25r500ClrRegisterBits
                0x08003d0e       0x8a ./Drivers/BSP/Components/st25r500/st25r500_com.o
                0x08003d0e                st25r500ClrRegisterBits
 .text.st25r500SetRegisterBits
                0x08003d98       0x76 ./Drivers/BSP/Components/st25r500/st25r500_com.o
                0x08003d98                st25r500SetRegisterBits
 .text.st25r500ChangeRegisterBits
                0x08003e0e       0x42 ./Drivers/BSP/Components/st25r500/st25r500_com.o
                0x08003e0e                st25r500ChangeRegisterBits
 .text.st25r500ModifyRegister
                0x08003e50       0x9a ./Drivers/BSP/Components/st25r500/st25r500_com.o
                0x08003e50                st25r500ModifyRegister
 .text.st25r500ChangeTestRegisterBits
                0x08003eea       0xa2 ./Drivers/BSP/Components/st25r500/st25r500_com.o
                0x08003eea                st25r500ChangeTestRegisterBits
 .text.st25r500CheckReg
                0x08003f8c       0x54 ./Drivers/BSP/Components/st25r500/st25r500_com.o
                0x08003f8c                st25r500CheckReg
 .text.st25r500IsRegValid
                0x08003fe0       0x22 ./Drivers/BSP/Components/st25r500/st25r500_com.o
                0x08003fe0                st25r500IsRegValid
 .text.st25r500ledInit
                0x08004002        0xe ./Drivers/BSP/Components/st25r500/st25r500_com.o
                0x08004002                st25r500ledInit
 .text.st25r500ledEvtIrq
                0x08004010       0x10 ./Drivers/BSP/Components/st25r500/st25r500_com.o
                0x08004010                st25r500ledEvtIrq
 .text.st25r500ledEvtWrReg
                0x08004020       0x1a ./Drivers/BSP/Components/st25r500/st25r500_com.o
                0x08004020                st25r500ledEvtWrReg
 .text.st25r500ledEvtWrMultiReg
                0x0800403a       0x62 ./Drivers/BSP/Components/st25r500/st25r500_com.o
                0x0800403a                st25r500ledEvtWrMultiReg
 .text.st25r500ledEvtCmd
                0x0800409c       0x14 ./Drivers/BSP/Components/st25r500/st25r500_com.o
                0x0800409c                st25r500ledEvtCmd
 .text.platformEnterCritical
                0x080040b0       0x3c ./Drivers/BSP/Components/st25r500/st25r500_irq.o
 .text.platformExitCritical
                0x080040ec       0x38 ./Drivers/BSP/Components/st25r500/st25r500_irq.o
 .text.st25r500InitInterrupts
                0x08004124       0x38 ./Drivers/BSP/Components/st25r500/st25r500_irq.o
                0x08004124                st25r500InitInterrupts
 .text.st25r500Isr
                0x0800415c       0x20 ./Drivers/BSP/Components/st25r500/st25r500_irq.o
                0x0800415c                st25r500Isr
 .text.st25r500CheckForReceivedInterrupts
                0x0800417c       0x84 ./Drivers/BSP/Components/st25r500/st25r500_irq.o
                0x0800417c                st25r500CheckForReceivedInterrupts
 .text.st25r500ModifyInterrupts
                0x08004200       0xa0 ./Drivers/BSP/Components/st25r500/st25r500_irq.o
                0x08004200                st25r500ModifyInterrupts
 .text.st25r500WaitForInterruptsTimed
                0x080042a0       0x80 ./Drivers/BSP/Components/st25r500/st25r500_irq.o
                0x080042a0                st25r500WaitForInterruptsTimed
 .text.st25r500GetInterrupt
                0x08004320       0x3c ./Drivers/BSP/Components/st25r500/st25r500_irq.o
                0x08004320                st25r500GetInterrupt
 .text.st25r500ClearAndEnableInterrupts
                0x0800435c       0x20 ./Drivers/BSP/Components/st25r500/st25r500_irq.o
                0x0800435c                st25r500ClearAndEnableInterrupts
 .text.st25r500EnableInterrupts
                0x0800437c       0x1a ./Drivers/BSP/Components/st25r500/st25r500_irq.o
                0x0800437c                st25r500EnableInterrupts
 .text.st25r500DisableInterrupts
                0x08004396       0x1a ./Drivers/BSP/Components/st25r500/st25r500_irq.o
                0x08004396                st25r500DisableInterrupts
 .text.st25r500ClearInterrupts
                0x080043b0       0x2c ./Drivers/BSP/Components/st25r500/st25r500_irq.o
                0x080043b0                st25r500ClearInterrupts
 .text.HAL_Init
                0x080043dc       0x40 ./Drivers/STM32L0xx_HAL_Driver/Src/stm32l0xx_hal.o
                0x080043dc                HAL_Init
 .text.HAL_InitTick
                0x0800441c       0x68 ./Drivers/STM32L0xx_HAL_Driver/Src/stm32l0xx_hal.o
                0x0800441c                HAL_InitTick
 .text.HAL_IncTick
                0x08004484       0x24 ./Drivers/STM32L0xx_HAL_Driver/Src/stm32l0xx_hal.o
                0x08004484                HAL_IncTick
 .text.HAL_GetTick
                0x080044a8       0x14 ./Drivers/STM32L0xx_HAL_Driver/Src/stm32l0xx_hal.o
                0x080044a8                HAL_GetTick
 .text.HAL_Delay
                0x080044bc       0x48 ./Drivers/STM32L0xx_HAL_Driver/Src/stm32l0xx_hal.o
                0x080044bc                HAL_Delay
 .text.__NVIC_EnableIRQ
                0x08004504       0x34 ./Drivers/STM32L0xx_HAL_Driver/Src/stm32l0xx_hal_cortex.o
 .text.__NVIC_SetPriority
                0x08004538       0xdc ./Drivers/STM32L0xx_HAL_Driver/Src/stm32l0xx_hal_cortex.o
 .text.SysTick_Config
                0x08004614       0x48 ./Drivers/STM32L0xx_HAL_Driver/Src/stm32l0xx_hal_cortex.o
 .text.HAL_NVIC_SetPriority
                0x0800465c       0x2a ./Drivers/STM32L0xx_HAL_Driver/Src/stm32l0xx_hal_cortex.o
                0x0800465c                HAL_NVIC_SetPriority
 .text.HAL_NVIC_EnableIRQ
                0x08004686       0x20 ./Drivers/STM32L0xx_HAL_Driver/Src/stm32l0xx_hal_cortex.o
                0x08004686                HAL_NVIC_EnableIRQ
 .text.HAL_SYSTICK_Config
                0x080046a6       0x1a ./Drivers/STM32L0xx_HAL_Driver/Src/stm32l0xx_hal_cortex.o
                0x080046a6                HAL_SYSTICK_Config
 .text.HAL_GPIO_Init
                0x080046c0      0x2ec ./Drivers/STM32L0xx_HAL_Driver/Src/stm32l0xx_hal_gpio.o
                0x080046c0                HAL_GPIO_Init
 .text.HAL_GPIO_ReadPin
                0x080049ac       0x3a ./Drivers/STM32L0xx_HAL_Driver/Src/stm32l0xx_hal_gpio.o
                0x080049ac                HAL_GPIO_ReadPin
 .text.HAL_GPIO_WritePin
                0x080049e6       0x3a ./Drivers/STM32L0xx_HAL_Driver/Src/stm32l0xx_hal_gpio.o
                0x080049e6                HAL_GPIO_WritePin
 .text.HAL_GPIO_EXTI_IRQHandler
                0x08004a20       0x38 ./Drivers/STM32L0xx_HAL_Driver/Src/stm32l0xx_hal_gpio.o
                0x08004a20                HAL_GPIO_EXTI_IRQHandler
 .text.HAL_RCC_OscConfig
                0x08004a58      0x788 ./Drivers/STM32L0xx_HAL_Driver/Src/stm32l0xx_hal_rcc.o
                0x08004a58                HAL_RCC_OscConfig
 .text.HAL_RCC_ClockConfig
                0x080051e0      0x290 ./Drivers/STM32L0xx_HAL_Driver/Src/stm32l0xx_hal_rcc.o
                0x080051e0                HAL_RCC_ClockConfig
 .text.HAL_RCC_GetSysClockFreq
                0x08005470      0x10c ./Drivers/STM32L0xx_HAL_Driver/Src/stm32l0xx_hal_rcc.o
                0x08005470                HAL_RCC_GetSysClockFreq
 .text.HAL_RCC_GetHCLKFreq
                0x0800557c       0x14 ./Drivers/STM32L0xx_HAL_Driver/Src/stm32l0xx_hal_rcc.o
                0x0800557c                HAL_RCC_GetHCLKFreq
 .text.HAL_RCC_GetPCLK1Freq
                0x08005590       0x2c ./Drivers/STM32L0xx_HAL_Driver/Src/stm32l0xx_hal_rcc.o
                0x08005590                HAL_RCC_GetPCLK1Freq
 .text.HAL_RCC_GetPCLK2Freq
                0x080055bc       0x2c ./Drivers/STM32L0xx_HAL_Driver/Src/stm32l0xx_hal_rcc.o
                0x080055bc                HAL_RCC_GetPCLK2Freq
 .text.HAL_RCCEx_PeriphCLKConfig
                0x080055e8      0x31c ./Drivers/STM32L0xx_HAL_Driver/Src/stm32l0xx_hal_rcc_ex.o
                0x080055e8                HAL_RCCEx_PeriphCLKConfig
 .text.HAL_SPI_Init
                0x08005904      0x128 ./Drivers/STM32L0xx_HAL_Driver/Src/stm32l0xx_hal_spi.o
                0x08005904                HAL_SPI_Init
 .text.HAL_SPI_Transmit
                0x08005a2c      0x2a0 ./Drivers/STM32L0xx_HAL_Driver/Src/stm32l0xx_hal_spi.o
                0x08005a2c                HAL_SPI_Transmit
 .text.HAL_SPI_Receive
                0x08005ccc      0x244 ./Drivers/STM32L0xx_HAL_Driver/Src/stm32l0xx_hal_spi.o
                0x08005ccc                HAL_SPI_Receive
 .text.HAL_SPI_TransmitReceive
                0x08005f10      0x37e ./Drivers/STM32L0xx_HAL_Driver/Src/stm32l0xx_hal_spi.o
                0x08005f10                HAL_SPI_TransmitReceive
 *fill*         0x0800628e        0x2 
 .text.SPI_WaitFlagStateUntilTimeout
                0x08006290      0x11c ./Drivers/STM32L0xx_HAL_Driver/Src/stm32l0xx_hal_spi.o
 .text.SPI_EndRxTransaction
                0x080063ac       0xd4 ./Drivers/STM32L0xx_HAL_Driver/Src/stm32l0xx_hal_spi.o
 .text.SPI_EndRxTxTransaction
                0x08006480       0xb4 ./Drivers/STM32L0xx_HAL_Driver/Src/stm32l0xx_hal_spi.o
 .text.HAL_UART_Init
                0x08006534       0xa8 ./Drivers/STM32L0xx_HAL_Driver/Src/stm32l0xx_hal_uart.o
                0x08006534                HAL_UART_Init
 .text.HAL_UART_Transmit
                0x080065dc      0x13e ./Drivers/STM32L0xx_HAL_Driver/Src/stm32l0xx_hal_uart.o
                0x080065dc                HAL_UART_Transmit
 *fill*         0x0800671a        0x2 
 .text.UART_SetConfig
                0x0800671c      0x508 ./Drivers/STM32L0xx_HAL_Driver/Src/stm32l0xx_hal_uart.o
                0x0800671c                UART_SetConfig
 .text.UART_AdvFeatureConfig
                0x08006c24      0x168 ./Drivers/STM32L0xx_HAL_Driver/Src/stm32l0xx_hal_uart.o
                0x08006c24                UART_AdvFeatureConfig
 .text.UART_CheckIdleState
                0x08006d8c      0x150 ./Drivers/STM32L0xx_HAL_Driver/Src/stm32l0xx_hal_uart.o
                0x08006d8c                UART_CheckIdleState
 .text.UART_WaitOnFlagUntilTimeout
                0x08006edc       0xde ./Drivers/STM32L0xx_HAL_Driver/Src/stm32l0xx_hal_uart.o
                0x08006edc                UART_WaitOnFlagUntilTimeout
 *fill*         0x08006fba        0x2 
 .text.UART_EndRxTransfer
                0x08006fbc       0xc8 ./Drivers/STM32L0xx_HAL_Driver/Src/stm32l0xx_hal_uart.o
 .text.rfalAnalogConfigInitialize
                0x08007084       0x28 ./ThirdParty/rfal/Src/rfal_analogConfig.o
                0x08007084                rfalAnalogConfigInitialize
 .text.rfalSetAnalogConfig
                0x080070ac      0x1ac ./ThirdParty/rfal/Src/rfal_analogConfig.o
                0x080070ac                rfalSetAnalogConfig
 .text.rfalAnalogConfigSearch
                0x08007258      0x114 ./ThirdParty/rfal/Src/rfal_analogConfig.o
 .text.rfalNfcInitialize
                0x0800736c       0x4c ./ThirdParty/rfal/Src/rfal_nfc.o
                0x0800736c                rfalNfcInitialize
 .text.rfalNfcDiscover
                0x080073b8      0x1f4 ./ThirdParty/rfal/Src/rfal_nfc.o
                0x080073b8                rfalNfcDiscover
 .text.rfalNfcDeactivate
                0x080075ac       0xb4 ./ThirdParty/rfal/Src/rfal_nfc.o
                0x080075ac                rfalNfcDeactivate
 .text.rfalNfcGetState
                0x08007660       0x14 ./ThirdParty/rfal/Src/rfal_nfc.o
                0x08007660                rfalNfcGetState
 .text.rfalNfcGetDevicesFound
                0x08007674       0x4c ./ThirdParty/rfal/Src/rfal_nfc.o
                0x08007674                rfalNfcGetDevicesFound
 .text.rfalNfcWorker
                0x080076c0      0x30c ./ThirdParty/rfal/Src/rfal_nfc.o
                0x080076c0                rfalNfcWorker
 .text.rfalNfcDataExchangeGetStatus
                0x080079cc       0xac ./ThirdParty/rfal/Src/rfal_nfc.o
                0x080079cc                rfalNfcDataExchangeGetStatus
 .text.rfalNfcPollTechDetection
                0x08007a78      0x4ec ./ThirdParty/rfal/Src/rfal_nfc.o
 .text.rfalNfcPollCollResolution
                0x08007f64      0x7fc ./ThirdParty/rfal/Src/rfal_nfc.o
 .text.rfalNfcPollActivation
                0x08008760      0x664 ./ThirdParty/rfal/Src/rfal_nfc.o
 .text.rfalNfcDeactivation
                0x08008dc4      0x168 ./ThirdParty/rfal/Src/rfal_nfc.o
 .text.rfalNfcaCalculateBcc
                0x08008f2c       0x5e ./ThirdParty/rfal/Src/rfal_nfca.o
 *fill*         0x08008f8a        0x2 
 .text.rfalNfcaPollerStartSingleCollisionResolution
                0x08008f8c       0xb0 ./ThirdParty/rfal/Src/rfal_nfca.o
 .text.rfalNfcaPollerGetSingleCollisionResolutionStatus
                0x0800903c      0x530 ./ThirdParty/rfal/Src/rfal_nfca.o
 .text.rfalNfcaPollerInitialize
                0x0800956c       0x58 ./ThirdParty/rfal/Src/rfal_nfca.o
                0x0800956c                rfalNfcaPollerInitialize
 .text.rfalNfcaPollerCheckPresence
                0x080095c4       0x78 ./ThirdParty/rfal/Src/rfal_nfca.o
                0x080095c4                rfalNfcaPollerCheckPresence
 .text.rfalNfcaPollerStartTechnologyDetection
                0x0800963c       0x70 ./ThirdParty/rfal/Src/rfal_nfca.o
                0x0800963c                rfalNfcaPollerStartTechnologyDetection
 .text.rfalNfcaPollerGetTechnologyDetectionStatus
                0x080096ac       0x40 ./ThirdParty/rfal/Src/rfal_nfca.o
                0x080096ac                rfalNfcaPollerGetTechnologyDetectionStatus
 .text.rfalNfcaPollerStartFullCollisionResolution
                0x080096ec      0x178 ./ThirdParty/rfal/Src/rfal_nfca.o
                0x080096ec                rfalNfcaPollerStartFullCollisionResolution
 .text.rfalNfcaPollerGetFullCollisionResolutionStatus
                0x08009864      0x204 ./ThirdParty/rfal/Src/rfal_nfca.o
                0x08009864                rfalNfcaPollerGetFullCollisionResolutionStatus
 .text.rfalNfcaPollerStartSelect
                0x08009a68       0x74 ./ThirdParty/rfal/Src/rfal_nfca.o
                0x08009a68                rfalNfcaPollerStartSelect
 .text.rfalNfcaPollerGetSelectStatus
                0x08009adc      0x15c ./ThirdParty/rfal/Src/rfal_nfca.o
                0x08009adc                rfalNfcaPollerGetSelectStatus
 .text.rfalNfcaPollerStartSleep
                0x08009c38       0x60 ./ThirdParty/rfal/Src/rfal_nfca.o
                0x08009c38                rfalNfcaPollerStartSleep
 .text.rfalNfcaPollerGetSleepStatus
                0x08009c98       0x28 ./ThirdParty/rfal/Src/rfal_nfca.o
                0x08009c98                rfalNfcaPollerGetSleepStatus
 .text.rfalNfcbCheckSensbRes
                0x08009cc0       0x44 ./ThirdParty/rfal/Src/rfal_nfcb.o
 .text.rfalNfcbPollerSleepTx
                0x08009d04       0x68 ./ThirdParty/rfal/Src/rfal_nfcb.o
 .text.rfalNfcbPollerInitialize
                0x08009d6c       0x68 ./ThirdParty/rfal/Src/rfal_nfcb.o
                0x08009d6c                rfalNfcbPollerInitialize
 .text.rfalNfcbPollerStartCheckPresence
                0x08009dd4       0xc0 ./ThirdParty/rfal/Src/rfal_nfcb.o
                0x08009dd4                rfalNfcbPollerStartCheckPresence
 .text.rfalNfcbPollerGetCheckPresenceStatus
                0x08009e94       0x78 ./ThirdParty/rfal/Src/rfal_nfcb.o
                0x08009e94                rfalNfcbPollerGetCheckPresenceStatus
 .text.rfalNfcbPollerSleep
                0x08009f0c       0x84 ./ThirdParty/rfal/Src/rfal_nfcb.o
                0x08009f0c                rfalNfcbPollerSleep
 .text.rfalNfcbPollerStartSlotMarker
                0x08009f90       0x88 ./ThirdParty/rfal/Src/rfal_nfcb.o
                0x08009f90                rfalNfcbPollerStartSlotMarker
 .text.rfalNfcbPollerGetSlotMarkerStatus
                0x0800a018       0x70 ./ThirdParty/rfal/Src/rfal_nfcb.o
                0x0800a018                rfalNfcbPollerGetSlotMarkerStatus
 .text.rfalNfcbPollerStartTechnologyDetection
                0x0800a088       0x34 ./ThirdParty/rfal/Src/rfal_nfcb.o
                0x0800a088                rfalNfcbPollerStartTechnologyDetection
 .text.rfalNfcbPollerGetTechnologyDetectionStatus
                0x0800a0bc       0x10 ./ThirdParty/rfal/Src/rfal_nfcb.o
                0x0800a0bc                rfalNfcbPollerGetTechnologyDetectionStatus
 .text.rfalNfcbPollerStartCollisionResolution
                0x0800a0cc       0x44 ./ThirdParty/rfal/Src/rfal_nfcb.o
                0x0800a0cc                rfalNfcbPollerStartCollisionResolution
 .text.rfalNfcbPollerStartSlottedCollisionResolution
                0x0800a110       0xd4 ./ThirdParty/rfal/Src/rfal_nfcb.o
                0x0800a110                rfalNfcbPollerStartSlottedCollisionResolution
 .text.rfalNfcbPollerGetCollisionResolutionStatus
                0x0800a1e4      0x3d4 ./ThirdParty/rfal/Src/rfal_nfcb.o
                0x0800a1e4                rfalNfcbPollerGetCollisionResolutionStatus
 .text.rfalNfcfComputeValidSENF
                0x0800a5b8      0x220 ./ThirdParty/rfal/Src/rfal_nfcf.o
 .text.rfalNfcfPollerInitialize
                0x0800a7d8       0x78 ./ThirdParty/rfal/Src/rfal_nfcf.o
                0x0800a7d8                rfalNfcfPollerInitialize
 .text.rfalNfcfPollerStartCheckPresence
                0x0800a850       0x44 ./ThirdParty/rfal/Src/rfal_nfcf.o
                0x0800a850                rfalNfcfPollerStartCheckPresence
 .text.rfalNfcfPollerGetCheckPresenceStatus
                0x0800a894       0x10 ./ThirdParty/rfal/Src/rfal_nfcf.o
                0x0800a894                rfalNfcfPollerGetCheckPresenceStatus
 .text.rfalNfcfPollerStartCollisionResolution
                0x0800a8a4       0x9c ./ThirdParty/rfal/Src/rfal_nfcf.o
                0x0800a8a4                rfalNfcfPollerStartCollisionResolution
 .text.rfalNfcfPollerGetCollisionResolutionStatus
                0x0800a940      0x138 ./ThirdParty/rfal/Src/rfal_nfcf.o
                0x0800a940                rfalNfcfPollerGetCollisionResolutionStatus
 .text.rfalNfcvPollerInitialize
                0x0800aa78       0x58 ./ThirdParty/rfal/Src/rfal_nfcv.o
                0x0800aa78                rfalNfcvPollerInitialize
 .text.rfalNfcvPollerCheckPresence
                0x0800aad0       0x56 ./ThirdParty/rfal/Src/rfal_nfcv.o
                0x0800aad0                rfalNfcvPollerCheckPresence
 .text.rfalNfcvPollerInventory
                0x0800ab26      0x110 ./ThirdParty/rfal/Src/rfal_nfcv.o
                0x0800ab26                rfalNfcvPollerInventory
 .text.rfalNfcvPollerCollisionResolution
                0x0800ac36      0x3b8 ./ThirdParty/rfal/Src/rfal_nfcv.o
                0x0800ac36                rfalNfcvPollerCollisionResolution
 *fill*         0x0800afee        0x2 
 .text.snprintf
                0x0800aff0       0x6c C:/ST/STM32CubeIDE_2.0.0/STM32CubeIDE/plugins/com.st.stm32cube.ide.mcu.externaltools.gnu-tools-for-stm32.13.3.rel1.win32_1.0.100.202509120712/tools/bin/../lib/gcc/arm-none-eabi/13.3.1/../../../../arm-none-eabi/lib/thumb/v6-m/nofp\libc_nano.a(libc_a-snprintf.o)
                0x0800aff0                sniprintf
                0x0800aff0                snprintf
 .text.memcmp   0x0800b05c       0x1c C:/ST/STM32CubeIDE_2.0.0/STM32CubeIDE/plugins/com.st.stm32cube.ide.mcu.externaltools.gnu-tools-for-stm32.13.3.rel1.win32_1.0.100.202509120712/tools/bin/../lib/gcc/arm-none-eabi/13.3.1/../../../../arm-none-eabi/lib/thumb/v6-m/nofp\libc_nano.a(libc_a-memcmp.o)
                0x0800b05c                memcmp
 .text.memmove  0x0800b078       0x24 C:/ST/STM32CubeIDE_2.0.0/STM32CubeIDE/plugins/com.st.stm32cube.ide.mcu.externaltools.gnu-tools-for-stm32.13.3.rel1.win32_1.0.100.202509120712/tools/bin/../lib/gcc/arm-none-eabi/13.3.1/../../../../arm-none-eabi/lib/thumb/v6-m/nofp\libc_nano.a(libc_a-memmove.o)
                0x0800b078                memmove
 .text.memset   0x0800b09c       0x10 C:/ST/STM32CubeIDE_2.0.0/STM32CubeIDE/plugins/com.st.stm32cube.ide.mcu.externaltools.gnu-tools-for-stm32.13.3.rel1.win32_1.0.100.202509120712/tools/bin/../lib/gcc/arm-none-eabi/13.3.1/../../../../arm-none-eabi/lib/thumb/v6-m/nofp\libc_nano.a(libc_a-memset.o)
                0x0800b09c                memset
 .text.__errno  0x0800b0ac        0xc C:/ST/STM32CubeIDE_2.0.0/STM32CubeIDE/plugins/com.st.stm32cube.ide.mcu.externaltools.gnu-tools-for-stm32.13.3.rel1.win32_1.0.100.202509120712/tools/bin/../lib/gcc/arm-none-eabi/13.3.1/../../../../arm-none-eabi/lib/thumb/v6-m/nofp\libc_nano.a(libc_a-errno.o)
                0x0800b0ac                __errno
 .text.__libc_init_array
                0x0800b0b8       0x48 C:/ST/STM32CubeIDE_2.0.0/STM32CubeIDE/plugins/com.st.stm32cube.ide.mcu.externaltools.gnu-tools-for-stm32.13.3.rel1.win32_1.0.100.202509120712/tools/bin/../lib/gcc/arm-none-eabi/13.3.1/../../../../arm-none-eabi/lib/thumb/v6-m/nofp\libc_nano.a(libc_a-init.o)
                0x0800b0b8                __libc_init_array
 .text.__retarget_lock_acquire_recursive
                0x0800b100        0x2 C:/ST/STM32CubeIDE_2.0.0/STM32CubeIDE/plugins/com.st.stm32cube.ide.mcu.externaltools.gnu-tools-for-stm32.13.3.rel1.win32_1.0.100.202509120712/tools/bin/../lib/gcc/arm-none-eabi/13.3.1/../../../../arm-none-eabi/lib/thumb/v6-m/nofp\libc_nano.a(libc_a-lock.o)
                0x0800b100                __retarget_lock_acquire_recursive
 .text.__retarget_lock_release_recursive
                0x0800b102        0x2 C:/ST/STM32CubeIDE_2.0.0/STM32CubeIDE/plugins/com.st.stm32cube.ide.mcu.externaltools.gnu-tools-for-stm32.13.3.rel1.win32_1.0.100.202509120712/tools/bin/../lib/gcc/arm-none-eabi/13.3.1/../../../../arm-none-eabi/lib/thumb/v6-m/nofp\libc_nano.a(libc_a-lock.o)
                0x0800b102                __retarget_lock_release_recursive
 .text.memcpy   0x0800b104       0x12 C:/ST/STM32CubeIDE_2.0.0/STM32CubeIDE/plugins/com.st.stm32cube.ide.mcu.externaltools.gnu-tools-for-stm32.13.3.rel1.win32_1.0.100.202509120712/tools/bin/../lib/gcc/arm-none-eabi/13.3.1/../../../../arm-none-eabi/lib/thumb/v6-m/nofp\libc_nano.a(libc_a-memcpy-stub.o)
                0x0800b104                memcpy
 *fill*         0x0800b116        0x2 
 .text._free_r  0x0800b118       0x94 C:/ST/STM32CubeIDE_2.0.0/STM32CubeIDE/plugins/com.st.stm32cube.ide.mcu.externaltools.gnu-tools-for-stm32.13.3.rel1.win32_1.0.100.202509120712/tools/bin/../lib/gcc/arm-none-eabi/13.3.1/../../../../arm-none-eabi/lib/thumb/v6-m/nofp\libc_nano.a(libc_a-freer.o)
                0x0800b118                _free_r
 .text.sbrk_aligned
                0x0800b1ac       0x44 C:/ST/STM32CubeIDE_2.0.0/STM32CubeIDE/plugins/com.st.stm32cube.ide.mcu.externaltools.gnu-tools-for-stm32.13.3.rel1.win32_1.0.100.202509120712/tools/bin/../lib/gcc/arm-none-eabi/13.3.1/../../../../arm-none-eabi/lib/thumb/v6-m/nofp\libc_nano.a(libc_a-mallocr.o)
 .text._malloc_r
                0x0800b1f0      0x100 C:/ST/STM32CubeIDE_2.0.0/STM32CubeIDE/plugins/com.st.stm32cube.ide.mcu.externaltools.gnu-tools-for-stm32.13.3.rel1.win32_1.0.100.202509120712/tools/bin/../lib/gcc/arm-none-eabi/13.3.1/../../../../arm-none-eabi/lib/thumb/v6-m/nofp\libc_nano.a(libc_a-mallocr.o)
                0x0800b1f0                _malloc_r
 .text.__malloc_lock
                0x0800b2f0       0x10 C:/ST/STM32CubeIDE_2.0.0/STM32CubeIDE/plugins/com.st.stm32cube.ide.mcu.externaltools.gnu-tools-for-stm32.13.3.rel1.win32_1.0.100.202509120712/tools/bin/../lib/gcc/arm-none-eabi/13.3.1/../../../../arm-none-eabi/lib/thumb/v6-m/nofp\libc_nano.a(libc_a-mlock.o)
                0x0800b2f0                __malloc_lock
 .text.__malloc_unlock
                0x0800b300       0x10 C:/ST/STM32CubeIDE_2.0.0/STM32CubeIDE/plugins/com.st.stm32cube.ide.mcu.externaltools.gnu-tools-for-stm32.13.3.rel1.win32_1.0.100.202509120712/tools/bin/../lib/gcc/arm-none-eabi/13.3.1/../../../../arm-none-eabi/lib/thumb/v6-m/nofp\libc_nano.a(libc_a-mlock.o)
                0x0800b300                __malloc_unlock
 .text.__ssputs_r
                0x0800b310       0xc0 C:/ST/STM32CubeIDE_2.0.0/STM32CubeIDE/plugins/com.st.stm32cube.ide.mcu.externaltools.gnu-tools-for-stm32.13.3.rel1.win32_1.0.100.202509120712/tools/bin/../lib/gcc/arm-none-eabi/13.3.1/../../../../arm-none-eabi/lib/thumb/v6-m/nofp\libc_nano.a(libc_a-nano-svfprintf.o)
                0x0800b310                __ssputs_r
 .text._svfprintf_r
                0x0800b3d0      0x1fc C:/ST/STM32CubeIDE_2.0.0/STM32CubeIDE/plugins/com.st.stm32cube.ide.mcu.externaltools.gnu-tools-for-stm32.13.3.rel1.win32_1.0.100.202509120712/tools/bin/../lib/gcc/arm-none-eabi/13.3.1/../../../../arm-none-eabi/lib/thumb/v6-m/nofp\libc_nano.a(libc_a-nano-svfprintf.o)
                0x0800b3d0                _svfiprintf_r
                0x0800b3d0                _svfprintf_r
 .text._printf_common
                0x0800b5cc       0xde C:/ST/STM32CubeIDE_2.0.0/STM32CubeIDE/plugins/com.st.stm32cube.ide.mcu.externaltools.gnu-tools-for-stm32.13.3.rel1.win32_1.0.100.202509120712/tools/bin/../lib/gcc/arm-none-eabi/13.3.1/../../../../arm-none-eabi/lib/thumb/v6-m/nofp\libc_nano.a(libc_a-nano-vfprintf_i.o)
                0x0800b5cc                _printf_common
 *fill*         0x0800b6aa        0x2 
 .text._printf_i
                0x0800b6ac      0x218 C:/ST/STM32CubeIDE_2.0.0/STM32CubeIDE/plugins/com.st.stm32cube.ide.mcu.externaltools.gnu-tools-for-stm32.13.3.rel1.win32_1.0.100.202509120712/tools/bin/../lib/gcc/arm-none-eabi/13.3.1/../../../../arm-none-eabi/lib/thumb/v6-m/nofp\libc_nano.a(libc_a-nano-vfprintf_i.o)
                0x0800b6ac                _printf_i
 .text._sbrk_r  0x0800b8c4       0x24 C:/ST/STM32CubeIDE_2.0.0/STM32CubeIDE/plugins/com.st.stm32cube.ide.mcu.externaltools.gnu-tools-for-stm32.13.3.rel1.win32_1.0.100.202509120712/tools/bin/../lib/gcc/arm-none-eabi/13.3.1/../../../../arm-none-eabi/lib/thumb/v6-m/nofp\libc_nano.a(libc_a-sbrkr.o)
                0x0800b8c4                _sbrk_r
 .text.memchr   0x0800b8e8       0x16 C:/ST/STM32CubeIDE_2.0.0/STM32CubeIDE/plugins/com.st.stm32cube.ide.mcu.externaltools.gnu-tools-for-stm32.13.3.rel1.win32_1.0.100.202509120712/tools/bin/../lib/gcc/arm-none-eabi/13.3.1/../../../../arm-none-eabi/lib/thumb/v6-m/nofp\libc_nano.a(libc_a-memchr-stub.o)
                0x0800b8e8                memchr
 .text._realloc_r
                0x0800b8fe       0x60 C:/ST/STM32CubeIDE_2.0.0/STM32CubeIDE/plugins/com.st.stm32cube.ide.mcu.externaltools.gnu-tools-for-stm32.13.3.rel1.win32_1.0.100.202509120712/tools/bin/../lib/gcc/arm-none-eabi/13.3.1/../../../../arm-none-eabi/lib/thumb/v6-m/nofp\libc_nano.a(libc_a-reallocr.o)
                0x0800b8fe                _realloc_r
 .text._malloc_usable_size_r
                0x0800b95e       0x10 C:/ST/STM32CubeIDE_2.0.0/STM32CubeIDE/plugins/com.st.stm32cube.ide.mcu.externaltools.gnu-tools-for-stm32.13.3.rel1.win32_1.0.100.202509120712/tools/bin/../lib/gcc/arm-none-eabi/13.3.1/../../../../arm-none-eabi/lib/thumb/v6-m/nofp\libc_nano.a(libc_a-msizer.o)
                0x0800b95e                _malloc_usable_size_r
 *(.glue_7)
 .glue_7        0x0800b96e        0x0 linker stubs
 *(.glue_7t)
 .glue_7t       0x0800b96e        0x0 linker stubs
 *(.eh_frame)
 *fill*         0x0800b96e        0x2 
 .eh_frame      0x0800b970        0x0 C:/ST/STM32CubeIDE_2.0.0/STM32CubeIDE/plugins/com.st.stm32cube.ide.mcu.externaltools.gnu-tools-for-stm32.13.3.rel1.win32_1.0.100.202509120712/tools/bin/../lib/gcc/arm-none-eabi/13.3.1/thumb/v6-m/nofp/crtbegin.o
 *(.init)
 .init          0x0800b970        0x4 C:/ST/STM32CubeIDE_2.0.0/STM32CubeIDE/plugins/com.st.stm32cube.ide.mcu.externaltools.gnu-tools-for-stm32.13.3.rel1.win32_1.0.100.202509120712/tools/bin/../lib/gcc/arm-none-eabi/13.3.1/thumb/v6-m/nofp/crti.o
                0x0800b970                _init
 .init          0x0800b974        0x8 C:/ST/STM32CubeIDE_2.0.0/STM32CubeIDE/plugins/com.st.stm32cube.ide.mcu.externaltools.gnu-tools-for-stm32.13.3.rel1.win32_1.0.100.202509120712/tools/bin/../lib/gcc/arm-none-eabi/13.3.1/thumb/v6-m/nofp/crtn.o
 *(.fini)
 .fini          0x0800b97c        0x4 C:/ST/STM32CubeIDE_2.0.0/STM32CubeIDE/plugins/com.st.stm32cube.ide.mcu.externaltools.gnu-tools-for-stm32.13.3.rel1.win32_1.0.100.202509120712/tools/bin/../lib/gcc/arm-none-eabi/13.3.1/thumb/v6-m/nofp/crti.o
                0x0800b97c                _fini
 .fini          0x0800b980        0x8 C:/ST/STM32CubeIDE_2.0.0/STM32CubeIDE/plugins/com.st.stm32cube.ide.mcu.externaltools.gnu-tools-for-stm32.13.3.rel1.win32_1.0.100.202509120712/tools/bin/../lib/gcc/arm-none-eabi/13.3.1/thumb/v6-m/nofp/crtn.o
                0x0800b988                        . = ALIGN (0x4)
                0x0800b988                        _etext = .

.vfp11_veneer   0x0800b988        0x0
 .vfp11_veneer  0x0800b988        0x0 linker stubs

.v4_bx          0x0800b988        0x0
 .v4_bx         0x0800b988        0x0 linker stubs

.iplt           0x0800b988        0x0
 .iplt          0x0800b988        0x0 C:/ST/STM32CubeIDE_2.0.0/STM32CubeIDE/plugins/com.st.stm32cube.ide.mcu.externaltools.gnu-tools-for-stm32.13.3.rel1.win32_1.0.100.202509120712/tools/bin/../lib/gcc/arm-none-eabi/13.3.1/thumb/v6-m/nofp/crtbegin.o

.rodata         0x0800b988      0x690
                0x0800b988                        . = ALIGN (0x4)
 *(.rodata)
 .rodata        0x0800b988       0xb4 ./Core/Src/main.o
 *(.rodata*)
 .rodata.AHBPrescTable
                0x0800ba3c       0x10 ./Core/Src/system_stm32l0xx.o
                0x0800ba3c                AHBPrescTable
 .rodata.APBPrescTable
                0x0800ba4c        0x8 ./Core/Src/system_stm32l0xx.o
                0x0800ba4c                APBPrescTable
 .rodata.PLLMulTable
                0x0800ba54        0x9 ./Core/Src/system_stm32l0xx.o
                0x0800ba54                PLLMulTable
 *fill*         0x0800ba5d        0x3 
 .rodata.rfalSetMode
                0x0800ba60       0x38 ./Drivers/BSP/Components/st25r500/rfal_rfst25r500.o
 .rodata.rfalSetBitRate
                0x0800ba98       0x38 ./Drivers/BSP/Components/st25r500/rfal_rfst25r500.o
 .rodata.rfalTransceiveTx
                0x0800bad0       0x28 ./Drivers/BSP/Components/st25r500/rfal_rfst25r500.o
 .rodata.rfalTransceiveRx
                0x0800baf8       0x28 ./Drivers/BSP/Components/st25r500/rfal_rfst25r500.o
 .rodata.UART_SetConfig
                0x0800bb20       0x48 ./Drivers/STM32L0xx_HAL_Driver/Src/stm32l0xx_hal_uart.o
 .rodata.rfalAnalogConfigDefaultSettings
                0x0800bb68      0x3b7 ./ThirdParty/rfal/Src/rfal_analogConfig.o
                0x0800bb68                rfalAnalogConfigDefaultSettings
 *fill*         0x0800bf1f        0x1 
 .rodata.rfalNfcWorker
                0x0800bf20       0x8c ./ThirdParty/rfal/Src/rfal_nfc.o
 .rodata.rfalNfcPollActivation
                0x0800bfac       0x1c ./ThirdParty/rfal/Src/rfal_nfc.o
 .rodata.rfalNfcaPollerGetSingleCollisionResolutionStatus
                0x0800bfc8       0x1c ./ThirdParty/rfal/Src/rfal_nfca.o
 .rodata._svfprintf_r.str1.1
                0x0800bfe4       0x33 C:/ST/STM32CubeIDE_2.0.0/STM32CubeIDE/plugins/com.st.stm32cube.ide.mcu.externaltools.gnu-tools-for-stm32.13.3.rel1.win32_1.0.100.202509120712/tools/bin/../lib/gcc/arm-none-eabi/13.3.1/../../../../arm-none-eabi/lib/thumb/v6-m/nofp\libc_nano.a(libc_a-nano-svfprintf.o)
                                 0x11 (size before relaxing)
 .rodata._printf_i.str1.1
                0x0800c017        0x0 C:/ST/STM32CubeIDE_2.0.0/STM32CubeIDE/plugins/com.st.stm32cube.ide.mcu.externaltools.gnu-tools-for-stm32.13.3.rel1.win32_1.0.100.202509120712/tools/bin/../lib/gcc/arm-none-eabi/13.3.1/../../../../arm-none-eabi/lib/thumb/v6-m/nofp\libc_nano.a(libc_a-nano-vfprintf_i.o)
                                 0x22 (size before relaxing)
                0x0800c018                        . = ALIGN (0x4)
 *fill*         0x0800c017        0x1 

.ARM.extab      0x0800c018        0x0
                0x0800c018                        . = ALIGN (0x4)
 *(.ARM.extab* .gnu.linkonce.armextab.*)
                0x0800c018                        . = ALIGN (0x4)

.ARM            0x0800c018        0x8
                0x0800c018                        . = ALIGN (0x4)
                0x0800c018                        __exidx_start = .
 *(.ARM.exidx*)
 .ARM.exidx     0x0800c018        0x8 C:/ST/STM32CubeIDE_2.0.0/STM32CubeIDE/plugins/com.st.stm32cube.ide.mcu.externaltools.gnu-tools-for-stm32.13.3.rel1.win32_1.0.100.202509120712/tools/bin/../lib/gcc/arm-none-eabi/13.3.1/thumb/v6-m/nofp\libgcc.a(_udivmoddi4.o)
                0x0800c020                        __exidx_end = .
                0x0800c020                        . = ALIGN (0x4)

.preinit_array  0x0800c020        0x0
                0x0800c020                        . = ALIGN (0x4)
                0x0800c020                        PROVIDE (__preinit_array_start = .)
 *(.preinit_array*)
                0x0800c020                        PROVIDE (__preinit_array_end = .)
                0x0800c020                        . = ALIGN (0x4)

.init_array     0x0800c020        0x4
                0x0800c020                        . = ALIGN (0x4)
                0x0800c020                        PROVIDE (__init_array_start = .)
 *(SORT_BY_NAME(.init_array.*))
 *(.init_array*)
 .init_array    0x0800c020        0x4 C:/ST/STM32CubeIDE_2.0.0/STM32CubeIDE/plugins/com.st.stm32cube.ide.mcu.externaltools.gnu-tools-for-stm32.13.3.rel1.win32_1.0.100.202509120712/tools/bin/../lib/gcc/arm-none-eabi/13.3.1/thumb/v6-m/nofp/crtbegin.o
                0x0800c024                        PROVIDE (__init_array_end = .)
                0x0800c024                        . = ALIGN (0x4)

.fini_array     0x0800c024        0x4
                0x0800c024                        . = ALIGN (0x4)
                [!provide]                        PROVIDE (__fini_array_start = .)
 *(SORT_BY_NAME(.fini_array.*))
 *(.fini_array*)
 .fini_array    0x0800c024        0x4 C:/ST/STM32CubeIDE_2.0.0/STM32CubeIDE/plugins/com.st.stm32cube.ide.mcu.externaltools.gnu-tools-for-stm32.13.3.rel1.win32_1.0.100.202509120712/tools/bin/../lib/gcc/arm-none-eabi/13.3.1/thumb/v6-m/nofp/crtbegin.o
                [!provide]                        PROVIDE (__fini_array_end = .)
                0x0800c028                        . = ALIGN (0x4)
                0x0800c028                        _sidata = LOADADDR (.data)

.rel.dyn        0x0800c028        0x0
 .rel.iplt      0x0800c028        0x0 C:/ST/STM32CubeIDE_2.0.0/STM32CubeIDE/plugins/com.st.stm32cube.ide.mcu.externaltools.gnu-tools-for-stm32.13.3.rel1.win32_1.0.100.202509120712/tools/bin/../lib/gcc/arm-none-eabi/13.3.1/thumb/v6-m/nofp/crtbegin.o

.data           0x20000000       0x5c load address 0x0800c028
                0x20000000                        . = ALIGN (0x4)
                0x20000000                        _sdata = .
 *(.data)
 *(.data*)
 .data.SystemCoreClock
                0x20000000        0x4 ./Core/Src/system_stm32l0xx.o
                0x20000000                SystemCoreClock
 .data.uwTickPrio
                0x20000004        0x4 ./Drivers/STM32L0xx_HAL_Driver/Src/stm32l0xx_hal.o
                0x20000004                uwTickPrio
 .data.uwTickFreq
                0x20000008        0x1 ./Drivers/STM32L0xx_HAL_Driver/Src/stm32l0xx_hal.o
                0x20000008                uwTickFreq
 *fill*         0x20000009        0x3 
 .data._impure_ptr
                0x2000000c        0x4 C:/ST/STM32CubeIDE_2.0.0/STM32CubeIDE/plugins/com.st.stm32cube.ide.mcu.externaltools.gnu-tools-for-stm32.13.3.rel1.win32_1.0.100.202509120712/tools/bin/../lib/gcc/arm-none-eabi/13.3.1/../../../../arm-none-eabi/lib/thumb/v6-m/nofp\libc_nano.a(libc_a-impure.o)
                0x2000000c                _impure_ptr
 .data._impure_data
                0x20000010       0x4c C:/ST/STM32CubeIDE_2.0.0/STM32CubeIDE/plugins/com.st.stm32cube.ide.mcu.externaltools.gnu-tools-for-stm32.13.3.rel1.win32_1.0.100.202509120712/tools/bin/../lib/gcc/arm-none-eabi/13.3.1/../../../../arm-none-eabi/lib/thumb/v6-m/nofp\libc_nano.a(libc_a-impure.o)
                0x20000010                _impure_data
 *(.RamFunc)
 *(.RamFunc*)
                0x2000005c                        . = ALIGN (0x4)
                0x2000005c                        _edata = .

.igot.plt       0x2000005c        0x0 load address 0x0800c084
 .igot.plt      0x2000005c        0x0 C:/ST/STM32CubeIDE_2.0.0/STM32CubeIDE/plugins/com.st.stm32cube.ide.mcu.externaltools.gnu-tools-for-stm32.13.3.rel1.win32_1.0.100.202509120712/tools/bin/../lib/gcc/arm-none-eabi/13.3.1/thumb/v6-m/nofp/crtbegin.o
                0x2000005c                        . = ALIGN (0x4)

.bss            0x2000005c      0xf28 load address 0x0800c084
                0x2000005c                        _sbss = .
                0x2000005c                        __bss_start__ = _sbss
 *(.bss)
 .bss           0x2000005c       0x1c C:/ST/STM32CubeIDE_2.0.0/STM32CubeIDE/plugins/com.st.stm32cube.ide.mcu.externaltools.gnu-tools-for-stm32.13.3.rel1.win32_1.0.100.202509120712/tools/bin/../lib/gcc/arm-none-eabi/13.3.1/thumb/v6-m/nofp/crtbegin.o
 *(.bss*)
 .bss.exti_cb_cnt
                0x20000078        0x4 ./Core/Src/main.o
                0x20000078                exti_cb_cnt
 .bss.last_exti_pin
                0x2000007c        0x2 ./Core/Src/main.o
                0x2000007c                last_exti_pin
 *fill*         0x2000007e        0x2 
 .bss.st25r_irq_cnt
                0x20000080        0x4 ./Core/Src/main.o
                0x20000080                st25r_irq_cnt
 .bss.discParam.2
                0x20000084       0x94 ./Core/Src/main.o
 .bss.last_ms.1
                0x20000118        0x4 ./Core/Src/main.o
 .bss.last_irq.0
                0x2000011c        0x4 ./Core/Src/main.o
 .bss.g_platform_saved_primask
                0x20000120        0x4 ./Core/Src/rfal_platform.o
                0x20000120                g_platform_saved_primask
 .bss.g_platform_irq_nesting
                0x20000124        0x4 ./Core/Src/rfal_platform.o
                0x20000124                g_platform_irq_nesting
 .bss.s_st25rIrqCb
                0x20000128        0x4 ./Core/Src/rfal_platform.o
 .bss.hspi1     0x2000012c       0x58 ./Core/Src/spi.o
                0x2000012c                hspi1
 .bss.__sbrk_heap_end
                0x20000184        0x4 ./Core/Src/sysmem.o
 .bss.huart2    0x20000188       0x88 ./Core/Src/usart.o
                0x20000188                huart2
 .bss.gRFAL     0x20000210      0x1cc ./Drivers/BSP/Components/st25r500/rfal_rfst25r500.o
 .bss.gST25R500NRT_64fcs
                0x200003dc        0x4 ./Drivers/BSP/Components/st25r500/st25r500.o
 .bss.st25r500interrupt
                0x200003e0       0x10 ./Drivers/BSP/Components/st25r500/st25r500_irq.o
 .bss.uwTick    0x200003f0        0x4 ./Drivers/STM32L0xx_HAL_Driver/Src/stm32l0xx_hal.o
                0x200003f0                uwTick
 .bss.gRfalAnalogConfigMgmt
                0x200003f4        0x8 ./ThirdParty/rfal/Src/rfal_analogConfig.o
 .bss.gNfcDev   0x200003fc      0x738 ./ThirdParty/rfal/Src/rfal_nfc.o
 .bss.nfcaDevList.3
                0x20000b34       0x82 ./ThirdParty/rfal/Src/rfal_nfc.o
 .bss.devCnt.2  0x20000bb6        0x1 ./ThirdParty/rfal/Src/rfal_nfc.o
 *fill*         0x20000bb7        0x1 
 .bss.nfcbDevList.1
                0x20000bb8       0x4b ./ThirdParty/rfal/Src/rfal_nfc.o
 *fill*         0x20000c03        0x1 
 .bss.nfcfDevList.0
                0x20000c04       0x64 ./ThirdParty/rfal/Src/rfal_nfc.o
 .bss.gNfca     0x20000c68       0x54 ./ThirdParty/rfal/Src/rfal_nfca.o
 .bss.gRfalNfcb
                0x20000cbc       0x30 ./ThirdParty/rfal/Src/rfal_nfcb.o
 .bss.gNfcf     0x20000cec      0x150 ./ThirdParty/rfal/Src/rfal_nfcf.o
 .bss.__sf      0x20000e3c      0x138 C:/ST/STM32CubeIDE_2.0.0/STM32CubeIDE/plugins/com.st.stm32cube.ide.mcu.externaltools.gnu-tools-for-stm32.13.3.rel1.win32_1.0.100.202509120712/tools/bin/../lib/gcc/arm-none-eabi/13.3.1/../../../../arm-none-eabi/lib/thumb/v6-m/nofp\libc_nano.a(libc_a-findfp.o)
                0x20000e3c                __sf
 .bss.errno     0x20000f74        0x4 C:/ST/STM32CubeIDE_2.0.0/STM32CubeIDE/plugins/com.st.stm32cube.ide.mcu.externaltools.gnu-tools-for-stm32.13.3.rel1.win32_1.0.100.202509120712/tools/bin/../lib/gcc/arm-none-eabi/13.3.1/../../../../arm-none-eabi/lib/thumb/v6-m/nofp\libc_nano.a(libc_a-reent.o)
                0x20000f74                errno
 .bss.__lock___malloc_recursive_mutex
                0x20000f78        0x1 C:/ST/STM32CubeIDE_2.0.0/STM32CubeIDE/plugins/com.st.stm32cube.ide.mcu.externaltools.gnu-tools-for-stm32.13.3.rel1.win32_1.0.100.202509120712/tools/bin/../lib/gcc/arm-none-eabi/13.3.1/../../../../arm-none-eabi/lib/thumb/v6-m/nofp\libc_nano.a(libc_a-lock.o)
                0x20000f78                __lock___malloc_recursive_mutex
 *fill*         0x20000f79        0x3 
 .bss.__malloc_sbrk_start
                0x20000f7c        0x4 C:/ST/STM32CubeIDE_2.0.0/STM32CubeIDE/plugins/com.st.stm32cube.ide.mcu.externaltools.gnu-tools-for-stm32.13.3.rel1.win32_1.0.100.202509120712/tools/bin/../lib/gcc/arm-none-eabi/13.3.1/../../../../arm-none-eabi/lib/thumb/v6-m/nofp\libc_nano.a(libc_a-mallocr.o)
                0x20000f7c                __malloc_sbrk_start
 .bss.__malloc_free_list
                0x20000f80        0x4 C:/ST/STM32CubeIDE_2.0.0/STM32CubeIDE/plugins/com.st.stm32cube.ide.mcu.externaltools.gnu-tools-for-stm32.13.3.rel1.win32_1.0.100.202509120712/tools/bin/../lib/gcc/arm-none-eabi/13.3.1/../../../../arm-none-eabi/lib/thumb/v6-m/nofp\libc_nano.a(libc_a-mallocr.o)
                0x20000f80                __malloc_free_list
 *(COMMON)
                0x20000f84                        . = ALIGN (0x4)
                0x20000f84                        _ebss = .
                0x20000f84                        __bss_end__ = _ebss

._user_heap_stack
                0x20000f84      0x604 load address 0x0800c084
                0x20000f88                        . = ALIGN (0x8)
 *fill*         0x20000f84        0x4 
                [!provide]                        PROVIDE (end = .)
                0x20000f88                        PROVIDE (_end = .)
                0x20001188                        . = (. + _Min_Heap_Size)
 *fill*         0x20000f88      0x200 
                0x20001588                        . = (. + _Min_Stack_Size)
 *fill*         0x20001188      0x400 
                0x20001588                        . = ALIGN (0x8)

/DISCARD/
 libc.a(*)
 libm.a(*)
 libgcc.a(*)

.ARM.attributes
                0x00000000       0x28
 *(.ARM.attributes)
 .ARM.attributes
                0x00000000       0x1e C:/ST/STM32CubeIDE_2.0.0/STM32CubeIDE/plugins/com.st.stm32cube.ide.mcu.externaltools.gnu-tools-for-stm32.13.3.rel1.win32_1.0.100.202509120712/tools/bin/../lib/gcc/arm-none-eabi/13.3.1/thumb/v6-m/nofp/crti.o
 .ARM.attributes
                0x0000001e       0x2c C:/ST/STM32CubeIDE_2.0.0/STM32CubeIDE/plugins/com.st.stm32cube.ide.mcu.externaltools.gnu-tools-for-stm32.13.3.rel1.win32_1.0.100.202509120712/tools/bin/../lib/gcc/arm-none-eabi/13.3.1/thumb/v6-m/nofp/crtbegin.o
 .ARM.attributes
                0x0000004a       0x2c ./Core/Src/gpio.o
 .ARM.attributes
                0x00000076       0x2c ./Core/Src/main.o
 .ARM.attributes
                0x000000a2       0x2c ./Core/Src/rfal_platform.o
 .ARM.attributes
                0x000000ce       0x2c ./Core/Src/spi.o
 .ARM.attributes
                0x000000fa       0x2c ./Core/Src/stm32l0xx_hal_msp.o
 .ARM.attributes
                0x00000126       0x2c ./Core/Src/stm32l0xx_it.o
 .ARM.attributes
                0x00000152       0x2c ./Core/Src/sysmem.o
 .ARM.attributes
                0x0000017e       0x2c ./Core/Src/system_stm32l0xx.o
 .ARM.attributes
                0x000001aa       0x2c ./Core/Src/usart.o
 .ARM.attributes
                0x000001d6       0x22 ./Core/Startup/startup_stm32l053r8tx.o
 .ARM.attributes
                0x000001f8       0x2c ./Drivers/BSP/Components/st25r500/rfal_rfst25r500.o
 .ARM.attributes
                0x00000224       0x2c ./Drivers/BSP/Components/st25r500/st25r500.o
 .ARM.attributes
                0x00000250       0x2c ./Drivers/BSP/Components/st25r500/st25r500_com.o
 .ARM.attributes
                0x0000027c       0x2c ./Drivers/BSP/Components/st25r500/st25r500_irq.o
 .ARM.attributes
                0x000002a8       0x2c ./Drivers/STM32L0xx_HAL_Driver/Src/stm32l0xx_hal.o
 .ARM.attributes
                0x000002d4       0x2c ./Drivers/STM32L0xx_HAL_Driver/Src/stm32l0xx_hal_cortex.o
 .ARM.attributes
                0x00000300       0x2c ./Drivers/STM32L0xx_HAL_Driver/Src/stm32l0xx_hal_gpio.o
 .ARM.attributes
                0x0000032c       0x2c ./Drivers/STM32L0xx_HAL_Driver/Src/stm32l0xx_hal_rcc.o
 .ARM.attributes
                0x00000358       0x2c ./Drivers/STM32L0xx_HAL_Driver/Src/stm32l0xx_hal_rcc_ex.o
 .ARM.attributes
                0x00000384       0x2c ./Drivers/STM32L0xx_HAL_Driver/Src/stm32l0xx_hal_spi.o
 .ARM.attributes
                0x000003b0       0x2c ./Drivers/STM32L0xx_HAL_Driver/Src/stm32l0xx_hal_uart.o
 .ARM.attributes
                0x000003dc       0x2c ./ThirdParty/rfal/Src/rfal_analogConfig.o
 .ARM.attributes
                0x00000408       0x2c ./ThirdParty/rfal/Src/rfal_nfc.o
 .ARM.attributes
                0x00000434       0x2c ./ThirdParty/rfal/Src/rfal_nfca.o
 .ARM.attributes
                0x00000460       0x2c ./ThirdParty/rfal/Src/rfal_nfcb.o
 .ARM.attributes
                0x0000048c       0x2c ./ThirdParty/rfal/Src/rfal_nfcf.o
 .ARM.attributes
                0x000004b8       0x2c ./ThirdParty/rfal/Src/rfal_nfcv.o
 .ARM.attributes
                0x000004e4       0x2c C:/ST/STM32CubeIDE_2.0.0/STM32CubeIDE/plugins/com.st.stm32cube.ide.mcu.externaltools.gnu-tools-for-stm32.13.3.rel1.win32_1.0.100.202509120712/tools/bin/../lib/gcc/arm-none-eabi/13.3.1/../../../../arm-none-eabi/lib/thumb/v6-m/nofp\libc_nano.a(libc_a-findfp.o)
 .ARM.attributes
                0x00000510       0x2c C:/ST/STM32CubeIDE_2.0.0/STM32CubeIDE/plugins/com.st.stm32cube.ide.mcu.externaltools.gnu-tools-for-stm32.13.3.rel1.win32_1.0.100.202509120712/tools/bin/../lib/gcc/arm-none-eabi/13.3.1/../../../../arm-none-eabi/lib/thumb/v6-m/nofp\libc_nano.a(libc_a-snprintf.o)
 .ARM.attributes
                0x0000053c       0x2c C:/ST/STM32CubeIDE_2.0.0/STM32CubeIDE/plugins/com.st.stm32cube.ide.mcu.externaltools.gnu-tools-for-stm32.13.3.rel1.win32_1.0.100.202509120712/tools/bin/../lib/gcc/arm-none-eabi/13.3.1/../../../../arm-none-eabi/lib/thumb/v6-m/nofp\libc_nano.a(libc_a-memcmp.o)
 .ARM.attributes
                0x00000568       0x2c C:/ST/STM32CubeIDE_2.0.0/STM32CubeIDE/plugins/com.st.stm32cube.ide.mcu.externaltools.gnu-tools-for-stm32.13.3.rel1.win32_1.0.100.202509120712/tools/bin/../lib/gcc/arm-none-eabi/13.3.1/../../../../arm-none-eabi/lib/thumb/v6-m/nofp\libc_nano.a(libc_a-memmove.o)
 .ARM.attributes
                0x00000594       0x2c C:/ST/STM32CubeIDE_2.0.0/STM32CubeIDE/plugins/com.st.stm32cube.ide.mcu.externaltools.gnu-tools-for-stm32.13.3.rel1.win32_1.0.100.202509120712/tools/bin/../lib/gcc/arm-none-eabi/13.3.1/../../../../arm-none-eabi/lib/thumb/v6-m/nofp\libc_nano.a(libc_a-memset.o)
 .ARM.attributes
                0x000005c0       0x2c C:/ST/STM32CubeIDE_2.0.0/STM32CubeIDE/plugins/com.st.stm32cube.ide.mcu.externaltools.gnu-tools-for-stm32.13.3.rel1.win32_1.0.100.202509120712/tools/bin/../lib/gcc/arm-none-eabi/13.3.1/../../../../arm-none-eabi/lib/thumb/v6-m/nofp\libc_nano.a(libc_a-reent.o)
 .ARM.attributes
                0x000005ec       0x2c C:/ST/STM32CubeIDE_2.0.0/STM32CubeIDE/plugins/com.st.stm32cube.ide.mcu.externaltools.gnu-tools-for-stm32.13.3.rel1.win32_1.0.100.202509120712/tools/bin/../lib/gcc/arm-none-eabi/13.3.1/../../../../arm-none-eabi/lib/thumb/v6-m/nofp\libc_nano.a(libc_a-impure.o)
 .ARM.attributes
                0x00000618       0x2c C:/ST/STM32CubeIDE_2.0.0/STM32CubeIDE/plugins/com.st.stm32cube.ide.mcu.externaltools.gnu-tools-for-stm32.13.3.rel1.win32_1.0.100.202509120712/tools/bin/../lib/gcc/arm-none-eabi/13.3.1/../../../../arm-none-eabi/lib/thumb/v6-m/nofp\libc_nano.a(libc_a-errno.o)
 .ARM.attributes
                0x00000644       0x2c C:/ST/STM32CubeIDE_2.0.0/STM32CubeIDE/plugins/com.st.stm32cube.ide.mcu.externaltools.gnu-tools-for-stm32.13.3.rel1.win32_1.0.100.202509120712/tools/bin/../lib/gcc/arm-none-eabi/13.3.1/../../../../arm-none-eabi/lib/thumb/v6-m/nofp\libc_nano.a(libc_a-init.o)
 .ARM.attributes
                0x00000670       0x2c C:/ST/STM32CubeIDE_2.0.0/STM32CubeIDE/plugins/com.st.stm32cube.ide.mcu.externaltools.gnu-tools-for-stm32.13.3.rel1.win32_1.0.100.202509120712/tools/bin/../lib/gcc/arm-none-eabi/13.3.1/../../../../arm-none-eabi/lib/thumb/v6-m/nofp\libc_nano.a(libc_a-lock.o)
 .ARM.attributes
                0x0000069c       0x2c C:/ST/STM32CubeIDE_2.0.0/STM32CubeIDE/plugins/com.st.stm32cube.ide.mcu.externaltools.gnu-tools-for-stm32.13.3.rel1.win32_1.0.100.202509120712/tools/bin/../lib/gcc/arm-none-eabi/13.3.1/../../../../arm-none-eabi/lib/thumb/v6-m/nofp\libc_nano.a(libc_a-memcpy-stub.o)
 .ARM.attributes
                0x000006c8       0x1c C:/ST/STM32CubeIDE_2.0.0/STM32CubeIDE/plugins/com.st.stm32cube.ide.mcu.externaltools.gnu-tools-for-stm32.13.3.rel1.win32_1.0.100.202509120712/tools/bin/../lib/gcc/arm-none-eabi/13.3.1/../../../../arm-none-eabi/lib/thumb/v6-m/nofp\libc_nano.a(libc_a-strlen.o)
 .ARM.attributes
                0x000006e4       0x2c C:/ST/STM32CubeIDE_2.0.0/STM32CubeIDE/plugins/com.st.stm32cube.ide.mcu.externaltools.gnu-tools-for-stm32.13.3.rel1.win32_1.0.100.202509120712/tools/bin/../lib/gcc/arm-none-eabi/13.3.1/../../../../arm-none-eabi/lib/thumb/v6-m/nofp\libc_nano.a(libc_a-freer.o)
 .ARM.attributes
                0x00000710       0x2c C:/ST/STM32CubeIDE_2.0.0/STM32CubeIDE/plugins/com.st.stm32cube.ide.mcu.externaltools.gnu-tools-for-stm32.13.3.rel1.win32_1.0.100.202509120712/tools/bin/../lib/gcc/arm-none-eabi/13.3.1/../../../../arm-none-eabi/lib/thumb/v6-m/nofp\libc_nano.a(libc_a-mallocr.o)
 .ARM.attributes
                0x0000073c       0x2c C:/ST/STM32CubeIDE_2.0.0/STM32CubeIDE/plugins/com.st.stm32cube.ide.mcu.externaltools.gnu-tools-for-stm32.13.3.rel1.win32_1.0.100.202509120712/tools/bin/../lib/gcc/arm-none-eabi/13.3.1/../../../../arm-none-eabi/lib/thumb/v6-m/nofp\libc_nano.a(libc_a-mlock.o)
 .ARM.attributes
                0x00000768       0x2c C:/ST/STM32CubeIDE_2.0.0/STM32CubeIDE/plugins/com.st.stm32cube.ide.mcu.externaltools.gnu-tools-for-stm32.13.3.rel1.win32_1.0.100.202509120712/tools/bin/../lib/gcc/arm-none-eabi/13.3.1/../../../../arm-none-eabi/lib/thumb/v6-m/nofp\libc_nano.a(libc_a-nano-svfprintf.o)
 .ARM.attributes
                0x00000794       0x2c C:/ST/STM32CubeIDE_2.0.0/STM32CubeIDE/plugins/com.st.stm32cube.ide.mcu.externaltools.gnu-tools-for-stm32.13.3.rel1.win32_1.0.100.202509120712/tools/bin/../lib/gcc/arm-none-eabi/13.3.1/../../../../arm-none-eabi/lib/thumb/v6-m/nofp\libc_nano.a(libc_a-nano-vfprintf_i.o)
 .ARM.attributes
                0x000007c0       0x2c C:/ST/STM32CubeIDE_2.0.0/STM32CubeIDE/plugins/com.st.stm32cube.ide.mcu.externaltools.gnu-tools-for-stm32.13.3.rel1.win32_1.0.100.202509120712/tools/bin/../lib/gcc/arm-none-eabi/13.3.1/../../../../arm-none-eabi/lib/thumb/v6-m/nofp\libc_nano.a(libc_a-sbrkr.o)
 .ARM.attributes
                0x000007ec       0x2c C:/ST/STM32CubeIDE_2.0.0/STM32CubeIDE/plugins/com.st.stm32cube.ide.mcu.externaltools.gnu-tools-for-stm32.13.3.rel1.win32_1.0.100.202509120712/tools/bin/../lib/gcc/arm-none-eabi/13.3.1/../../../../arm-none-eabi/lib/thumb/v6-m/nofp\libc_nano.a(libc_a-memchr-stub.o)
 .ARM.attributes
                0x00000818       0x2c C:/ST/STM32CubeIDE_2.0.0/STM32CubeIDE/plugins/com.st.stm32cube.ide.mcu.externaltools.gnu-tools-for-stm32.13.3.rel1.win32_1.0.100.202509120712/tools/bin/../lib/gcc/arm-none-eabi/13.3.1/../../../../arm-none-eabi/lib/thumb/v6-m/nofp\libc_nano.a(libc_a-reallocr.o)
 .ARM.attributes
                0x00000844       0x2c C:/ST/STM32CubeIDE_2.0.0/STM32CubeIDE/plugins/com.st.stm32cube.ide.mcu.externaltools.gnu-tools-for-stm32.13.3.rel1.win32_1.0.100.202509120712/tools/bin/../lib/gcc/arm-none-eabi/13.3.1/../../../../arm-none-eabi/lib/thumb/v6-m/nofp\libc_nano.a(libc_a-msizer.o)
 .ARM.attributes
                0x00000870       0x1e C:/ST/STM32CubeIDE_2.0.0/STM32CubeIDE/plugins/com.st.stm32cube.ide.mcu.externaltools.gnu-tools-for-stm32.13.3.rel1.win32_1.0.100.202509120712/tools/bin/../lib/gcc/arm-none-eabi/13.3.1/thumb/v6-m/nofp\libgcc.a(_thumb1_case_shi.o)
 .ARM.attributes
                0x0000088e       0x1e C:/ST/STM32CubeIDE_2.0.0/STM32CubeIDE/plugins/com.st.stm32cube.ide.mcu.externaltools.gnu-tools-for-stm32.13.3.rel1.win32_1.0.100.202509120712/tools/bin/../lib/gcc/arm-none-eabi/13.3.1/thumb/v6-m/nofp\libgcc.a(_udivsi3.o)
 .ARM.attributes
                0x000008ac       0x1e C:/ST/STM32CubeIDE_2.0.0/STM32CubeIDE/plugins/com.st.stm32cube.ide.mcu.externaltools.gnu-tools-for-stm32.13.3.rel1.win32_1.0.100.202509120712/tools/bin/../lib/gcc/arm-none-eabi/13.3.1/thumb/v6-m/nofp\libgcc.a(_dvmd_tls.o)
 .ARM.attributes
                0x000008ca       0x1e C:/ST/STM32CubeIDE_2.0.0/STM32CubeIDE/plugins/com.st.stm32cube.ide.mcu.externaltools.gnu-tools-for-stm32.13.3.rel1.win32_1.0.100.202509120712/tools/bin/../lib/gcc/arm-none-eabi/13.3.1/thumb/v6-m/nofp\libgcc.a(_aeabi_uldivmod.o)
 .ARM.attributes
                0x000008e8       0x2c C:/ST/STM32CubeIDE_2.0.0/STM32CubeIDE/plugins/com.st.stm32cube.ide.mcu.externaltools.gnu-tools-for-stm32.13.3.rel1.win32_1.0.100.202509120712/tools/bin/../lib/gcc/arm-none-eabi/13.3.1/thumb/v6-m/nofp\libgcc.a(_udivmoddi4.o)
 .ARM.attributes
                0x00000914       0x1e C:/ST/STM32CubeIDE_2.0.0/STM32CubeIDE/plugins/com.st.stm32cube.ide.mcu.externaltools.gnu-tools-for-stm32.13.3.rel1.win32_1.0.100.202509120712/tools/bin/../lib/gcc/arm-none-eabi/13.3.1/thumb/v6-m/nofp\libgcc.a(_clzdi2.o)
 .ARM.attributes
                0x00000932       0x1e C:/ST/STM32CubeIDE_2.0.0/STM32CubeIDE/plugins/com.st.stm32cube.ide.mcu.externaltools.gnu-tools-for-stm32.13.3.rel1.win32_1.0.100.202509120712/tools/bin/../lib/gcc/arm-none-eabi/13.3.1/thumb/v6-m/nofp\libgcc.a(_clzsi2.o)
 .ARM.attributes
                0x00000950       0x1e C:/ST/STM32CubeIDE_2.0.0/STM32CubeIDE/plugins/com.st.stm32cube.ide.mcu.externaltools.gnu-tools-for-stm32.13.3.rel1.win32_1.0.100.202509120712/tools/bin/../lib/gcc/arm-none-eabi/13.3.1/thumb/v6-m/nofp/crtn.o
OUTPUT(nfc_reader_l053r8.elf elf32-littlearm)
LOAD linker stubs
LOAD C:/ST/STM32CubeIDE_2.0.0/STM32CubeIDE/plugins/com.st.stm32cube.ide.mcu.externaltools.gnu-tools-for-stm32.13.3.rel1.win32_1.0.100.202509120712/tools/bin/../lib/gcc/arm-none-eabi/13.3.1/../../../../arm-none-eabi/lib/thumb/v6-m/nofp\libc.a
LOAD C:/ST/STM32CubeIDE_2.0.0/STM32CubeIDE/plugins/com.st.stm32cube.ide.mcu.externaltools.gnu-tools-for-stm32.13.3.rel1.win32_1.0.100.202509120712/tools/bin/../lib/gcc/arm-none-eabi/13.3.1/../../../../arm-none-eabi/lib/thumb/v6-m/nofp\libm.a
LOAD C:/ST/STM32CubeIDE_2.0.0/STM32CubeIDE/plugins/com.st.stm32cube.ide.mcu.externaltools.gnu-tools-for-stm32.13.3.rel1.win32_1.0.100.202509120712/tools/bin/../lib/gcc/arm-none-eabi/13.3.1/thumb/v6-m/nofp\libgcc.a

.debug_info     0x00000000    0x15bd6
 .debug_info    0x00000000      0x4a0 ./Core/Src/gpio.o
 .debug_info    0x000004a0     0x2120 ./Core/Src/main.o
 .debug_info    0x000025c0      0x92d ./Core/Src/rfal_platform.o
 .debug_info    0x00002eed      0x892 ./Core/Src/spi.o
 .debug_info    0x0000377f      0x1ba ./Core/Src/stm32l0xx_hal_msp.o
 .debug_info    0x00003939      0x10c ./Core/Src/stm32l0xx_it.o
 .debug_info    0x00003a45      0x168 ./Core/Src/sysmem.o
 .debug_info    0x00003bad      0x2d0 ./Core/Src/system_stm32l0xx.o
 .debug_info    0x00003e7d      0x97b ./Core/Src/usart.o
 .debug_info    0x000047f8       0x30 ./Core/Startup/startup_stm32l053r8tx.o
 .debug_info    0x00004828     0x1fe8 ./Drivers/BSP/Components/st25r500/rfal_rfst25r500.o
 .debug_info    0x00006810      0xc83 ./Drivers/BSP/Components/st25r500/st25r500.o
 .debug_info    0x00007493      0x951 ./Drivers/BSP/Components/st25r500/st25r500_com.o
 .debug_info    0x00007de4      0x5eb ./Drivers/BSP/Components/st25r500/st25r500_irq.o
 .debug_info    0x000083cf      0x863 ./Drivers/STM32L0xx_HAL_Driver/Src/stm32l0xx_hal.o
 .debug_info    0x00008c32      0x88a ./Drivers/STM32L0xx_HAL_Driver/Src/stm32l0xx_hal_cortex.o
 .debug_info    0x000094bc      0x624 ./Drivers/STM32L0xx_HAL_Driver/Src/stm32l0xx_hal_gpio.o
 .debug_info    0x00009ae0      0x9f9 ./Drivers/STM32L0xx_HAL_Driver/Src/stm32l0xx_hal_rcc.o
 .debug_info    0x0000a4d9      0x7e6 ./Drivers/STM32L0xx_HAL_Driver/Src/stm32l0xx_hal_rcc_ex.o
 .debug_info    0x0000acbf     0x14f4 ./Drivers/STM32L0xx_HAL_Driver/Src/stm32l0xx_hal_spi.o
 .debug_info    0x0000c1b3     0x3b66 ./Drivers/STM32L0xx_HAL_Driver/Src/stm32l0xx_hal_uart.o
 .debug_info    0x0000fd19      0x664 ./ThirdParty/rfal/Src/rfal_analogConfig.o
 .debug_info    0x0001037d     0x1b73 ./ThirdParty/rfal/Src/rfal_nfc.o
 .debug_info    0x00011ef0      0xf27 ./ThirdParty/rfal/Src/rfal_nfca.o
 .debug_info    0x00012e17      0xdd5 ./ThirdParty/rfal/Src/rfal_nfcb.o
 .debug_info    0x00013bec      0xc1b ./ThirdParty/rfal/Src/rfal_nfcf.o
 .debug_info    0x00014807     0x13cf ./ThirdParty/rfal/Src/rfal_nfcv.o

.debug_abbrev   0x00000000     0x3b6f
 .debug_abbrev  0x00000000      0x172 ./Core/Src/gpio.o
 .debug_abbrev  0x00000172      0x352 ./Core/Src/main.o
 .debug_abbrev  0x000004c4      0x296 ./Core/Src/rfal_platform.o
 .debug_abbrev  0x0000075a      0x1ec ./Core/Src/spi.o
 .debug_abbrev  0x00000946       0x9f ./Core/Src/stm32l0xx_hal_msp.o
 .debug_abbrev  0x000009e5       0xa0 ./Core/Src/stm32l0xx_it.o
 .debug_abbrev  0x00000a85       0xbc ./Core/Src/sysmem.o
 .debug_abbrev  0x00000b41      0x11c ./Core/Src/system_stm32l0xx.o
 .debug_abbrev  0x00000c5d      0x1ea ./Core/Src/usart.o
 .debug_abbrev  0x00000e47       0x24 ./Core/Startup/startup_stm32l053r8tx.o
 .debug_abbrev  0x00000e6b      0x41b ./Drivers/BSP/Components/st25r500/rfal_rfst25r500.o
 .debug_abbrev  0x00001286      0x26a ./Drivers/BSP/Components/st25r500/st25r500.o
 .debug_abbrev  0x000014f0      0x2a5 ./Drivers/BSP/Components/st25r500/st25r500_com.o
 .debug_abbrev  0x00001795      0x2c7 ./Drivers/BSP/Components/st25r500/st25r500_irq.o
 .debug_abbrev  0x00001a5c      0x2a0 ./Drivers/STM32L0xx_HAL_Driver/Src/stm32l0xx_hal.o
 .debug_abbrev  0x00001cfc      0x29b ./Drivers/STM32L0xx_HAL_Driver/Src/stm32l0xx_hal_cortex.o
 .debug_abbrev  0x00001f97      0x1ca ./Drivers/STM32L0xx_HAL_Driver/Src/stm32l0xx_hal_gpio.o
 .debug_abbrev  0x00002161      0x296 ./Drivers/STM32L0xx_HAL_Driver/Src/stm32l0xx_hal_rcc.o
 .debug_abbrev  0x000023f7      0x219 ./Drivers/STM32L0xx_HAL_Driver/Src/stm32l0xx_hal_rcc_ex.o
 .debug_abbrev  0x00002610      0x274 ./Drivers/STM32L0xx_HAL_Driver/Src/stm32l0xx_hal_spi.o
 .debug_abbrev  0x00002884      0x2e0 ./Drivers/STM32L0xx_HAL_Driver/Src/stm32l0xx_hal_uart.o
 .debug_abbrev  0x00002b64      0x241 ./ThirdParty/rfal/Src/rfal_analogConfig.o
 .debug_abbrev  0x00002da5      0x3a6 ./ThirdParty/rfal/Src/rfal_nfc.o
 .debug_abbrev  0x0000314b      0x2c2 ./ThirdParty/rfal/Src/rfal_nfca.o
 .debug_abbrev  0x0000340d      0x2a1 ./ThirdParty/rfal/Src/rfal_nfcb.o
 .debug_abbrev  0x000036ae      0x268 ./ThirdParty/rfal/Src/rfal_nfcf.o
 .debug_abbrev  0x00003916      0x259 ./ThirdParty/rfal/Src/rfal_nfcv.o

.debug_aranges  0x00000000     0x12f8
 .debug_aranges
                0x00000000       0x20 ./Core/Src/gpio.o
 .debug_aranges
                0x00000020       0x68 ./Core/Src/main.o
 .debug_aranges
                0x00000088       0x88 ./Core/Src/rfal_platform.o
 .debug_aranges
                0x00000110       0x30 ./Core/Src/spi.o
 .debug_aranges
                0x00000140       0x20 ./Core/Src/stm32l0xx_hal_msp.o
 .debug_aranges
                0x00000160       0x48 ./Core/Src/stm32l0xx_it.o
 .debug_aranges
                0x000001a8       0x20 ./Core/Src/sysmem.o
 .debug_aranges
                0x000001c8       0x28 ./Core/Src/system_stm32l0xx.o
 .debug_aranges
                0x000001f0       0x30 ./Core/Src/usart.o
 .debug_aranges
                0x00000220       0x28 ./Core/Startup/startup_stm32l053r8tx.o
 .debug_aranges
                0x00000248      0x2e0 ./Drivers/BSP/Components/st25r500/rfal_rfst25r500.o
 .debug_aranges
                0x00000528      0x130 ./Drivers/BSP/Components/st25r500/st25r500.o
 .debug_aranges
                0x00000658      0x110 ./Drivers/BSP/Components/st25r500/st25r500_com.o
 .debug_aranges
                0x00000768       0x88 ./Drivers/BSP/Components/st25r500/st25r500_irq.o
 .debug_aranges
                0x000007f0      0x110 ./Drivers/STM32L0xx_HAL_Driver/Src/stm32l0xx_hal.o
 .debug_aranges
                0x00000900       0xe8 ./Drivers/STM32L0xx_HAL_Driver/Src/stm32l0xx_hal_cortex.o
 .debug_aranges
                0x000009e8       0x58 ./Drivers/STM32L0xx_HAL_Driver/Src/stm32l0xx_hal_gpio.o
 .debug_aranges
                0x00000a40       0x80 ./Drivers/STM32L0xx_HAL_Driver/Src/stm32l0xx_hal_rcc.o
 .debug_aranges
                0x00000ac0       0xb0 ./Drivers/STM32L0xx_HAL_Driver/Src/stm32l0xx_hal_rcc_ex.o
 .debug_aranges
                0x00000b70      0x1d0 ./Drivers/STM32L0xx_HAL_Driver/Src/stm32l0xx_hal_spi.o
 .debug_aranges
                0x00000d40      0x228 ./Drivers/STM32L0xx_HAL_Driver/Src/stm32l0xx_hal_uart.o
 .debug_aranges
                0x00000f68       0x60 ./ThirdParty/rfal/Src/rfal_analogConfig.o
 .debug_aranges
                0x00000fc8       0x88 ./ThirdParty/rfal/Src/rfal_nfc.o
 .debug_aranges
                0x00001050       0xb8 ./ThirdParty/rfal/Src/rfal_nfca.o
 .debug_aranges
                0x00001108       0xb8 ./ThirdParty/rfal/Src/rfal_nfcb.o
 .debug_aranges
                0x000011c0       0x78 ./ThirdParty/rfal/Src/rfal_nfcf.o
 .debug_aranges
                0x00001238       0xc0 ./ThirdParty/rfal/Src/rfal_nfcv.o

.debug_rnglists
                0x00000000      0xe71
 .debug_rnglists
                0x00000000       0x14 ./Core/Src/gpio.o
 .debug_rnglists
                0x00000014       0x4b ./Core/Src/main.o
 .debug_rnglists
                0x0000005f       0x62 ./Core/Src/rfal_platform.o
 .debug_rnglists
                0x000000c1       0x20 ./Core/Src/spi.o
 .debug_rnglists
                0x000000e1       0x13 ./Core/Src/stm32l0xx_hal_msp.o
 .debug_rnglists
                0x000000f4       0x31 ./Core/Src/stm32l0xx_it.o
 .debug_rnglists
                0x00000125       0x13 ./Core/Src/sysmem.o
 .debug_rnglists
                0x00000138       0x1a ./Core/Src/system_stm32l0xx.o
 .debug_rnglists
                0x00000152       0x20 ./Core/Src/usart.o
 .debug_rnglists
                0x00000172       0x19 ./Core/Startup/startup_stm32l053r8tx.o
 .debug_rnglists
                0x0000018b      0x235 ./Drivers/BSP/Components/st25r500/rfal_rfst25r500.o
 .debug_rnglists
                0x000003c0       0xe9 ./Drivers/BSP/Components/st25r500/st25r500.o
 .debug_rnglists
                0x000004a9       0xca ./Drivers/BSP/Components/st25r500/st25r500_com.o
 .debug_rnglists
                0x00000573       0x64 ./Drivers/BSP/Components/st25r500/st25r500_irq.o
 .debug_rnglists
                0x000005d7       0xc7 ./Drivers/STM32L0xx_HAL_Driver/Src/stm32l0xx_hal.o
 .debug_rnglists
                0x0000069e       0xaa ./Drivers/STM32L0xx_HAL_Driver/Src/stm32l0xx_hal_cortex.o
 .debug_rnglists
                0x00000748       0x3f ./Drivers/STM32L0xx_HAL_Driver/Src/stm32l0xx_hal_gpio.o
 .debug_rnglists
                0x00000787       0x61 ./Drivers/STM32L0xx_HAL_Driver/Src/stm32l0xx_hal_rcc.o
 .debug_rnglists
                0x000007e8       0x85 ./Drivers/STM32L0xx_HAL_Driver/Src/stm32l0xx_hal_rcc_ex.o
 .debug_rnglists
                0x0000086d      0x171 ./Drivers/STM32L0xx_HAL_Driver/Src/stm32l0xx_hal_spi.o
 .debug_rnglists
                0x000009de      0x1db ./Drivers/STM32L0xx_HAL_Driver/Src/stm32l0xx_hal_uart.o
 .debug_rnglists
                0x00000bb9       0x47 ./ThirdParty/rfal/Src/rfal_analogConfig.o
 .debug_rnglists
                0x00000c00       0x6a ./ThirdParty/rfal/Src/rfal_nfc.o
 .debug_rnglists
                0x00000c6a       0x8b ./ThirdParty/rfal/Src/rfal_nfca.o
 .debug_rnglists
                0x00000cf5       0x8b ./ThirdParty/rfal/Src/rfal_nfcb.o
 .debug_rnglists
                0x00000d80       0x5a ./ThirdParty/rfal/Src/rfal_nfcf.o
 .debug_rnglists
                0x00000dda       0x97 ./ThirdParty/rfal/Src/rfal_nfcv.o

.debug_macro    0x00000000    0x1b22b
 .debug_macro   0x00000000      0x1c4 ./Core/Src/gpio.o
 .debug_macro   0x000001c4      0xab4 ./Core/Src/gpio.o
 .debug_macro   0x00000c78      0x11f ./Core/Src/gpio.o
 .debug_macro   0x00000d97       0x2e ./Core/Src/gpio.o
 .debug_macro   0x00000dc5       0x28 ./Core/Src/gpio.o
 .debug_macro   0x00000ded       0x22 ./Core/Src/gpio.o
 .debug_macro   0x00000e0f       0x8e ./Core/Src/gpio.o
 .debug_macro   0x00000e9d       0x51 ./Core/Src/gpio.o
 .debug_macro   0x00000eee      0x103 ./Core/Src/gpio.o
 .debug_macro   0x00000ff1       0x6a ./Core/Src/gpio.o
 .debug_macro   0x0000105b      0x1df ./Core/Src/gpio.o
 .debug_macro   0x0000123a       0x1c ./Core/Src/gpio.o
 .debug_macro   0x00001256       0x22 ./Core/Src/gpio.o
 .debug_macro   0x00001278       0xaf ./Core/Src/gpio.o
 .debug_macro   0x00001327      0x4da ./Core/Src/gpio.o
 .debug_macro   0x00001801      0x11f ./Core/Src/gpio.o
 .debug_macro   0x00001920     0x9f52 ./Core/Src/gpio.o
 .debug_macro   0x0000b872       0x66 ./Core/Src/gpio.o
 .debug_macro   0x0000b8d8     0x35ac ./Core/Src/gpio.o
 .debug_macro   0x0000ee84      0x190 ./Core/Src/gpio.o
 .debug_macro   0x0000f014       0x5c ./Core/Src/gpio.o
 .debug_macro   0x0000f070      0x8e4 ./Core/Src/gpio.o
 .debug_macro   0x0000f954      0x9d2 ./Core/Src/gpio.o