Archive member included to satisfy reference by file (symbol)

C:/ST/STM32CubeIDE_2.0.0/STM32CubeIDE/plugins/com.st.stm32cube.ide.mcu.externaltools.gnu-tools-for-stm32.13.3.rel1.win32_1.0.100.202509120712/tools/bin/../lib/gcc/arm-none-eabi/13.3.1/../../../../arm-none-eabi/lib/thumb/v6-m/nofp\libc_nano.a(libc_a-exit.o)
                              C:/ST/STM32CubeIDE_2.0.0/STM32CubeIDE/plugins/com.st.stm32cube.ide.mcu.externaltools.gnu-tools-for-stm32.13.3.rel1.win32_1.0.100.202509120712/tools/bin/../lib/gcc/arm-none-eabi/13.3.1/../../../../arm-none-eabi/lib/thumb/v6-m/nofp/crt0.o (exit)
C:/ST/STM32CubeIDE_2.0.0/STM32CubeIDE/plugins/com.st.stm32cube.ide.mcu.externaltools.gnu-tools-for-stm32.13.3.rel1.win32_1.0.100.202509120712/tools/bin/../lib/gcc/arm-none-eabi/13.3.1/../../../../arm-none-eabi/lib/thumb/v6-m/nofp\libc_nano.a(libc_a-findfp.o)
                              C:/ST/STM32CubeIDE_2.0.0/STM32CubeIDE/plugins/com.st.stm32cube.ide.mcu.externaltools.gnu-tools-for-stm32.13.3.rel1.win32_1.0.100.202509120712/tools/bin/../lib/gcc/arm-none-eabi/13.3.1/../../../../arm-none-eabi/lib/thumb/v6-m/nofp\libc_nano.a(libc_a-exit.o) (__stdio_exit_handler)
C:/ST/STM32CubeIDE_2.0.0/STM32CubeIDE/plugins/com.st.stm32cube.ide.mcu.externaltools.gnu-tools-for-stm32.13.3.rel1.win32_1.0.100.202509120712/tools/bin/../lib/gcc/arm-none-eabi/13.3.1/../../../../arm-none-eabi/lib/thumb/v6-m/nofp\libc_nano.a(libc_a-fwalk.o)
                              C:/ST/STM32CubeIDE_2.0.0/STM32CubeIDE/plugins/com.st.stm32cube.ide.mcu.externaltools.gnu-tools-for-stm32.13.3.rel1.win32_1.0.100.202509120712/tools/bin/../lib/gcc/arm-none-eabi/13.3.1/../../../../arm-none-eabi/lib/thumb/v6-m/nofp\libc_nano.a(libc_a-findfp.o) (_fwalk_sglue)
C:/ST/STM32CubeIDE_2.0.0/STM32CubeIDE/plugins/com.st.stm32cube.ide.mcu.externaltools.gnu-tools-for-stm32.13.3.rel1.win32_1.0.100.202509120712/tools/bin/../lib/gcc/arm-none-eabi/13.3.1/../../../../arm-none-eabi/lib/thumb/v6-m/nofp\libc_nano.a(libc_a-snprintf.o)
                              ./Core/Src/main.o (snprintf)
C:/ST/STM32CubeIDE_2.0.0/STM32CubeIDE/plugins/com.st.stm32cube.ide.mcu.externaltools.gnu-tools-for-stm32.13.3.rel1.win32_1.0.100.202509120712/tools/bin/../lib/gcc/arm-none-eabi/13.3.1/../../../../arm-none-eabi/lib/thumb/v6-m/nofp\libc_nano.a(libc_a-stdio.o)
                              C:/ST/STM32CubeIDE_2.0.0/STM32CubeIDE/plugins/com.st.stm32cube.ide.mcu.externaltools.gnu-tools-for-stm32.13.3.rel1.win32_1.0.100.202509120712/tools/bin/../lib/gcc/arm-none-eabi/13.3.1/../../../../arm-none-eabi/lib/thumb/v6-m/nofp\libc_nano.a(libc_a-findfp.o) (__sread)
C:/ST/STM32CubeIDE_2.0.0/STM32CubeIDE/plugins/com.st.stm32cube.ide.mcu.externaltools.gnu-tools-for-stm32.13.3.rel1.win32_1.0.100.202509120712/tools/bin/../lib/gcc/arm-none-eabi/13.3.1/../../../../arm-none-eabi/lib/thumb/v6-m/nofp\libc_nano.a(libc_a-memcmp.o)
                              ./Core/Src/main.o (memcmp)
C:/ST/STM32CubeIDE_2.0.0/STM32CubeIDE/plugins/com.st.stm32cube.ide.mcu.externaltools.gnu-tools-for-stm32.13.3.rel1.win32_1.0.100.202509120712/tools/bin/../lib/gcc/arm-none-eabi/13.3.1/../../../../arm-none-eabi/lib/thumb/v6-m/nofp\libc_nano.a(libc_a-memmove.o)
                              ./ThirdParty/rfal/Src/rfal_nfcf.o (memmove)
C:/ST/STM32CubeIDE_2.0.0/STM32CubeIDE/plugins/com.st.stm32cube.ide.mcu.externaltools.gnu-tools-for-stm32.13.3.rel1.win32_1.0.100.202509120712/tools/bin/../lib/gcc/arm-none-eabi/13.3.1/../../../../arm-none-eabi/lib/thumb/v6-m/nofp\libc_nano.a(libc_a-memset.o)
                              C:/ST/STM32CubeIDE_2.0.0/STM32CubeIDE/plugins/com.st.stm32cube.ide.mcu.externaltools.gnu-tools-for-stm32.13.3.rel1.win32_1.0.100.202509120712/tools/bin/../lib/gcc/arm-none-eabi/13.3.1/../../../../arm-none-eabi/lib/thumb/v6-m/nofp/crt0.o (memset)
C:/ST/STM32CubeIDE_2.0.0/STM32CubeIDE/plugins/com.st.stm32cube.ide.mcu.externaltools.gnu-tools-for-stm32.13.3.rel1.win32_1.0.100.202509120712/tools/bin/../lib/gcc/arm-none-eabi/13.3.1/../../../../arm-none-eabi/lib/thumb/v6-m/nofp\libc_nano.a(libc_a-closer.o)
                              C:/ST/STM32CubeIDE_2.0.0/STM32CubeIDE/plugins/com.st.stm32cube.ide.mcu.externaltools.gnu-tools-for-stm32.13.3.rel1.win32_1.0.100.202509120712/tools/bin/../lib/gcc/arm-none-eabi/13.3.1/../../../../arm-none-eabi/lib/thumb/v6-m/nofp\libc_nano.a(libc_a-stdio.o) (_close_r)
C:/ST/STM32CubeIDE_2.0.0/STM32CubeIDE/plugins/com.st.stm32cube.ide.mcu.externaltools.gnu-tools-for-stm32.13.3.rel1.win32_1.0.100.202509120712/tools/bin/../lib/gcc/arm-none-eabi/13.3.1/../../../../arm-none-eabi/lib/thumb/v6-m/nofp\libc_nano.a(libc_a-reent.o)
                              C:/ST/STM32CubeIDE_2.0.0/STM32CubeIDE/plugins/com.st.stm32cube.ide.mcu.externaltools.gnu-tools-for-stm32.13.3.rel1.win32_1.0.100.202509120712/tools/bin/../lib/gcc/arm-none-eabi/13.3.1/../../../../arm-none-eabi/lib/thumb/v6-m/nofp\libc_nano.a(libc_a-closer.o) (errno)
[...]
Memory Configuration

Name             Origin             Length             Attributes
RAM              0x20000000         0x00002000         xrw
FLASH            0x08000000         0x00010000         xr
*default*        0x00000000         0xffffffff

Linker script and memory map

LOAD C:/ST/STM32CubeIDE_2.0.0/STM32CubeIDE/plugins/com.st.stm32cube.ide.mcu.externaltools.gnu-tools-for-stm32.13.3.rel1.win32_1.0.100.202509120712/tools/bin/../lib/gcc/arm-none-eabi/13.3.1/thumb/v6-m/nofp/crti.o
LOAD C:/ST/STM32CubeIDE_2.0.0/STM32CubeIDE/plugins/com.st.stm32cube.ide.mcu.externaltools.gnu-tools-for-stm32.13.3.rel1.win32_1.0.100.202509120712/tools/bin/../lib/gcc/arm-none-eabi/13.3.1/thumb/v6-m/nofp/crtbegin.o
LOAD C:/ST/STM32CubeIDE_2.0.0/STM32CubeIDE/plugins/com.st.stm32cube.ide.mcu.externaltools.gnu-tools-for-stm32.13.3.rel1.win32_1.0.100.202509120712/tools/bin/../lib/gcc/arm-none-eabi/13.3.1/../../../../arm-none-eabi/lib/thumb/v6-m/nofp/crt0.o
LOAD ./Core/Src/gpio.o
LOAD ./Core/Src/main.o
LOAD ./Core/Src/rfal_platform.o
LOAD ./Core/Src/spi.o
LOAD ./Core/Src/stm32l0xx_hal_msp.o
LOAD ./Core/Src/stm32l0xx_it.o
LOAD ./Core/Src/syscalls.o
LOAD ./Core/Src/sysmem.o
LOAD ./Core/Src/system_stm32l0xx.o
LOAD ./Core/Src/usart.o
LOAD ./Core/Startup/startup_stm32l053r8tx.o
LOAD ./Drivers/BSP/Components/st25r500/rfal_rfst25r500.o
LOAD ./Drivers/BSP/Components/st25r500/st25r500.o
LOAD ./Drivers/BSP/Components/st25r500/st25r500_com.o
LOAD ./Drivers/BSP/Components/st25r500/st25r500_dpocr.o
LOAD ./Drivers/BSP/Components/st25r500/st25r500_irq.o
LOAD ./Drivers/BSP/NFC12A1/nfc12a1.o
LOAD ./Drivers/STM32L0xx_HAL_Driver/Src/stm32l0xx_hal.o
LOAD ./Drivers/STM32L0xx_HAL_Driver/Src/stm32l0xx_hal_cortex.o
LOAD ./Drivers/STM32L0xx_HAL_Driver/Src/stm32l0xx_hal_dma.o
LOAD ./Drivers/STM32L0xx_HAL_Driver/Src/stm32l0xx_hal_exti.o
LOAD ./Drivers/STM32L0xx_HAL_Driver/Src/stm32l0xx_hal_flash.o
LOAD ./Drivers/STM32L0xx_HAL_Driver/Src/stm32l0xx_hal_flash_ex.o
LOAD ./Drivers/STM32L0xx_HAL_Driver/Src/stm32l0xx_hal_flash_ramfunc.o
LOAD ./Drivers/STM32L0xx_HAL_Driver/Src/stm32l0xx_hal_gpio.o
LOAD ./Drivers/STM32L0xx_HAL_Driver/Src/stm32l0xx_hal_i2c.o
LOAD ./Drivers/STM32L0xx_HAL_Driver/Src/stm32l0xx_hal_i2c_ex.o
LOAD ./Drivers/STM32L0xx_HAL_Driver/Src/stm32l0xx_hal_pwr.o
LOAD ./Drivers/STM32L0xx_HAL_Driver/Src/stm32l0xx_hal_pwr_ex.o
LOAD ./Drivers/STM32L0xx_HAL_Driver/Src/stm32l0xx_hal_rcc.o
LOAD ./Drivers/STM32L0xx_HAL_Driver/Src/stm32l0xx_hal_rcc_ex.o
LOAD ./Drivers/STM32L0xx_HAL_Driver/Src/stm32l0xx_hal_spi.o
LOAD ./Drivers/STM32L0xx_HAL_Driver/Src/stm32l0xx_hal_uart.o
LOAD ./Drivers/STM32L0xx_HAL_Driver/Src/stm32l0xx_hal_uart_ex.o
LOAD ./ThirdParty/rfal/Src/rfal_analogConfig.o
LOAD ./ThirdParty/rfal/Src/rfal_cd.o
LOAD ./ThirdParty/rfal/Src/rfal_crc.o
LOAD ./ThirdParty/rfal/Src/rfal_dlma.o
LOAD ./ThirdParty/rfal/Src/rfal_dpo.o
LOAD ./ThirdParty/rfal/Src/rfal_iso15693_2.o
LOAD ./ThirdParty/rfal/Src/rfal_isoDep.o
LOAD ./ThirdParty/rfal/Src/rfal_nfc.o
LOAD ./ThirdParty/rfal/Src/rfal_nfcDep.o
LOAD ./ThirdParty/rfal/Src/rfal_nfca.o
LOAD ./ThirdParty/rfal/Src/rfal_nfcb.o
LOAD ./ThirdParty/rfal/Src/rfal_nfcf.o
LOAD ./ThirdParty/rfal/Src/rfal_nfcv.o
LOAD ./ThirdParty/rfal/Src/rfal_st25tb.o
LOAD ./ThirdParty/rfal/Src/rfal_st25xv.o
LOAD ./ThirdParty/rfal/Src/rfal_t1t.o
LOAD ./ThirdParty/rfal/Src/rfal_t2t.o
LOAD ./ThirdParty/rfal/Src/rfal_t4t.o
START GROUP
LOAD C:/ST/STM32CubeIDE_2.0.0/STM32CubeIDE/plugins/com.st.stm32cube.ide.mcu.externaltools.gnu-tools-for-stm32.13.3.rel1.win32_1.0.100.202509120712/tools/bin/../lib/gcc/arm-none-eabi/13.3.1/../../../../arm-none-eabi/lib/thumb/v6-m/nofp\libc_nano.a
LOAD C:/ST/STM32CubeIDE_2.0.0/STM32CubeIDE/plugins/com.st.stm32cube.ide.mcu.externaltools.gnu-tools-for-stm32.13.3.rel1.win32_1.0.100.202509120712/tools/bin/../lib/gcc/arm-none-eabi/13.3.1/../../../../arm-none-eabi/lib/thumb/v6-m/nofp\libm.a
END GROUP
START GROUP
LOAD C:/ST/STM32CubeIDE_2.0.0/STM32CubeIDE/plugins/com.st.stm32cube.ide.mcu.externaltools.gnu-tools-for-stm32.13.3.rel1.win32_1.0.100.202509120712/tools/bin/../lib/gcc/arm-none-eabi/13.3.1/thumb/v6-m/nofp\libgcc.a
LOAD C:/ST/STM32CubeIDE_2.0.0/STM32CubeIDE/plugins/com.st.stm32cube.ide.mcu.externaltools.gnu-tools-for-stm32.13.3.rel1.win32_1.0.100.202509120712/tools/bin/../lib/gcc/arm-none-eabi/13.3.1/../../../../arm-none-eabi/lib/thumb/v6-m/nofp\libc_nano.a
END GROUP
START GROUP
LOAD C:/ST/STM32CubeIDE_2.0.0/STM32CubeIDE/plugins/com.st.stm32cube.ide.mcu.externaltools.gnu-tools-for-stm32.13.3.rel1.win32_1.0.100.202509120712/tools/bin/../lib/gcc/arm-none-eabi/13.3.1/thumb/v6-m/nofp\libgcc.a
LOAD C:/ST/STM32CubeIDE_2.0.0/STM32CubeIDE/plugins/com.st.stm32cube.ide.mcu.externaltools.gnu-tools-for-stm32.13.3.rel1.win32_1.0.100.202509120712/tools/bin/../lib/gcc/arm-none-eabi/13.3.1/../../../../arm-none-eabi/lib/thumb/v6-m/nofp\libc_nano.a
LOAD C:/ST/STM32CubeIDE_2.0.0/STM32CubeIDE/plugins/com.st.stm32cube.ide.mcu.externaltools.gnu-tools-for-stm32.13.3.rel1.win32_1.0.100.202509120712/tools/bin/../lib/gcc/arm-none-eabi/13.3.1/../../../../arm-none-eabi/lib/thumb/v6-m/nofp\libnosys.a
END GROUP
START GROUP
LOAD C:/ST/STM32CubeIDE_2.0.0/STM32CubeIDE/plugins/com.st.stm32cube.ide.mcu.externaltools.gnu-tools-for-stm32.13.3.rel1.win32_1.0.100.202509120712/tools/bin/../lib/gcc/arm-none-eabi/13.3.1/thumb/v6-m/nofp\libgcc.a
LOAD C:/ST/STM32CubeIDE_2.0.0/STM32CubeIDE/plugins/com.st.stm32cube.ide.mcu.externaltools.gnu-tools-for-stm32.13.3.rel1.win32_1.0.100.202509120712/tools/bin/../lib/gcc/arm-none-eabi/13.3.1/../../../../arm-none-eabi/lib/thumb/v6-m/nofp\libc_nano.a
LOAD C:/ST/STM32CubeIDE_2.0.0/STM32CubeIDE/plugins/com.st.stm32cube.ide.mcu.externaltools.gnu-tools-for-stm32.13.3.rel1.win32_1.0.100.202509120712/tools/bin/../lib/gcc/arm-none-eabi/13.3.1/../../../../arm-none-eabi/lib/thumb/v6-m/nofp\libnosys.a
END GROUP
LOAD C:/ST/STM32CubeIDE_2.0.0/STM32CubeIDE/plugins/com.st.stm32cube.ide.mcu.externaltools.gnu-tools-for-stm32.13.3.rel1.win32_1.0.100.202509120712/tools/bin/../lib/gcc/arm-none-eabi/13.3.1/thumb/v6-m/nofp/crtend.o
LOAD C:/ST/STM32CubeIDE_2.0.0/STM32CubeIDE/plugins/com.st.stm32cube.ide.mcu.externaltools.gnu-tools-for-stm32.13.3.rel1.win32_1.0.100.202509120712/tools/bin/../lib/gcc/arm-none-eabi/13.3.1/thumb/v6-m/nofp/crtn.o
                0x20002000                        _estack = (ORIGIN (RAM) + LENGTH (RAM))
                0x00000200                        _Min_Heap_Size = 0x200
                0x00000400                        _Min_Stack_Size = 0x400

.isr_vector     0x08000000       0xc0
                0x08000000                        . = ALIGN (0x4)
 *(.isr_vector)
 .isr_vector    0x08000000       0xc0 ./Core/Startup/startup_stm32l053r8tx.o
                0x08000000                g_pfnVectors
                0x080000c0                        . = ALIGN (0x4)

.text           0x080000c0     0xc020
                0x080000c0                        . = ALIGN (0x4)
 *(.text)
 .text          0x080000c0       0x48 C:/ST/STM32CubeIDE_2.0.0/STM32CubeIDE/plugins/com.st.stm32cube.ide.mcu.externaltools.gnu-tools-for-stm32.13.3.rel1.win32_1.0.100.202509120712/tools/bin/../lib/gcc/arm-none-eabi/13.3.1/thumb/v6-m/nofp/crtbegin.o
 .text          0x08000108        0xe C:/ST/STM32CubeIDE_2.0.0/STM32CubeIDE/plugins/com.st.stm32cube.ide.mcu.externaltools.gnu-tools-for-stm32.13.3.rel1.win32_1.0.100.202509120712/tools/bin/../lib/gcc/arm-none-eabi/13.3.1/../../../../arm-none-eabi/lib/thumb/v6-m/nofp\libc_nano.a(libc_a-strlen.o)
                0x08000108                strlen
 *fill*         0x08000116        0x2 
 .text          0x08000118       0x14 C:/ST/STM32CubeIDE_2.0.0/STM32CubeIDE/plugins/com.st.stm32cube.ide.mcu.externaltools.gnu-tools-for-stm32.13.3.rel1.win32_1.0.100.202509120712/tools/bin/../lib/gcc/arm-none-eabi/13.3.1/thumb/v6-m/nofp\libgcc.a(_thumb1_case_shi.o)
                0x08000118                __gnu_thumb1_case_shi
 .text          0x0800012c      0x114 C:/ST/STM32CubeIDE_2.0.0/STM32CubeIDE/plugins/com.st.stm32cube.ide.mcu.externaltools.gnu-tools-for-stm32.13.3.rel1.win32_1.0.100.202509120712/tools/bin/../lib/gcc/arm-none-eabi/13.3.1/thumb/v6-m/nofp\libgcc.a(_udivsi3.o)
                0x0800012c                __aeabi_uidiv
                0x0800012c                __udivsi3
                0x08000238                __aeabi_uidivmod
 .text          0x08000240        0x4 C:/ST/STM32CubeIDE_2.0.0/STM32CubeIDE/plugins/com.st.stm32cube.ide.mcu.externaltools.gnu-tools-for-stm32.13.3.rel1.win32_1.0.100.202509120712/tools/bin/../lib/gcc/arm-none-eabi/13.3.1/thumb/v6-m/nofp\libgcc.a(_dvmd_tls.o)
                0x08000240                __aeabi_idiv0
                0x08000240                __aeabi_ldiv0
 .text          0x08000244       0x40 C:/ST/STM32CubeIDE_2.0.0/STM32CubeIDE/plugins/com.st.stm32cube.ide.mcu.externaltools.gnu-tools-for-stm32.13.3.rel1.win32_1.0.100.202509120712/tools/bin/../lib/gcc/arm-none-eabi/13.3.1/thumb/v6-m/nofp\libgcc.a(_aeabi_uldivmod.o)
                0x08000244                __aeabi_uldivmod
 .text          0x08000284      0x198 C:/ST/STM32CubeIDE_2.0.0/STM32CubeIDE/plugins/com.st.stm32cube.ide.mcu.externaltools.gnu-tools-for-stm32.13.3.rel1.win32_1.0.100.202509120712/tools/bin/../lib/gcc/arm-none-eabi/13.3.1/thumb/v6-m/nofp\libgcc.a(_udivmoddi4.o)
                0x08000284                __udivmoddi4
 .text          0x0800041c       0x18 C:/ST/STM32CubeIDE_2.0.0/STM32CubeIDE/plugins/com.st.stm32cube.ide.mcu.externaltools.gnu-tools-for-stm32.13.3.rel1.win32_1.0.100.202509120712/tools/bin/../lib/gcc/arm-none-eabi/13.3.1/thumb/v6-m/nofp\libgcc.a(_clzdi2.o)
                0x0800041c                __clzdi2
 .text          0x08000434       0x3c C:/ST/STM32CubeIDE_2.0.0/STM32CubeIDE/plugins/com.st.stm32cube.ide.mcu.externaltools.gnu-tools-for-stm32.13.3.rel1.win32_1.0.100.202509120712/tools/bin/../lib/gcc/arm-none-eabi/13.3.1/thumb/v6-m/nofp\libgcc.a(_clzsi2.o)
                0x08000434                __clzsi2
 *(.text*)
 .text.MX_GPIO_Init
                0x08000470      0x14c ./Core/Src/gpio.o
                0x08000470                MX_GPIO_Init
 .text.dbg_print
                0x080005bc       0x2c ./Core/Src/main.o
 .text.dbg_hexln
                0x080005e8       0x68 ./Core/Src/main.o
 .text.app_crc16_ccitt
                0x08000650       0xbc ./Core/Src/main.o
 .text.t2t_read_bytes
                0x0800070c       0xf2 ./Core/Src/main.o
 *fill*         0x080007fe        0x2 
 .text.appLogHeartbeat
                0x08000800       0xc8 ./Core/Src/main.o
 .text.appReportTag
                0x080008c8       0x88 ./Core/Src/main.o
 .text.appReadCurrentTag
                0x08000950       0x52 ./Core/Src/main.o
 *fill*         0x080009a2        0x2 
 .text.appProcessCurrentTagData
                0x080009a4       0x9c ./Core/Src/main.o
 .text.appStartDiscover
                0x08000a40       0x80 ./Core/Src/main.o
 .text.appHandleDiscover
                0x08000ac0       0x7c ./Core/Src/main.o
 .text.appHandleActiveRead
                0x08000b3c      0x124 ./Core/Src/main.o
 .text.main     0x08000c60       0xf8 ./Core/Src/main.o
                0x08000c60                main
 .text.SystemClock_Config
                0x08000d58       0xd8 ./Core/Src/main.o
                0x08000d58                SystemClock_Config
 .text.HAL_GPIO_EXTI_Callback
                0x08000e30       0x48 ./Core/Src/main.o
                0x08000e30                HAL_GPIO_EXTI_Callback
 .text.Error_Handler
                0x08000e78        0xc ./Core/Src/main.o
                0x08000e78                Error_Handler
 .text.platformTimerCreate
                0x08000e84       0x20 ./Core/Src/rfal_platform.o
                0x08000e84                platformTimerCreate
 .text.platformTimerDestroy
                0x08000ea4       0x10 ./Core/Src/rfal_platform.o
                0x08000ea4                platformTimerDestroy
 .text.platformTimerIsExpired
                0x08000eb4       0x20 ./Core/Src/rfal_platform.o
                0x08000eb4                platformTimerIsExpired
 .text.platformSpiSelect
                0x08000ed4       0x1c ./Core/Src/rfal_platform.o
                0x08000ed4                platformSpiSelect
 .text.platformSpiDeselect
                0x08000ef0       0x1c ./Core/Src/rfal_platform.o
                0x08000ef0                platformSpiDeselect
 .text.platformSpiTxRx
                0x08000f0c       0x80 ./Core/Src/rfal_platform.o
                0x08000f0c                platformSpiTxRx
 .text.platformResetST25R
                0x08000f8c       0x48 ./Core/Src/rfal_platform.o
                0x08000f8c                platformResetST25R
 .text.platformIrqST25RPinInitialize
                0x08000fd4        0xa ./Core/Src/rfal_platform.o
                0x08000fd4                platformIrqST25RPinInitialize
 *fill*         0x08000fde        0x2 
 .text.platformIrqST25RSetCallback
                0x08000fe0       0x1c ./Core/Src/rfal_platform.o
                0x08000fe0                platformIrqST25RSetCallback
 .text.platformIrqST25RCallCallback
                0x08000ffc       0x1c ./Core/Src/rfal_platform.o
                0x08000ffc                platformIrqST25RCallCallback
 .text.platformLedsInitialize
                0x08001018        0xa ./Core/Src/rfal_platform.o
                0x08001018                platformLedsInitialize
 .text.platformErrorHandle
                0x08001022        0xe ./Core/Src/rfal_platform.o
                0x08001022                platformErrorHandle
 .text.platformTimerGetRemaining
                0x08001030       0x2c ./Core/Src/rfal_platform.o
                0x08001030                platformTimerGetRemaining
 .text.platformDelay
                0x0800105c       0x18 ./Core/Src/rfal_platform.o
                0x0800105c                platformDelay
 .text.MX_SPI1_Init
                0x08001074       0x70 ./Core/Src/spi.o
                0x08001074                MX_SPI1_Init
 .text.HAL_SPI_MspInit
                0x080010e4       0x88 ./Core/Src/spi.o
                0x080010e4                HAL_SPI_MspInit
 .text.HAL_MspInit
                0x0800116c       0x28 ./Core/Src/stm32l0xx_hal_msp.o
                0x0800116c                HAL_MspInit
 .text.NMI_Handler
                0x08001194        0x8 ./Core/Src/stm32l0xx_it.o
                0x08001194                NMI_Handler
 .text.HardFault_Handler
                0x0800119c        0x8 ./Core/Src/stm32l0xx_it.o
                0x0800119c                HardFault_Handler
 .text.SVC_Handler
                0x080011a4        0xa ./Core/Src/stm32l0xx_it.o
                0x080011a4                SVC_Handler
 .text.PendSV_Handler
                0x080011ae        0xa ./Core/Src/stm32l0xx_it.o
                0x080011ae                PendSV_Handler
 .text.SysTick_Handler
                0x080011b8        0xe ./Core/Src/stm32l0xx_it.o
                0x080011b8                SysTick_Handler
 .text.EXTI0_1_IRQHandler
                0x080011c6       0x16 ./Core/Src/stm32l0xx_it.o
                0x080011c6                EXTI0_1_IRQHandler
 .text._sbrk    0x080011dc       0x6c ./Core/Src/sysmem.o
                0x080011dc                _sbrk
 .text.SystemInit
                0x08001248        0xa ./Core/Src/system_stm32l0xx.o
                0x08001248                SystemInit
 *fill*         0x08001252        0x2 
 .text.MX_USART2_UART_Init
                0x08001254       0x60 ./Core/Src/usart.o
                0x08001254                MX_USART2_UART_Init
 .text.HAL_UART_MspInit
                0x080012b4       0x88 ./Core/Src/usart.o
                0x080012b4                HAL_UART_MspInit
 .text.Reset_Handler
                0x0800133c       0x50 ./Core/Startup/startup_stm32l053r8tx.o
                0x0800133c                Reset_Handler
 .text.Default_Handler
                0x0800138c        0x2 ./Core/Startup/startup_stm32l053r8tx.o
                0x0800138c                TSC_IRQHandler
                0x0800138c                ADC1_COMP_IRQHandler
                0x0800138c                PVD_IRQHandler
                0x0800138c                I2C1_IRQHandler
                0x0800138c                RCC_CRS_IRQHandler
                0x0800138c                SPI1_IRQHandler
                0x0800138c                TIM6_DAC_IRQHandler
                0x0800138c                EXTI2_3_IRQHandler
                0x0800138c                I2C2_IRQHandler
                0x0800138c                RTC_IRQHandler
                0x0800138c                LCD_IRQHandler
                0x0800138c                DMA1_Channel4_5_6_7_IRQHandler
                0x0800138c                EXTI4_15_IRQHandler
                0x0800138c                DMA1_Channel1_IRQHandler
                0x0800138c                Default_Handler
                0x0800138c                TIM22_IRQHandler
                0x0800138c                USB_IRQHandler
                0x0800138c                SPI2_IRQHandler
                0x0800138c                TIM21_IRQHandler
                0x0800138c                WWDG_IRQHandler
                0x0800138c                TIM2_IRQHandler
                0x0800138c                DMA1_Channel2_3_IRQHandler
                0x0800138c                USART2_IRQHandler
                0x0800138c                FLASH_IRQHandler
                0x0800138c                USART1_IRQHandler
                0x0800138c                RNG_LPUART1_IRQHandler
                0x0800138c                LPTIM1_IRQHandler
 *fill*         0x0800138e        0x2 
 .text.platformEnterCritical
                0x08001390       0x3c ./Drivers/BSP/Components/st25r500/rfal_rfst25r500.o
 .text.platformExitCritical
                0x080013cc       0x38 ./Drivers/BSP/Components/st25r500/rfal_rfst25r500.o
 .text.rfalInitialize
                0x08001404       0xd0 ./Drivers/BSP/Components/st25r500/rfal_rfst25r500.o
                0x08001404                rfalInitialize
 .text.rfalCalibrate
                0x080014d4       0x20 ./Drivers/BSP/Components/st25r500/rfal_rfst25r500.o
                0x080014d4                rfalCalibrate
 .text.rfalAdjustRegulators
                0x080014f4       0x44 ./Drivers/BSP/Components/st25r500/rfal_rfst25r500.o
                0x080014f4                rfalAdjustRegulators
 .text.rfalSetMode
                0x08001538      0x1d4 ./Drivers/BSP/Components/st25r500/rfal_rfst25r500.o
                0x08001538                rfalSetMode
 .text.rfalSetBitRate
                0x0800170c      0x480 ./Drivers/BSP/Components/st25r500/rfal_rfst25r500.o
                0x0800170c                rfalSetBitRate
 .text.rfalSetErrorHandling
                0x08001b8c       0x44 ./Drivers/BSP/Components/st25r500/rfal_rfst25r500.o
                0x08001b8c                rfalSetErrorHandling
 .text.rfalSetFDTPoll
                0x08001bd0       0x28 ./Drivers/BSP/Components/st25r500/rfal_rfst25r500.o
                0x08001bd0                rfalSetFDTPoll
 .text.rfalSetFDTListen
                0x08001bf8       0x28 ./Drivers/BSP/Components/st25r500/rfal_rfst25r500.o
                0x08001bf8                rfalSetFDTListen
 .text.rfalSetGT
                0x08001c20       0x28 ./Drivers/BSP/Components/st25r500/rfal_rfst25r500.o
                0x08001c20                rfalSetGT
 .text.rfalIsGTExpired
                0x08001c48       0x34 ./Drivers/BSP/Components/st25r500/rfal_rfst25r500.o
                0x08001c48                rfalIsGTExpired
 .text.rfalFieldOnAndStartGT
                0x08001c7c       0xe4 ./Drivers/BSP/Components/st25r500/rfal_rfst25r500.o
                0x08001c7c                rfalFieldOnAndStartGT
 .text.rfalFieldOff
                0x08001d60       0x38 ./Drivers/BSP/Components/st25r500/rfal_rfst25r500.o
                0x08001d60                rfalFieldOff
 .text.rfalStartTransceive
                0x08001d98      0x1dc ./Drivers/BSP/Components/st25r500/rfal_rfst25r500.o
                0x08001d98                rfalStartTransceive
 .text.rfalIsTransceiveInTx
                0x08001f74       0x2c ./Drivers/BSP/Components/st25r500/rfal_rfst25r500.o
                0x08001f74                rfalIsTransceiveInTx
 .text.rfalIsTransceiveInRx
                0x08001fa0       0x1c ./Drivers/BSP/Components/st25r500/rfal_rfst25r500.o
                0x08001fa0                rfalIsTransceiveInRx
 .text.rfalTransceiveBlockingTx
                0x08001fbc       0x82 ./Drivers/BSP/Components/st25r500/rfal_rfst25r500.o
                0x08001fbc                rfalTransceiveBlockingTx
 .text.rfalTransceiveRunBlockingTx
                0x0800203e       0x3c ./Drivers/BSP/Components/st25r500/rfal_rfst25r500.o
 .text.rfalTransceiveBlockingRx
                0x0800207a       0x30 ./Drivers/BSP/Components/st25r500/rfal_rfst25r500.o
                0x0800207a                rfalTransceiveBlockingRx
 .text.rfalTransceiveBlockingTxRx
                0x080020aa       0x82 ./Drivers/BSP/Components/st25r500/rfal_rfst25r500.o
                0x080020aa                rfalTransceiveBlockingTxRx
 .text.rfalRunTransceiveWorker
                0x0800212c       0x64 ./Drivers/BSP/Components/st25r500/rfal_rfst25r500.o
 .text.rfalGetTransceiveStatus
                0x08002190       0x20 ./Drivers/BSP/Components/st25r500/rfal_rfst25r500.o
                0x08002190                rfalGetTransceiveStatus
 .text.rfalWorker
                0x080021b0       0x28 ./Drivers/BSP/Components/st25r500/rfal_rfst25r500.o
                0x080021b0                rfalWorker
 .text.rfalErrorHandling
                0x080021d8       0x78 ./Drivers/BSP/Components/st25r500/rfal_rfst25r500.o
 .text.rfalCleanupTransceive
                0x08002250       0x58 ./Drivers/BSP/Components/st25r500/rfal_rfst25r500.o
 .text.rfalPrepareTransceive
                0x080022a8      0x1f4 ./Drivers/BSP/Components/st25r500/rfal_rfst25r500.o
 .text.rfalTransceiveTx
                0x0800249c      0x2e0 ./Drivers/BSP/Components/st25r500/rfal_rfst25r500.o
 .text.rfalTransceiveRx
                0x0800277c      0x4fc ./Drivers/BSP/Components/st25r500/rfal_rfst25r500.o
 .text.rfalDpoReqAdjust
                0x08002c78        0xa ./Drivers/BSP/Components/st25r500/rfal_rfst25r500.o
 .text.rfalWaitRxOn
                0x08002c82       0x3c ./Drivers/BSP/Components/st25r500/rfal_rfst25r500.o
 *fill*         0x08002cbe        0x2 
 .text.rfalFIFOStatusUpdate
                0x08002cc0       0x28 ./Drivers/BSP/Components/st25r500/rfal_rfst25r500.o
 .text.rfalFIFOStatusClear
                0x08002ce8       0x18 ./Drivers/BSP/Components/st25r500/rfal_rfst25r500.o
 .text.rfalFIFOStatusGetNumBytes
                0x08002d00       0x44 ./Drivers/BSP/Components/st25r500/rfal_rfst25r500.o
 .text.rfalFIFOStatusIsIncompleteByte
                0x08002d44       0x24 ./Drivers/BSP/Components/st25r500/rfal_rfst25r500.o
 .text.rfalFIFOStatusIsMissingPar
                0x08002d68       0x24 ./Drivers/BSP/Components/st25r500/rfal_rfst25r500.o
 .text.rfalFIFOGetNumIncompleteBits
                0x08002d8c       0x24 ./Drivers/BSP/Components/st25r500/rfal_rfst25r500.o
 .text.rfalISO14443ATransceiveShortFrame
                0x08002db0      0x104 ./Drivers/BSP/Components/st25r500/rfal_rfst25r500.o
                0x08002db0                rfalISO14443ATransceiveShortFrame
 .text.rfalISO14443AStartTransceiveAnticollisionFrame
                0x08002eb4      0x158 ./Drivers/BSP/Components/st25r500/rfal_rfst25r500.o
                0x08002eb4                rfalISO14443AStartTransceiveAnticollisionFrame
 .text.rfalISO14443AGetTransceiveAnticollisionFrameStatus
                0x0800300c      0x178 ./Drivers/BSP/Components/st25r500/rfal_rfst25r500.o
                0x0800300c                rfalISO14443AGetTransceiveAnticollisionFrameStatus
 .text.rfalISO15693TransceiveAnticollisionFrame
                0x08003184      0x18c ./Drivers/BSP/Components/st25r500/rfal_rfst25r500.o
                0x08003184                rfalISO15693TransceiveAnticollisionFrame
 .text.rfalISO15693TransceiveEOFAnticollision
                0x08003310       0x52 ./Drivers/BSP/Components/st25r500/rfal_rfst25r500.o
                0x08003310                rfalISO15693TransceiveEOFAnticollision
 *fill*         0x08003362        0x2 
 .text.rfalISO15693TransceiveEOF
                0x08003364      0x19c ./Drivers/BSP/Components/st25r500/rfal_rfst25r500.o
                0x08003364                rfalISO15693TransceiveEOF
 .text.rfalStartFeliCaPoll
                0x08003500      0x140 ./Drivers/BSP/Components/st25r500/rfal_rfst25r500.o
                0x08003500                rfalStartFeliCaPoll
 .text.rfalGetFeliCaPollStatus
                0x08003640      0x174 ./Drivers/BSP/Components/st25r500/rfal_rfst25r500.o
                0x08003640                rfalGetFeliCaPollStatus
 .text.rfalChipChangeRegBits
                0x080037b4       0x5a ./Drivers/BSP/Components/st25r500/rfal_rfst25r500.o
                0x080037b4                rfalChipChangeRegBits
 .text.rfalChipChangeTestRegBits
                0x0800380e       0x3c ./Drivers/BSP/Components/st25r500/rfal_rfst25r500.o
                0x0800380e                rfalChipChangeTestRegBits
 .text.st25r500ExecuteCommandAndGetResult
                0x0800384a       0x78 ./Drivers/BSP/Components/st25r500/st25r500.o
                0x0800384a                st25r500ExecuteCommandAndGetResult
 *fill*         0x080038c2        0x2 
 .text.st25r500Initialize
                0x080038c4       0x84 ./Drivers/BSP/Components/st25r500/st25r500.o
                0x080038c4                st25r500Initialize
 .text.st25r500OscOn
                0x08003948       0x72 ./Drivers/BSP/Components/st25r500/st25r500.o
                0x08003948                st25r500OscOn
 .text.st25r500AdjustRegulators
                0x080039ba       0x7a ./Drivers/BSP/Components/st25r500/st25r500.o
                0x080039ba                st25r500AdjustRegulators
 .text.st25r500SetBitrate
                0x08003a34       0xb4 ./Drivers/BSP/Components/st25r500/st25r500.o
                0x08003a34                st25r500SetBitrate
 .text.st25r500PerformCollisionAvoidance
                0x08003ae8      0x114 ./Drivers/BSP/Components/st25r500/st25r500.o
                0x08003ae8                st25r500PerformCollisionAvoidance
 .text.st25r500SetNumTxBits
                0x08003bfc       0x34 ./Drivers/BSP/Components/st25r500/st25r500.o
                0x08003bfc                st25r500SetNumTxBits
 .text.st25r500SetMRT
                0x08003c30       0xc8 ./Drivers/BSP/Components/st25r500/st25r500.o
                0x08003c30                st25r500SetMRT
 .text.st25r500SetNoResponseTime
                0x08003cf8       0x98 ./Drivers/BSP/Components/st25r500/st25r500.o
                0x08003cf8                st25r500SetNoResponseTime
 .text.st25r500SetGPTime
                0x08003d90       0x34 ./Drivers/BSP/Components/st25r500/st25r500.o
                0x08003d90                st25r500SetGPTime
 .text.st25r500SetStartGPTimer
                0x08003dc4       0x42 ./Drivers/BSP/Components/st25r500/st25r500.o
                0x08003dc4                st25r500SetStartGPTimer
 .text.st25r500CheckChipID
                0x08003e06       0x4e ./Drivers/BSP/Components/st25r500/st25r500.o
                0x08003e06                st25r500CheckChipID
 .text.platformEnterCritical
                0x08003e54       0x3c ./Drivers/BSP/Components/st25r500/st25r500_com.o
 .text.platformExitCritical
                0x08003e90       0x38 ./Drivers/BSP/Components/st25r500/st25r500_com.o
 .text.st25r500comStart
                0x08003ec8       0x12 ./Drivers/BSP/Components/st25r500/st25r500_com.o
 .text.st25r500comStop
                0x08003eda       0x12 ./Drivers/BSP/Components/st25r500/st25r500_com.o
 .text.st25r500comTx
                0x08003eec       0x3e ./Drivers/BSP/Components/st25r500/st25r500_com.o
 .text.st25r500comRx
                0x08003f2a       0x7c ./Drivers/BSP/Components/st25r500/st25r500_com.o
 .text.st25r500comTxByte
                0x08003fa6       0x42 ./Drivers/BSP/Components/st25r500/st25r500_com.o
 .text.st25r500ReadRegister
                0x08003fe8       0x26 ./Drivers/BSP/Components/st25r500/st25r500_com.o
                0x08003fe8                st25r500ReadRegister
 .text.st25r500ReadMultipleRegisters
                0x0800400e       0x54 ./Drivers/BSP/Components/st25r500/st25r500_com.o
                0x0800400e                st25r500ReadMultipleRegisters
 .text.st25r500WriteRegister
                0x08004062       0x34 ./Drivers/BSP/Components/st25r500/st25r500_com.o
                0x08004062                st25r500WriteRegister
 .text.st25r500WriteMultipleRegisters
                0x08004096       0x5e ./Drivers/BSP/Components/st25r500/st25r500_com.o
                0x08004096                st25r500WriteMultipleRegisters
 .text.st25r500WriteFifo
                0x080040f4       0x36 ./Drivers/BSP/Components/st25r500/st25r500_com.o
                0x080040f4                st25r500WriteFifo
 .text.st25r500ReadFifo
                0x0800412a       0x3e ./Drivers/BSP/Components/st25r500/st25r500_com.o
                0x0800412a                st25r500ReadFifo
 .text.st25r500ExecuteCommand
                0x08004168       0x36 ./Drivers/BSP/Components/st25r500/st25r500_com.o
                0x08004168                st25r500ExecuteCommand
 .text.st25r500ReadTestRegister
                0x0800419e       0x4a ./Drivers/BSP/Components/st25r500/st25r500_com.o
                0x0800419e                st25r500ReadTestRegister
 .text.st25r500WriteTestRegister
                0x080041e8       0x52 ./Drivers/BSP/Components/st25r500/st25r500_com.o
                0x080041e8                st25r500WriteTestRegister
 .text.st25r500WriteMultipleTestRegister
                0x0800423a       0x50 ./Drivers/BSP/Components/st25r500/st25r500_com.o
                0x0800423a                st25r500WriteMultipleTestRegister
 .text.st25r500ClrRegisterBits
                0x0800428a       0x8a ./Drivers/BSP/Components/st25r500/st25r500_com.o
                0x0800428a                st25r500ClrRegisterBits
 .text.st25r500SetRegisterBits
                0x08004314       0x76 ./Drivers/BSP/Components/st25r500/st25r500_com.o
                0x08004314                st25r500SetRegisterBits
 .text.st25r500ChangeRegisterBits
                0x0800438a       0x42 ./Drivers/BSP/Components/st25r500/st25r500_com.o
                0x0800438a                st25r500ChangeRegisterBits
 .text.st25r500ModifyRegister
                0x080043cc       0x9a ./Drivers/BSP/Components/st25r500/st25r500_com.o
                0x080043cc                st25r500ModifyRegister
 .text.st25r500ChangeTestRegisterBits
                0x08004466       0xa2 ./Drivers/BSP/Components/st25r500/st25r500_com.o
                0x08004466                st25r500ChangeTestRegisterBits
 .text.st25r500CheckReg
                0x08004508       0x54 ./Drivers/BSP/Components/st25r500/st25r500_com.o
                0x08004508                st25r500CheckReg
 .text.st25r500IsRegValid
                0x0800455c       0x22 ./Drivers/BSP/Components/st25r500/st25r500_com.o
                0x0800455c                st25r500IsRegValid
 .text.st25r500ledInit
                0x0800457e        0xe ./Drivers/BSP/Components/st25r500/st25r500_com.o
                0x0800457e                st25r500ledInit
 .text.st25r500ledEvtIrq
                0x0800458c       0x10 ./Drivers/BSP/Components/st25r500/st25r500_com.o
                0x0800458c                st25r500ledEvtIrq
 .text.st25r500ledEvtWrReg
                0x0800459c       0x1a ./Drivers/BSP/Components/st25r500/st25r500_com.o
                0x0800459c                st25r500ledEvtWrReg
 .text.st25r500ledEvtWrMultiReg
                0x080045b6       0x62 ./Drivers/BSP/Components/st25r500/st25r500_com.o
                0x080045b6                st25r500ledEvtWrMultiReg
 .text.st25r500ledEvtCmd
                0x08004618       0x14 ./Drivers/BSP/Components/st25r500/st25r500_com.o
                0x08004618                st25r500ledEvtCmd
 .text.platformEnterCritical
                0x0800462c       0x3c ./Drivers/BSP/Components/st25r500/st25r500_irq.o
 .text.platformExitCritical
                0x08004668       0x38 ./Drivers/BSP/Components/st25r500/st25r500_irq.o
 .text.st25r500InitInterrupts
                0x080046a0       0x38 ./Drivers/BSP/Components/st25r500/st25r500_irq.o
                0x080046a0                st25r500InitInterrupts
 .text.st25r500Isr
                0x080046d8       0x20 ./Drivers/BSP/Components/st25r500/st25r500_irq.o
                0x080046d8                st25r500Isr
 .text.st25r500CheckForReceivedInterrupts
                0x080046f8       0x84 ./Drivers/BSP/Components/st25r500/st25r500_irq.o
                0x080046f8                st25r500CheckForReceivedInterrupts
 .text.st25r500ModifyInterrupts
                0x0800477c       0xa0 ./Drivers/BSP/Components/st25r500/st25r500_irq.o
                0x0800477c                st25r500ModifyInterrupts
 .text.st25r500WaitForInterruptsTimed
                0x0800481c       0x80 ./Drivers/BSP/Components/st25r500/st25r500_irq.o
                0x0800481c                st25r500WaitForInterruptsTimed
 .text.st25r500GetInterrupt
                0x0800489c       0x3c ./Drivers/BSP/Components/st25r500/st25r500_irq.o
                0x0800489c                st25r500GetInterrupt
 .text.st25r500ClearAndEnableInterrupts
                0x080048d8       0x20 ./Drivers/BSP/Components/st25r500/st25r500_irq.o
                0x080048d8                st25r500ClearAndEnableInterrupts
 .text.st25r500EnableInterrupts
                0x080048f8       0x1a ./Drivers/BSP/Components/st25r500/st25r500_irq.o
                0x080048f8                st25r500EnableInterrupts
 .text.st25r500DisableInterrupts
                0x08004912       0x1a ./Drivers/BSP/Components/st25r500/st25r500_irq.o
                0x08004912                st25r500DisableInterrupts
 .text.st25r500ClearInterrupts
                0x0800492c       0x2c ./Drivers/BSP/Components/st25r500/st25r500_irq.o
                0x0800492c                st25r500ClearInterrupts
 .text.HAL_Init
                0x08004958       0x40 ./Drivers/STM32L0xx_HAL_Driver/Src/stm32l0xx_hal.o
                0x08004958                HAL_Init
 .text.HAL_InitTick
                0x08004998       0x68 ./Drivers/STM32L0xx_HAL_Driver/Src/stm32l0xx_hal.o
                0x08004998                HAL_InitTick
 .text.HAL_IncTick
                0x08004a00       0x24 ./Drivers/STM32L0xx_HAL_Driver/Src/stm32l0xx_hal.o
                0x08004a00                HAL_IncTick
 .text.HAL_GetTick
                0x08004a24       0x14 ./Drivers/STM32L0xx_HAL_Driver/Src/stm32l0xx_hal.o
                0x08004a24                HAL_GetTick
 .text.HAL_Delay
                0x08004a38       0x48 ./Drivers/STM32L0xx_HAL_Driver/Src/stm32l0xx_hal.o
                0x08004a38                HAL_Delay
 .text.__NVIC_EnableIRQ
                0x08004a80       0x34 ./Drivers/STM32L0xx_HAL_Driver/Src/stm32l0xx_hal_cortex.o
 .text.__NVIC_SetPriority
                0x08004ab4       0xdc ./Drivers/STM32L0xx_HAL_Driver/Src/stm32l0xx_hal_cortex.o
 .text.SysTick_Config
                0x08004b90       0x48 ./Drivers/STM32L0xx_HAL_Driver/Src/stm32l0xx_hal_cortex.o
 .text.HAL_NVIC_SetPriority
                0x08004bd8       0x2a ./Drivers/STM32L0xx_HAL_Driver/Src/stm32l0xx_hal_cortex.o
                0x08004bd8                HAL_NVIC_SetPriority
 .text.HAL_NVIC_EnableIRQ
                0x08004c02       0x20 ./Drivers/STM32L0xx_HAL_Driver/Src/stm32l0xx_hal_cortex.o
                0x08004c02                HAL_NVIC_EnableIRQ
 .text.HAL_SYSTICK_Config
                0x08004c22       0x1a ./Drivers/STM32L0xx_HAL_Driver/Src/stm32l0xx_hal_cortex.o
                0x08004c22                HAL_SYSTICK_Config
 .text.HAL_GPIO_Init
                0x08004c3c      0x2ec ./Drivers/STM32L0xx_HAL_Driver/Src/stm32l0xx_hal_gpio.o
                0x08004c3c                HAL_GPIO_Init
 .text.HAL_GPIO_ReadPin
                0x08004f28       0x3a ./Drivers/STM32L0xx_HAL_Driver/Src/stm32l0xx_hal_gpio.o
                0x08004f28                HAL_GPIO_ReadPin
 .text.HAL_GPIO_WritePin
                0x08004f62       0x3a ./Drivers/STM32L0xx_HAL_Driver/Src/stm32l0xx_hal_gpio.o
                0x08004f62                HAL_GPIO_WritePin
 .text.HAL_GPIO_EXTI_IRQHandler
                0x08004f9c       0x38 ./Drivers/STM32L0xx_HAL_Driver/Src/stm32l0xx_hal_gpio.o
                0x08004f9c                HAL_GPIO_EXTI_IRQHandler
 .text.HAL_RCC_OscConfig
                0x08004fd4      0x788 ./Drivers/STM32L0xx_HAL_Driver/Src/stm32l0xx_hal_rcc.o
                0x08004fd4                HAL_RCC_OscConfig
 .text.HAL_RCC_ClockConfig
                0x0800575c      0x290 ./Drivers/STM32L0xx_HAL_Driver/Src/stm32l0xx_hal_rcc.o
                0x0800575c                HAL_RCC_ClockConfig
 .text.HAL_RCC_GetSysClockFreq
                0x080059ec      0x10c ./Drivers/STM32L0xx_HAL_Driver/Src/stm32l0xx_hal_rcc.o
                0x080059ec                HAL_RCC_GetSysClockFreq
 .text.HAL_RCC_GetHCLKFreq
                0x08005af8       0x14 ./Drivers/STM32L0xx_HAL_Driver/Src/stm32l0xx_hal_rcc.o
                0x08005af8                HAL_RCC_GetHCLKFreq
 .text.HAL_RCC_GetPCLK1Freq
                0x08005b0c       0x2c ./Drivers/STM32L0xx_HAL_Driver/Src/stm32l0xx_hal_rcc.o
                0x08005b0c                HAL_RCC_GetPCLK1Freq
 .text.HAL_RCC_GetPCLK2Freq
                0x08005b38       0x2c ./Drivers/STM32L0xx_HAL_Driver/Src/stm32l0xx_hal_rcc.o
                0x08005b38                HAL_RCC_GetPCLK2Freq
 .text.HAL_RCCEx_PeriphCLKConfig
                0x08005b64      0x31c ./Drivers/STM32L0xx_HAL_Driver/Src/stm32l0xx_hal_rcc_ex.o
                0x08005b64                HAL_RCCEx_PeriphCLKConfig
 .text.HAL_SPI_Init
                0x08005e80      0x128 ./Drivers/STM32L0xx_HAL_Driver/Src/stm32l0xx_hal_spi.o
                0x08005e80                HAL_SPI_Init
 .text.HAL_SPI_Transmit
                0x08005fa8      0x2a0 ./Drivers/STM32L0xx_HAL_Driver/Src/stm32l0xx_hal_spi.o
                0x08005fa8                HAL_SPI_Transmit
 .text.HAL_SPI_Receive
                0x08006248      0x244 ./Drivers/STM32L0xx_HAL_Driver/Src/stm32l0xx_hal_spi.o
                0x08006248                HAL_SPI_Receive
 .text.HAL_SPI_TransmitReceive
                0x0800648c      0x37e ./Drivers/STM32L0xx_HAL_Driver/Src/stm32l0xx_hal_spi.o
                0x0800648c                HAL_SPI_TransmitReceive
 *fill*         0x0800680a        0x2 
 .text.SPI_WaitFlagStateUntilTimeout
                0x0800680c      0x11c ./Drivers/STM32L0xx_HAL_Driver/Src/stm32l0xx_hal_spi.o
 .text.SPI_EndRxTransaction
                0x08006928       0xd4 ./Drivers/STM32L0xx_HAL_Driver/Src/stm32l0xx_hal_spi.o
 .text.SPI_EndRxTxTransaction
                0x080069fc       0xb4 ./Drivers/STM32L0xx_HAL_Driver/Src/stm32l0xx_hal_spi.o
 .text.HAL_UART_Init
                0x08006ab0       0xa8 ./Drivers/STM32L0xx_HAL_Driver/Src/stm32l0xx_hal_uart.o
                0x08006ab0                HAL_UART_Init
 .text.HAL_UART_Transmit
                0x08006b58      0x13e ./Drivers/STM32L0xx_HAL_Driver/Src/stm32l0xx_hal_uart.o
                0x08006b58                HAL_UART_Transmit
 *fill*         0x08006c96        0x2 
 .text.UART_SetConfig
                0x08006c98      0x508 ./Drivers/STM32L0xx_HAL_Driver/Src/stm32l0xx_hal_uart.o
                0x08006c98                UART_SetConfig
 .text.UART_AdvFeatureConfig
                0x080071a0      0x168 ./Drivers/STM32L0xx_HAL_Driver/Src/stm32l0xx_hal_uart.o
                0x080071a0                UART_AdvFeatureConfig
 .text.UART_CheckIdleState
                0x08007308      0x150 ./Drivers/STM32L0xx_HAL_Driver/Src/stm32l0xx_hal_uart.o
                0x08007308                UART_CheckIdleState
 .text.UART_WaitOnFlagUntilTimeout
                0x08007458       0xde ./Drivers/STM32L0xx_HAL_Driver/Src/stm32l0xx_hal_uart.o
                0x08007458                UART_WaitOnFlagUntilTimeout
 *fill*         0x08007536        0x2 
 .text.UART_EndRxTransfer
                0x08007538       0xc8 ./Drivers/STM32L0xx_HAL_Driver/Src/stm32l0xx_hal_uart.o
 .text.rfalAnalogConfigInitialize
                0x08007600       0x28 ./ThirdParty/rfal/Src/rfal_analogConfig.o
                0x08007600                rfalAnalogConfigInitialize
 .text.rfalSetAnalogConfig
                0x08007628      0x1ac ./ThirdParty/rfal/Src/rfal_analogConfig.o
                0x08007628                rfalSetAnalogConfig
 .text.rfalAnalogConfigSearch
                0x080077d4      0x114 ./ThirdParty/rfal/Src/rfal_analogConfig.o
 .text.rfalNfcInitialize
                0x080078e8       0x4c ./ThirdParty/rfal/Src/rfal_nfc.o
                0x080078e8                rfalNfcInitialize
 .text.rfalNfcDiscover
                0x08007934      0x1f4 ./ThirdParty/rfal/Src/rfal_nfc.o
                0x08007934                rfalNfcDiscover
 .text.rfalNfcDeactivate
                0x08007b28       0xb4 ./ThirdParty/rfal/Src/rfal_nfc.o
                0x08007b28                rfalNfcDeactivate
 .text.rfalNfcGetState
                0x08007bdc       0x14 ./ThirdParty/rfal/Src/rfal_nfc.o
                0x08007bdc                rfalNfcGetState
 .text.rfalNfcGetDevicesFound
                0x08007bf0       0x4c ./ThirdParty/rfal/Src/rfal_nfc.o
                0x08007bf0                rfalNfcGetDevicesFound
 .text.rfalNfcWorker
                0x08007c3c      0x30c ./ThirdParty/rfal/Src/rfal_nfc.o
                0x08007c3c                rfalNfcWorker
 .text.rfalNfcDataExchangeGetStatus
                0x08007f48       0xa8 ./ThirdParty/rfal/Src/rfal_nfc.o
                0x08007f48                rfalNfcDataExchangeGetStatus
 .text.rfalNfcPollTechDetection
                0x08007ff0      0x4ec ./ThirdParty/rfal/Src/rfal_nfc.o
 .text.rfalNfcPollCollResolution
                0x080084dc      0x7fc ./ThirdParty/rfal/Src/rfal_nfc.o
 .text.rfalNfcPollActivation
                0x08008cd8      0x664 ./ThirdParty/rfal/Src/rfal_nfc.o
 .text.rfalNfcDeactivation
                0x0800933c      0x164 ./ThirdParty/rfal/Src/rfal_nfc.o
 .text.rfalNfcaCalculateBcc
                0x080094a0       0x5e ./ThirdParty/rfal/Src/rfal_nfca.o
 *fill*         0x080094fe        0x2 
 .text.rfalNfcaPollerStartSingleCollisionResolution
                0x08009500       0xb0 ./ThirdParty/rfal/Src/rfal_nfca.o
 .text.rfalNfcaPollerGetSingleCollisionResolutionStatus
                0x080095b0      0x530 ./ThirdParty/rfal/Src/rfal_nfca.o
 .text.rfalNfcaPollerInitialize
                0x08009ae0       0x58 ./ThirdParty/rfal/Src/rfal_nfca.o
                0x08009ae0                rfalNfcaPollerInitialize
 .text.rfalNfcaPollerCheckPresence
                0x08009b38       0x78 ./ThirdParty/rfal/Src/rfal_nfca.o
                0x08009b38                rfalNfcaPollerCheckPresence
 .text.rfalNfcaPollerStartTechnologyDetection
                0x08009bb0       0x70 ./ThirdParty/rfal/Src/rfal_nfca.o
                0x08009bb0                rfalNfcaPollerStartTechnologyDetection
 .text.rfalNfcaPollerGetTechnologyDetectionStatus
                0x08009c20       0x40 ./ThirdParty/rfal/Src/rfal_nfca.o
                0x08009c20                rfalNfcaPollerGetTechnologyDetectionStatus
 .text.rfalNfcaPollerStartFullCollisionResolution
                0x08009c60      0x1f0 ./ThirdParty/rfal/Src/rfal_nfca.o
                0x08009c60                rfalNfcaPollerStartFullCollisionResolution
 .text.rfalNfcaPollerGetFullCollisionResolutionStatus
                0x08009e50      0x204 ./ThirdParty/rfal/Src/rfal_nfca.o
                0x08009e50                rfalNfcaPollerGetFullCollisionResolutionStatus
 .text.rfalNfcaPollerStartSelect
                0x0800a054       0x74 ./ThirdParty/rfal/Src/rfal_nfca.o
                0x0800a054                rfalNfcaPollerStartSelect
 .text.rfalNfcaPollerGetSelectStatus
                0x0800a0c8      0x15c ./ThirdParty/rfal/Src/rfal_nfca.o
                0x0800a0c8                rfalNfcaPollerGetSelectStatus
 .text.rfalNfcaPollerStartSleep
                0x0800a224       0x60 ./ThirdParty/rfal/Src/rfal_nfca.o
                0x0800a224                rfalNfcaPollerStartSleep
 .text.rfalNfcaPollerGetSleepStatus
                0x0800a284       0x28 ./ThirdParty/rfal/Src/rfal_nfca.o
                0x0800a284                rfalNfcaPollerGetSleepStatus
 .text.rfalNfcbCheckSensbRes
                0x0800a2ac       0x44 ./ThirdParty/rfal/Src/rfal_nfcb.o
 .text.rfalNfcbPollerSleepTx
                0x0800a2f0       0x68 ./ThirdParty/rfal/Src/rfal_nfcb.o
 .text.rfalNfcbPollerInitialize
                0x0800a358       0x68 ./ThirdParty/rfal/Src/rfal_nfcb.o
                0x0800a358                rfalNfcbPollerInitialize
 .text.rfalNfcbPollerStartCheckPresence
                0x0800a3c0       0xc0 ./ThirdParty/rfal/Src/rfal_nfcb.o
                0x0800a3c0                rfalNfcbPollerStartCheckPresence
 .text.rfalNfcbPollerGetCheckPresenceStatus
                0x0800a480       0x78 ./ThirdParty/rfal/Src/rfal_nfcb.o
                0x0800a480                rfalNfcbPollerGetCheckPresenceStatus
 .text.rfalNfcbPollerSleep
                0x0800a4f8       0x84 ./ThirdParty/rfal/Src/rfal_nfcb.o
                0x0800a4f8                rfalNfcbPollerSleep
 .text.rfalNfcbPollerStartSlotMarker
                0x0800a57c       0x88 ./ThirdParty/rfal/Src/rfal_nfcb.o
                0x0800a57c                rfalNfcbPollerStartSlotMarker
 .text.rfalNfcbPollerGetSlotMarkerStatus
                0x0800a604       0x70 ./ThirdParty/rfal/Src/rfal_nfcb.o
                0x0800a604                rfalNfcbPollerGetSlotMarkerStatus
 .text.rfalNfcbPollerStartTechnologyDetection
                0x0800a674       0x34 ./ThirdParty/rfal/Src/rfal_nfcb.o
                0x0800a674                rfalNfcbPollerStartTechnologyDetection
 .text.rfalNfcbPollerGetTechnologyDetectionStatus
                0x0800a6a8       0x10 ./ThirdParty/rfal/Src/rfal_nfcb.o
                0x0800a6a8                rfalNfcbPollerGetTechnologyDetectionStatus
 .text.rfalNfcbPollerStartCollisionResolution
                0x0800a6b8       0x44 ./ThirdParty/rfal/Src/rfal_nfcb.o
                0x0800a6b8                rfalNfcbPollerStartCollisionResolution
 .text.rfalNfcbPollerStartSlottedCollisionResolution
                0x0800a6fc       0xd4 ./ThirdParty/rfal/Src/rfal_nfcb.o
                0x0800a6fc                rfalNfcbPollerStartSlottedCollisionResolution
 .text.rfalNfcbPollerGetCollisionResolutionStatus
                0x0800a7d0      0x3d4 ./ThirdParty/rfal/Src/rfal_nfcb.o
                0x0800a7d0                rfalNfcbPollerGetCollisionResolutionStatus
 .text.rfalNfcfComputeValidSENF
                0x0800aba4      0x220 ./ThirdParty/rfal/Src/rfal_nfcf.o
 .text.rfalNfcfPollerInitialize
                0x0800adc4       0x78 ./ThirdParty/rfal/Src/rfal_nfcf.o
                0x0800adc4                rfalNfcfPollerInitialize
 .text.rfalNfcfPollerStartCheckPresence
                0x0800ae3c       0x44 ./ThirdParty/rfal/Src/rfal_nfcf.o
                0x0800ae3c                rfalNfcfPollerStartCheckPresence
 .text.rfalNfcfPollerGetCheckPresenceStatus
                0x0800ae80       0x10 ./ThirdParty/rfal/Src/rfal_nfcf.o
                0x0800ae80                rfalNfcfPollerGetCheckPresenceStatus
 .text.rfalNfcfPollerStartCollisionResolution
                0x0800ae90       0x9c ./ThirdParty/rfal/Src/rfal_nfcf.o
                0x0800ae90                rfalNfcfPollerStartCollisionResolution
 .text.rfalNfcfPollerGetCollisionResolutionStatus
                0x0800af2c      0x138 ./ThirdParty/rfal/Src/rfal_nfcf.o
                0x0800af2c                rfalNfcfPollerGetCollisionResolutionStatus
 .text.rfalNfcvPollerInitialize
                0x0800b064       0x58 ./ThirdParty/rfal/Src/rfal_nfcv.o
                0x0800b064                rfalNfcvPollerInitialize
 .text.rfalNfcvPollerCheckPresence
                0x0800b0bc       0x56 ./ThirdParty/rfal/Src/rfal_nfcv.o
                0x0800b0bc                rfalNfcvPollerCheckPresence
 .text.rfalNfcvPollerInventory
                0x0800b112      0x110 ./ThirdParty/rfal/Src/rfal_nfcv.o
                0x0800b112                rfalNfcvPollerInventory
 .text.rfalNfcvPollerCollisionResolution
                0x0800b222      0x3b8 ./ThirdParty/rfal/Src/rfal_nfcv.o
                0x0800b222                rfalNfcvPollerCollisionResolution
 *fill*         0x0800b5da        0x2 
 .text.rfalT1TPollerInitialize
                0x0800b5dc       0x50 ./ThirdParty/rfal/Src/rfal_t1t.o
                0x0800b5dc                rfalT1TPollerInitialize
 .text.rfalT1TPollerRid
                0x0800b62c       0x84 ./ThirdParty/rfal/Src/rfal_t1t.o
                0x0800b62c                rfalT1TPollerRid
 .text.rfalT2TPollerRead
                0x0800b6b0       0x98 ./ThirdParty/rfal/Src/rfal_t2t.o
                0x0800b6b0                rfalT2TPollerRead
 .text.snprintf
                0x0800b748       0x6c C:/ST/STM32CubeIDE_2.0.0/STM32CubeIDE/plugins/com.st.stm32cube.ide.mcu.externaltools.gnu-tools-for-stm32.13.3.rel1.win32_1.0.100.202509120712/tools/bin/../lib/gcc/arm-none-eabi/13.3.1/../../../../arm-none-eabi/lib/thumb/v6-m/nofp\libc_nano.a(libc_a-snprintf.o)
                0x0800b748                sniprintf
                0x0800b748                snprintf
 .text.memcmp   0x0800b7b4       0x1c C:/ST/STM32CubeIDE_2.0.0/STM32CubeIDE/plugins/com.st.stm32cube.ide.mcu.externaltools.gnu-tools-for-stm32.13.3.rel1.win32_1.0.100.202509120712/tools/bin/../lib/gcc/arm-none-eabi/13.3.1/../../../../arm-none-eabi/lib/thumb/v6-m/nofp\libc_nano.a(libc_a-memcmp.o)
                0x0800b7b4                memcmp
 .text.memmove  0x0800b7d0       0x24 C:/ST/STM32CubeIDE_2.0.0/STM32CubeIDE/plugins/com.st.stm32cube.ide.mcu.externaltools.gnu-tools-for-stm32.13.3.rel1.win32_1.0.100.202509120712/tools/bin/../lib/gcc/arm-none-eabi/13.3.1/../../../../arm-none-eabi/lib/thumb/v6-m/nofp\libc_nano.a(libc_a-memmove.o)
                0x0800b7d0                memmove
 .text.memset   0x0800b7f4       0x10 C:/ST/STM32CubeIDE_2.0.0/STM32CubeIDE/plugins/com.st.stm32cube.ide.mcu.externaltools.gnu-tools-for-stm32.13.3.rel1.win32_1.0.100.202509120712/tools/bin/../lib/gcc/arm-none-eabi/13.3.1/../../../../arm-none-eabi/lib/thumb/v6-m/nofp\libc_nano.a(libc_a-memset.o)
                0x0800b7f4                memset
 .text.__errno  0x0800b804        0xc C:/ST/STM32CubeIDE_2.0.0/STM32CubeIDE/plugins/com.st.stm32cube.ide.mcu.externaltools.gnu-tools-for-stm32.13.3.rel1.win32_1.0.100.202509120712/tools/bin/../lib/gcc/arm-none-eabi/13.3.1/../../../../arm-none-eabi/lib/thumb/v6-m/nofp\libc_nano.a(libc_a-errno.o)
                0x0800b804                __errno
 .text.__libc_init_array
                0x0800b810       0x48 C:/ST/STM32CubeIDE_2.0.0/STM32CubeIDE/plugins/com.st.stm32cube.ide.mcu.externaltools.gnu-tools-for-stm32.13.3.rel1.win32_1.0.100.202509120712/tools/bin/../lib/gcc/arm-none-eabi/13.3.1/../../../../arm-none-eabi/lib/thumb/v6-m/nofp\libc_nano.a(libc_a-init.o)
                0x0800b810                __libc_init_array
 .text.__retarget_lock_acquire_recursive
                0x0800b858        0x2 C:/ST/STM32CubeIDE_2.0.0/STM32CubeIDE/plugins/com.st.stm32cube.ide.mcu.externaltools.gnu-tools-for-stm32.13.3.rel1.win32_1.0.100.202509120712/tools/bin/../lib/gcc/arm-none-eabi/13.3.1/../../../../arm-none-eabi/lib/thumb/v6-m/nofp\libc_nano.a(libc_a-lock.o)
                0x0800b858                __retarget_lock_acquire_recursive
 .text.__retarget_lock_release_recursive
                0x0800b85a        0x2 C:/ST/STM32CubeIDE_2.0.0/STM32CubeIDE/plugins/com.st.stm32cube.ide.mcu.externaltools.gnu-tools-for-stm32.13.3.rel1.win32_1.0.100.202509120712/tools/bin/../lib/gcc/arm-none-eabi/13.3.1/../../../../arm-none-eabi/lib/thumb/v6-m/nofp\libc_nano.a(libc_a-lock.o)
                0x0800b85a                __retarget_lock_release_recursive
 .text.memcpy   0x0800b85c       0x12 C:/ST/STM32CubeIDE_2.0.0/STM32CubeIDE/plugins/com.st.stm32cube.ide.mcu.externaltools.gnu-tools-for-stm32.13.3.rel1.win32_1.0.100.202509120712/tools/bin/../lib/gcc/arm-none-eabi/13.3.1/../../../../arm-none-eabi/lib/thumb/v6-m/nofp\libc_nano.a(libc_a-memcpy-stub.o)
                0x0800b85c                memcpy
 *fill*         0x0800b86e        0x2 
 .text._free_r  0x0800b870       0x94 C:/ST/STM32CubeIDE_2.0.0/STM32CubeIDE/plugins/com.st.stm32cube.ide.mcu.externaltools.gnu-tools-for-stm32.13.3.rel1.win32_1.0.100.202509120712/tools/bin/../lib/gcc/arm-none-eabi/13.3.1/../../../../arm-none-eabi/lib/thumb/v6-m/nofp\libc_nano.a(libc_a-freer.o)
                0x0800b870                _free_r
 .text.sbrk_aligned
                0x0800b904       0x44 C:/ST/STM32CubeIDE_2.0.0/STM32CubeIDE/plugins/com.st.stm32cube.ide.mcu.externaltools.gnu-tools-for-stm32.13.3.rel1.win32_1.0.100.202509120712/tools/bin/../lib/gcc/arm-none-eabi/13.3.1/../../../../arm-none-eabi/lib/thumb/v6-m/nofp\libc_nano.a(libc_a-mallocr.o)
 .text._malloc_r
                0x0800b948      0x100 C:/ST/STM32CubeIDE_2.0.0/STM32CubeIDE/plugins/com.st.stm32cube.ide.mcu.externaltools.gnu-tools-for-stm32.13.3.rel1.win32_1.0.100.202509120712/tools/bin/../lib/gcc/arm-none-eabi/13.3.1/../../../../arm-none-eabi/lib/thumb/v6-m/nofp\libc_nano.a(libc_a-mallocr.o)
                0x0800b948                _malloc_r
 .text.__malloc_lock
                0x0800ba48       0x10 C:/ST/STM32CubeIDE_2.0.0/STM32CubeIDE/plugins/com.st.stm32cube.ide.mcu.externaltools.gnu-tools-for-stm32.13.3.rel1.win32_1.0.100.202509120712/tools/bin/../lib/gcc/arm-none-eabi/13.3.1/../../../../arm-none-eabi/lib/thumb/v6-m/nofp\libc_nano.a(libc_a-mlock.o)
                0x0800ba48                __malloc_lock
 .text.__malloc_unlock
                0x0800ba58       0x10 C:/ST/STM32CubeIDE_2.0.0/STM32CubeIDE/plugins/com.st.stm32cube.ide.mcu.externaltools.gnu-tools-for-stm32.13.3.rel1.win32_1.0.100.202509120712/tools/bin/../lib/gcc/arm-none-eabi/13.3.1/../../../../arm-none-eabi/lib/thumb/v6-m/nofp\libc_nano.a(libc_a-mlock.o)
                0x0800ba58                __malloc_unlock
 .text.__ssputs_r
                0x0800ba68       0xc0 C:/ST/STM32CubeIDE_2.0.0/STM32CubeIDE/plugins/com.st.stm32cube.ide.mcu.externaltools.gnu-tools-for-stm32.13.3.rel1.win32_1.0.100.202509120712/tools/bin/../lib/gcc/arm-none-eabi/13.3.1/../../../../arm-none-eabi/lib/thumb/v6-m/nofp\libc_nano.a(libc_a-nano-svfprintf.o)
                0x0800ba68                __ssputs_r
 .text._svfprintf_r
                0x0800bb28      0x1fc C:/ST/STM32CubeIDE_2.0.0/STM32CubeIDE/plugins/com.st.stm32cube.ide.mcu.externaltools.gnu-tools-for-stm32.13.3.rel1.win32_1.0.100.202509120712/tools/bin/../lib/gcc/arm-none-eabi/13.3.1/../../../../arm-none-eabi/lib/thumb/v6-m/nofp\libc_nano.a(libc_a-nano-svfprintf.o)
                0x0800bb28                _svfiprintf_r
                0x0800bb28                _svfprintf_r
 .text._printf_common
                0x0800bd24       0xde C:/ST/STM32CubeIDE_2.0.0/STM32CubeIDE/plugins/com.st.stm32cube.ide.mcu.externaltools.gnu-tools-for-stm32.13.3.rel1.win32_1.0.100.202509120712/tools/bin/../lib/gcc/arm-none-eabi/13.3.1/../../../../arm-none-eabi/lib/thumb/v6-m/nofp\libc_nano.a(libc_a-nano-vfprintf_i.o)
                0x0800bd24                _printf_common
 *fill*         0x0800be02        0x2 
 .text._printf_i
                0x0800be04      0x218 C:/ST/STM32CubeIDE_2.0.0/STM32CubeIDE/plugins/com.st.stm32cube.ide.mcu.externaltools.gnu-tools-for-stm32.13.3.rel1.win32_1.0.100.202509120712/tools/bin/../lib/gcc/arm-none-eabi/13.3.1/../../../../arm-none-eabi/lib/thumb/v6-m/nofp\libc_nano.a(libc_a-nano-vfprintf_i.o)
                0x0800be04                _printf_i
 .text._sbrk_r  0x0800c01c       0x24 C:/ST/STM32CubeIDE_2.0.0/STM32CubeIDE/plugins/com.st.stm32cube.ide.mcu.externaltools.gnu-tools-for-stm32.13.3.rel1.win32_1.0.100.202509120712/tools/bin/../lib/gcc/arm-none-eabi/13.3.1/../../../../arm-none-eabi/lib/thumb/v6-m/nofp\libc_nano.a(libc_a-sbrkr.o)
                0x0800c01c                _sbrk_r
 .text.memchr   0x0800c040       0x16 C:/ST/STM32CubeIDE_2.0.0/STM32CubeIDE/plugins/com.st.stm32cube.ide.mcu.externaltools.gnu-tools-for-stm32.13.3.rel1.win32_1.0.100.202509120712/tools/bin/../lib/gcc/arm-none-eabi/13.3.1/../../../../arm-none-eabi/lib/thumb/v6-m/nofp\libc_nano.a(libc_a-memchr-stub.o)
                0x0800c040                memchr
 .text._realloc_r
                0x0800c056       0x60 C:/ST/STM32CubeIDE_2.0.0/STM32CubeIDE/plugins/com.st.stm32cube.ide.mcu.externaltools.gnu-tools-for-stm32.13.3.rel1.win32_1.0.100.202509120712/tools/bin/../lib/gcc/arm-none-eabi/13.3.1/../../../../arm-none-eabi/lib/thumb/v6-m/nofp\libc_nano.a(libc_a-reallocr.o)
                0x0800c056                _realloc_r
 .text._malloc_usable_size_r
                0x0800c0b6       0x10 C:/ST/STM32CubeIDE_2.0.0/STM32CubeIDE/plugins/com.st.stm32cube.ide.mcu.externaltools.gnu-tools-for-stm32.13.3.rel1.win32_1.0.100.202509120712/tools/bin/../lib/gcc/arm-none-eabi/13.3.1/../../../../arm-none-eabi/lib/thumb/v6-m/nofp\libc_nano.a(libc_a-msizer.o)
                0x0800c0b6                _malloc_usable_size_r
 *(.glue_7)
 .glue_7        0x0800c0c6        0x0 linker stubs
 *(.glue_7t)
 .glue_7t       0x0800c0c6        0x0 linker stubs
 *(.eh_frame)
 *fill*         0x0800c0c6        0x2 
 .eh_frame      0x0800c0c8        0x0 C:/ST/STM32CubeIDE_2.0.0/STM32CubeIDE/plugins/com.st.stm32cube.ide.mcu.externaltools.gnu-tools-for-stm32.13.3.rel1.win32_1.0.100.202509120712/tools/bin/../lib/gcc/arm-none-eabi/13.3.1/thumb/v6-m/nofp/crtbegin.o
 *(.init)
 .init          0x0800c0c8        0x4 C:/ST/STM32CubeIDE_2.0.0/STM32CubeIDE/plugins/com.st.stm32cube.ide.mcu.externaltools.gnu-tools-for-stm32.13.3.rel1.win32_1.0.100.202509120712/tools/bin/../lib/gcc/arm-none-eabi/13.3.1/thumb/v6-m/nofp/crti.o
                0x0800c0c8                _init
 .init          0x0800c0cc        0x8 C:/ST/STM32CubeIDE_2.0.0/STM32CubeIDE/plugins/com.st.stm32cube.ide.mcu.externaltools.gnu-tools-for-stm32.13.3.rel1.win32_1.0.100.202509120712/tools/bin/../lib/gcc/arm-none-eabi/13.3.1/thumb/v6-m/nofp/crtn.o
 *(.fini)
 .fini          0x0800c0d4        0x4 C:/ST/STM32CubeIDE_2.0.0/STM32CubeIDE/plugins/com.st.stm32cube.ide.mcu.externaltools.gnu-tools-for-stm32.13.3.rel1.win32_1.0.100.202509120712/tools/bin/../lib/gcc/arm-none-eabi/13.3.1/thumb/v6-m/nofp/crti.o
                0x0800c0d4                _fini
 .fini          0x0800c0d8        0x8 C:/ST/STM32CubeIDE_2.0.0/STM32CubeIDE/plugins/com.st.stm32cube.ide.mcu.externaltools.gnu-tools-for-stm32.13.3.rel1.win32_1.0.100.202509120712/tools/bin/../lib/gcc/arm-none-eabi/13.3.1/thumb/v6-m/nofp/crtn.o
                0x0800c0e0                        . = ALIGN (0x4)
                0x0800c0e0                        _etext = .

.vfp11_veneer   0x0800c0e0        0x0
 .vfp11_veneer  0x0800c0e0        0x0 linker stubs

.v4_bx          0x0800c0e0        0x0
 .v4_bx         0x0800c0e0        0x0 linker stubs

.iplt           0x0800c0e0        0x0
 .iplt          0x0800c0e0        0x0 C:/ST/STM32CubeIDE_2.0.0/STM32CubeIDE/plugins/com.st.stm32cube.ide.mcu.externaltools.gnu-tools-for-stm32.13.3.rel1.win32_1.0.100.202509120712/tools/bin/../lib/gcc/arm-none-eabi/13.3.1/thumb/v6-m/nofp/crtbegin.o

.rodata         0x0800c0e0      0x78c
                0x0800c0e0                        . = ALIGN (0x4)
 *(.rodata)
 .rodata        0x0800c0e0      0x1af ./Core/Src/main.o
 *(.rodata*)
 *fill*         0x0800c28f        0x1 
 .rodata.AHBPrescTable
                0x0800c290       0x10 ./Core/Src/system_stm32l0xx.o
                0x0800c290                AHBPrescTable
 .rodata.APBPrescTable
                0x0800c2a0        0x8 ./Core/Src/system_stm32l0xx.o
                0x0800c2a0                APBPrescTable
 .rodata.PLLMulTable
                0x0800c2a8        0x9 ./Core/Src/system_stm32l0xx.o
                0x0800c2a8                PLLMulTable
 *fill*         0x0800c2b1        0x3 
 .rodata.rfalSetMode
                0x0800c2b4       0x38 ./Drivers/BSP/Components/st25r500/rfal_rfst25r500.o
 .rodata.rfalSetBitRate
                0x0800c2ec       0x38 ./Drivers/BSP/Components/st25r500/rfal_rfst25r500.o
 .rodata.rfalTransceiveTx
                0x0800c324       0x28 ./Drivers/BSP/Components/st25r500/rfal_rfst25r500.o
 .rodata.rfalTransceiveRx
                0x0800c34c       0x28 ./Drivers/BSP/Components/st25r500/rfal_rfst25r500.o
 .rodata.UART_SetConfig
                0x0800c374       0x48 ./Drivers/STM32L0xx_HAL_Driver/Src/stm32l0xx_hal_uart.o
 .rodata.rfalAnalogConfigDefaultSettings
                0x0800c3bc      0x3b7 ./ThirdParty/rfal/Src/rfal_analogConfig.o
                0x0800c3bc                rfalAnalogConfigDefaultSettings
 *fill*         0x0800c773        0x1 
 .rodata.rfalNfcWorker
                0x0800c774       0x8c ./ThirdParty/rfal/Src/rfal_nfc.o
 .rodata.rfalNfcPollActivation
                0x0800c800       0x1c ./ThirdParty/rfal/Src/rfal_nfc.o
 .rodata.rfalNfcaPollerGetSingleCollisionResolutionStatus
                0x0800c81c       0x1c ./ThirdParty/rfal/Src/rfal_nfca.o
 .rodata._svfprintf_r.str1.1
                0x0800c838       0x33 C:/ST/STM32CubeIDE_2.0.0/STM32CubeIDE/plugins/com.st.stm32cube.ide.mcu.externaltools.gnu-tools-for-stm32.13.3.rel1.win32_1.0.100.202509120712/tools/bin/../lib/gcc/arm-none-eabi/13.3.1/../../../../arm-none-eabi/lib/thumb/v6-m/nofp\libc_nano.a(libc_a-nano-svfprintf.o)
                                 0x11 (size before relaxing)
 .rodata._printf_i.str1.1
                0x0800c86b        0x0 C:/ST/STM32CubeIDE_2.0.0/STM32CubeIDE/plugins/com.st.stm32cube.ide.mcu.externaltools.gnu-tools-for-stm32.13.3.rel1.win32_1.0.100.202509120712/tools/bin/../lib/gcc/arm-none-eabi/13.3.1/../../../../arm-none-eabi/lib/thumb/v6-m/nofp\libc_nano.a(libc_a-nano-vfprintf_i.o)
                                 0x22 (size before relaxing)
                0x0800c86c                        . = ALIGN (0x4)
 *fill*         0x0800c86b        0x1 

.ARM.extab      0x0800c86c        0x0
                0x0800c86c                        . = ALIGN (0x4)
 *(.ARM.extab* .gnu.linkonce.armextab.*)
                0x0800c86c                        . = ALIGN (0x4)

.ARM            0x0800c86c        0x8
                0x0800c86c                        . = ALIGN (0x4)
                0x0800c86c                        __exidx_start = .
 *(.ARM.exidx*)
 .ARM.exidx     0x0800c86c        0x8 C:/ST/STM32CubeIDE_2.0.0/STM32CubeIDE/plugins/com.st.stm32cube.ide.mcu.externaltools.gnu-tools-for-stm32.13.3.rel1.win32_1.0.100.202509120712/tools/bin/../lib/gcc/arm-none-eabi/13.3.1/thumb/v6-m/nofp\libgcc.a(_udivmoddi4.o)
                0x0800c874                        __exidx_end = .
                0x0800c874                        . = ALIGN (0x4)

.preinit_array  0x0800c874        0x0
                0x0800c874                        . = ALIGN (0x4)
                0x0800c874                        PROVIDE (__preinit_array_start = .)
 *(.preinit_array*)
                0x0800c874                        PROVIDE (__preinit_array_end = .)
                0x0800c874                        . = ALIGN (0x4)

.init_array     0x0800c874        0x4
                0x0800c874                        . = ALIGN (0x4)
                0x0800c874                        PROVIDE (__init_array_start = .)
 *(SORT_BY_NAME(.init_array.*))
 *(.init_array*)
 .init_array    0x0800c874        0x4 C:/ST/STM32CubeIDE_2.0.0/STM32CubeIDE/plugins/com.st.stm32cube.ide.mcu.externaltools.gnu-tools-for-stm32.13.3.rel1.win32_1.0.100.202509120712/tools/bin/../lib/gcc/arm-none-eabi/13.3.1/thumb/v6-m/nofp/crtbegin.o
                0x0800c878                        PROVIDE (__init_array_end = .)
                0x0800c878                        . = ALIGN (0x4)

.fini_array     0x0800c878        0x4
                0x0800c878                        . = ALIGN (0x4)
                [!provide]                        PROVIDE (__fini_array_start = .)
 *(SORT_BY_NAME(.fini_array.*))
 *(.fini_array*)
 .fini_array    0x0800c878        0x4 C:/ST/STM32CubeIDE_2.0.0/STM32CubeIDE/plugins/com.st.stm32cube.ide.mcu.externaltools.gnu-tools-for-stm32.13.3.rel1.win32_1.0.100.202509120712/tools/bin/../lib/gcc/arm-none-eabi/13.3.1/thumb/v6-m/nofp/crtbegin.o
                [!provide]                        PROVIDE (__fini_array_end = .)
                0x0800c87c                        . = ALIGN (0x4)
                0x0800c87c                        _sidata = LOADADDR (.data)

.rel.dyn        0x0800c87c        0x0
 .rel.iplt      0x0800c87c        0x0 C:/ST/STM32CubeIDE_2.0.0/STM32CubeIDE/plugins/com.st.stm32cube.ide.mcu.externaltools.gnu-tools-for-stm32.13.3.rel1.win32_1.0.100.202509120712/tools/bin/../lib/gcc/arm-none-eabi/13.3.1/thumb/v6-m/nofp/crtbegin.o

.data           0x20000000       0x5c load address 0x0800c87c
                0x20000000                        . = ALIGN (0x4)
                0x20000000                        _sdata = .
 *(.data)
 *(.data*)
 .data.SystemCoreClock
                0x20000000        0x4 ./Core/Src/system_stm32l0xx.o
                0x20000000                SystemCoreClock
 .data.uwTickPrio
                0x20000004        0x4 ./Drivers/STM32L0xx_HAL_Driver/Src/stm32l0xx_hal.o
                0x20000004                uwTickPrio
 .data.uwTickFreq
                0x20000008        0x1 ./Drivers/STM32L0xx_HAL_Driver/Src/stm32l0xx_hal.o
                0x20000008                uwTickFreq
 *fill*         0x20000009        0x3 
 .data._impure_ptr
                0x2000000c        0x4 C:/ST/STM32CubeIDE_2.0.0/STM32CubeIDE/plugins/com.st.stm32cube.ide.mcu.externaltools.gnu-tools-for-stm32.13.3.rel1.win32_1.0.100.202509120712/tools/bin/../lib/gcc/arm-none-eabi/13.3.1/../../../../arm-none-eabi/lib/thumb/v6-m/nofp\libc_nano.a(libc_a-impure.o)
                0x2000000c                _impure_ptr
 .data._impure_data
                0x20000010       0x4c C:/ST/STM32CubeIDE_2.0.0/STM32CubeIDE/plugins/com.st.stm32cube.ide.mcu.externaltools.gnu-tools-for-stm32.13.3.rel1.win32_1.0.100.202509120712/tools/bin/../lib/gcc/arm-none-eabi/13.3.1/../../../../arm-none-eabi/lib/thumb/v6-m/nofp\libc_nano.a(libc_a-impure.o)
                0x20000010                _impure_data
 *(.RamFunc)
 *(.RamFunc*)
                0x2000005c                        . = ALIGN (0x4)
                0x2000005c                        _edata = .

.igot.plt       0x2000005c        0x0 load address 0x0800c8d8
 .igot.plt      0x2000005c        0x0 C:/ST/STM32CubeIDE_2.0.0/STM32CubeIDE/plugins/com.st.stm32cube.ide.mcu.externaltools.gnu-tools-for-stm32.13.3.rel1.win32_1.0.100.202509120712/tools/bin/../lib/gcc/arm-none-eabi/13.3.1/thumb/v6-m/nofp/crtbegin.o
                0x2000005c                        . = ALIGN (0x4)

.bss            0x2000005c      0xf2c load address 0x0800c8d8
                0x2000005c                        _sbss = .
                0x2000005c                        __bss_start__ = _sbss
 *(.bss)
 .bss           0x2000005c       0x1c C:/ST/STM32CubeIDE_2.0.0/STM32CubeIDE/plugins/com.st.stm32cube.ide.mcu.externaltools.gnu-tools-for-stm32.13.3.rel1.win32_1.0.100.202509120712/tools/bin/../lib/gcc/arm-none-eabi/13.3.1/thumb/v6-m/nofp/crtbegin.o
 *(.bss*)
 .bss.exti_cb_cnt
                0x20000078        0x4 ./Core/Src/main.o
                0x20000078                exti_cb_cnt
 .bss.last_exti_pin
                0x2000007c        0x2 ./Core/Src/main.o
                0x2000007c                last_exti_pin
 *fill*         0x2000007e        0x2 
 .bss.st25r_irq_cnt
                0x20000080        0x4 ./Core/Src/main.o
                0x20000080                st25r_irq_cnt
 .bss.appState  0x20000084        0x1 ./Core/Src/main.o
 *fill*         0x20000085        0x3 
 .bss.discParam
                0x20000088       0x94 ./Core/Src/main.o
 .bss.last_payload
                0x2000011c       0x10 ./Core/Src/main.o
 .bss.have_last_payload
                0x2000012c        0x1 ./Core/Src/main.o
 *fill*         0x2000012d        0x3 
 .bss.last_read_ms
                0x20000130        0x4 ./Core/Src/main.o
 .bss.stat_last_ms
                0x20000134        0x4 ./Core/Src/main.o
 .bss.read_ok_cnt
                0x20000138        0x4 ./Core/Src/main.o
 .bss.read_err_cnt
                0x2000013c        0x4 ./Core/Src/main.o
 .bss.read_overrun_cnt
                0x20000140        0x4 ./Core/Src/main.o
 .bss.read_us_last
                0x20000144        0x4 ./Core/Src/main.o
 .bss.last_crc16
                0x20000148        0x2 ./Core/Src/main.o
 *fill*         0x2000014a        0x2 
 .bss.g_platform_saved_primask
                0x2000014c        0x4 ./Core/Src/rfal_platform.o
                0x2000014c                g_platform_saved_primask
 .bss.g_platform_irq_nesting
                0x20000150        0x4 ./Core/Src/rfal_platform.o
                0x20000150                g_platform_irq_nesting
 .bss.s_st25rIrqCb
                0x20000154        0x4 ./Core/Src/rfal_platform.o
 .bss.hspi1     0x20000158       0x58 ./Core/Src/spi.o
                0x20000158                hspi1
 .bss.__sbrk_heap_end
                0x200001b0        0x4 ./Core/Src/sysmem.o
 .bss.huart2    0x200001b4       0x88 ./Core/Src/usart.o
                0x200001b4                huart2
 .bss.gRFAL     0x2000023c      0x1cc ./Drivers/BSP/Components/st25r500/rfal_rfst25r500.o
 .bss.gST25R500NRT_64fcs
                0x20000408        0x4 ./Drivers/BSP/Components/st25r500/st25r500.o
 .bss.st25r500interrupt
                0x2000040c       0x10 ./Drivers/BSP/Components/st25r500/st25r500_irq.o
 .bss.uwTick    0x2000041c        0x4 ./Drivers/STM32L0xx_HAL_Driver/Src/stm32l0xx_hal.o
                0x2000041c                uwTick
 .bss.gRfalAnalogConfigMgmt
                0x20000420        0x8 ./ThirdParty/rfal/Src/rfal_analogConfig.o
 .bss.gNfcDev   0x20000428      0x724 ./ThirdParty/rfal/Src/rfal_nfc.o
 .bss.nfcaDevList.3
                0x20000b4c       0x6e ./ThirdParty/rfal/Src/rfal_nfc.o
 .bss.devCnt.2  0x20000bba        0x1 ./ThirdParty/rfal/Src/rfal_nfc.o
 *fill*         0x20000bbb        0x1 
 .bss.nfcbDevList.1
                0x20000bbc       0x4b ./ThirdParty/rfal/Src/rfal_nfc.o
 *fill*         0x20000c07        0x1 
 .bss.nfcfDevList.0
                0x20000c08       0x64 ./ThirdParty/rfal/Src/rfal_nfc.o
 .bss.gNfca     0x20000c6c       0x54 ./ThirdParty/rfal/Src/rfal_nfca.o
 .bss.gRfalNfcb
                0x20000cc0       0x30 ./ThirdParty/rfal/Src/rfal_nfcb.o
 .bss.gNfcf     0x20000cf0      0x150 ./ThirdParty/rfal/Src/rfal_nfcf.o
 .bss.__sf      0x20000e40      0x138 C:/ST/STM32CubeIDE_2.0.0/STM32CubeIDE/plugins/com.st.stm32cube.ide.mcu.externaltools.gnu-tools-for-stm32.13.3.rel1.win32_1.0.100.202509120712/tools/bin/../lib/gcc/arm-none-eabi/13.3.1/../../../../arm-none-eabi/lib/thumb/v6-m/nofp\libc_nano.a(libc_a-findfp.o)
                0x20000e40                __sf
 .bss.errno     0x20000f78        0x4 C:/ST/STM32CubeIDE_2.0.0/STM32CubeIDE/plugins/com.st.stm32cube.ide.mcu.externaltools.gnu-tools-for-stm32.13.3.rel1.win32_1.0.100.202509120712/tools/bin/../lib/gcc/arm-none-eabi/13.3.1/../../../../arm-none-eabi/lib/thumb/v6-m/nofp\libc_nano.a(libc_a-reent.o)
                0x20000f78                errno
 .bss.__lock___malloc_recursive_mutex
                0x20000f7c        0x1 C:/ST/STM32CubeIDE_2.0.0/STM32CubeIDE/plugins/com.st.stm32cube.ide.mcu.externaltools.gnu-tools-for-stm32.13.3.rel1.win32_1.0.100.202509120712/tools/bin/../lib/gcc/arm-none-eabi/13.3.1/../../../../arm-none-eabi/lib/thumb/v6-m/nofp\libc_nano.a(libc_a-lock.o)
                0x20000f7c                __lock___malloc_recursive_mutex
 *fill*         0x20000f7d        0x3 
 .bss.__malloc_sbrk_start
                0x20000f80        0x4 C:/ST/STM32CubeIDE_2.0.0/STM32CubeIDE/plugins/com.st.stm32cube.ide.mcu.externaltools.gnu-tools-for-stm32.13.3.rel1.win32_1.0.100.202509120712/tools/bin/../lib/gcc/arm-none-eabi/13.3.1/../../../../arm-none-eabi/lib/thumb/v6-m/nofp\libc_nano.a(libc_a-mallocr.o)
                0x20000f80                __malloc_sbrk_start
 .bss.__malloc_free_list
                0x20000f84        0x4 C:/ST/STM32CubeIDE_2.0.0/STM32CubeIDE/plugins/com.st.stm32cube.ide.mcu.externaltools.gnu-tools-for-stm32.13.3.rel1.win32_1.0.100.202509120712/tools/bin/../lib/gcc/arm-none-eabi/13.3.1/../../../../arm-none-eabi/lib/thumb/v6-m/nofp\libc_nano.a(libc_a-mallocr.o)
                0x20000f84                __malloc_free_list
 *(COMMON)
                0x20000f88                        . = ALIGN (0x4)
                0x20000f88                        _ebss = .
                0x20000f88                        __bss_end__ = _ebss

._user_heap_stack
                0x20000f88      0x600 load address 0x0800c8d8
                0x20000f88                        . = ALIGN (0x8)
                [!provide]                        PROVIDE (end = .)
                0x20000f88                        PROVIDE (_end = .)
                0x20001188                        . = (. + _Min_Heap_Size)
 *fill*         0x20000f88      0x200 
                0x20001588                        . = (. + _Min_Stack_Size)
 *fill*         0x20001188      0x400 
                0x20001588                        . = ALIGN (0x8)

/DISCARD/
 libc.a(*)
 libm.a(*)
 libgcc.a(*)

.ARM.attributes
                0x00000000       0x28
 *(.ARM.attributes)
 .ARM.attributes
                0x00000000       0x1e C:/ST/STM32CubeIDE_2.0.0/STM32CubeIDE/plugins/com.st.stm32cube.ide.mcu.externaltools.gnu-tools-for-stm32.13.3.rel1.win32_1.0.100.202509120712/tools/bin/../lib/gcc/arm-none-eabi/13.3.1/thumb/v6-m/nofp/crti.o
 .ARM.attributes
                0x0000001e       0x2c C:/ST/STM32CubeIDE_2.0.0/STM32CubeIDE/plugins/com.st.stm32cube.ide.mcu.externaltools.gnu-tools-for-stm32.13.3.rel1.win32_1.0.100.202509120712/tools/bin/../lib/gcc/arm-none-eabi/13.3.1/thumb/v6-m/nofp/crtbegin.o
 .ARM.attributes
                0x0000004a       0x2c ./Core/Src/gpio.o
 .ARM.attributes
                0x00000076       0x2c ./Core/Src/main.o
 .ARM.attributes
                0x000000a2       0x2c ./Core/Src/rfal_platform.o
 .ARM.attributes
                0x000000ce       0x2c ./Core/Src/spi.o
 .ARM.attributes
                0x000000fa       0x2c ./Core/Src/stm32l0xx_hal_msp.o
 .ARM.attributes
                0x00000126       0x2c ./Core/Src/stm32l0xx_it.o
 .ARM.attributes
                0x00000152       0x2c ./Core/Src/sysmem.o
 .ARM.attributes
                0x0000017e       0x2c ./Core/Src/system_stm32l0xx.o
 .ARM.attributes
                0x000001aa       0x2c ./Core/Src/usart.o
 .ARM.attributes
                0x000001d6       0x22 ./Core/Startup/startup_stm32l053r8tx.o
 .ARM.attributes
                0x000001f8       0x2c ./Drivers/BSP/Components/st25r500/rfal_rfst25r500.o
 .ARM.attributes
                0x00000224       0x2c ./Drivers/BSP/Components/st25r500/st25r500.o
 .ARM.attributes
                0x00000250       0x2c ./Drivers/BSP/Components/st25r500/st25r500_com.o
 .ARM.attributes
                0x0000027c       0x2c ./Drivers/BSP/Components/st25r500/st25r500_irq.o
 .ARM.attributes
                0x000002a8       0x2c ./Drivers/STM32L0xx_HAL_Driver/Src/stm32l0xx_hal.o
 .ARM.attributes
                0x000002d4       0x2c ./Drivers/STM32L0xx_HAL_Driver/Src/stm32l0xx_hal_cortex.o
 .ARM.attributes
                0x00000300       0x2c ./Drivers/STM32L0xx_HAL_Driver/Src/stm32l0xx_hal_gpio.o
 .ARM.attributes
                0x0000032c       0x2c ./Drivers/STM32L0xx_HAL_Driver/Src/stm32l0xx_hal_rcc.o
 .ARM.attributes
                0x00000358       0x2c ./Drivers/STM32L0xx_HAL_Driver/Src/stm32l0xx_hal_rcc_ex.o
 .ARM.attributes
                0x00000384       0x2c ./Drivers/STM32L0xx_HAL_Driver/Src/stm32l0xx_hal_spi.o
 .ARM.attributes
                0x000003b0       0x2c ./Drivers/STM32L0xx_HAL_Driver/Src/stm32l0xx_hal_uart.o
 .ARM.attributes
                0x000003dc       0x2c ./ThirdParty/rfal/Src/rfal_analogConfig.o
 .ARM.attributes
                0x00000408       0x2c ./ThirdParty/rfal/Src/rfal_nfc.o
 .ARM.attributes
                0x00000434       0x2c ./ThirdParty/rfal/Src/rfal_nfca.o
 .ARM.attributes
                0x00000460       0x2c ./ThirdParty/rfal/Src/rfal_nfcb.o
 .ARM.attributes
                0x0000048c       0x2c ./ThirdParty/rfal/Src/rfal_nfcf.o
 .ARM.attributes
                0x000004b8       0x2c ./ThirdParty/rfal/Src/rfal_nfcv.o
 .ARM.attributes
                0x000004e4       0x2c ./ThirdParty/rfal/Src/rfal_t1t.o
 .ARM.attributes
                0x00000510       0x2c ./ThirdParty/rfal/Src/rfal_t2t.o
 .ARM.attributes
                0x0000053c       0x2c C:/ST/STM32CubeIDE_2.0.0/STM32CubeIDE/plugins/com.st.stm32cube.ide.mcu.externaltools.gnu-tools-for-stm32.13.3.rel1.win32_1.0.100.202509120712/tools/bin/../lib/gcc/arm-none-eabi/13.3.1/../../../../arm-none-eabi/lib/thumb/v6-m/nofp\libc_nano.a(libc_a-findfp.o)
 .ARM.attributes
                0x00000568       0x2c C:/ST/STM32CubeIDE_2.0.0/STM32CubeIDE/plugins/com.st.stm32cube.ide.mcu.externaltools.gnu-tools-for-stm32.13.3.rel1.win32_1.0.100.202509120712/tools/bin/../lib/gcc/arm-none-eabi/13.3.1/../../../../arm-none-eabi/lib/thumb/v6-m/nofp\libc_nano.a(libc_a-snprintf.o)
 .ARM.attributes
                0x00000594       0x2c C:/ST/STM32CubeIDE_2.0.0/STM32CubeIDE/plugins/com.st.stm32cube.ide.mcu.externaltools.gnu-tools-for-stm32.13.3.rel1.win32_1.0.100.202509120712/tools/bin/../lib/gcc/arm-none-eabi/13.3.1/../../../../arm-none-eabi/lib/thumb/v6-m/nofp\libc_nano.a(libc_a-memcmp.o)
 .ARM.attributes
                0x000005c0       0x2c C:/ST/STM32CubeIDE_2.0.0/STM32CubeIDE/plugins/com.st.stm32cube.ide.mcu.externaltools.gnu-tools-for-stm32.13.3.rel1.win32_1.0.100.202509120712/tools/bin/../lib/gcc/arm-none-eabi/13.3.1/../../../../arm-none-eabi/lib/thumb/v6-m/nofp\libc_nano.a(libc_a-memmove.o)
 .ARM.attributes
                0x000005ec       0x2c C:/ST/STM32CubeIDE_2.0.0/STM32CubeIDE/plugins/com.st.stm32cube.ide.mcu.externaltools.gnu-tools-for-stm32.13.3.rel1.win32_1.0.100.202509120712/tools/bin/../lib/gcc/arm-none-eabi/13.3.1/../../../../arm-none-eabi/lib/thumb/v6-m/nofp\libc_nano.a(libc_a-memset.o)
 .ARM.attributes
                0x00000618       0x2c C:/ST/STM32CubeIDE_2.0.0/STM32CubeIDE/plugins/com.st.stm32cube.ide.mcu.externaltools.gnu-tools-for-stm32.13.3.rel1.win32_1.0.100.202509120712/tools/bin/../lib/gcc/arm-none-eabi/13.3.1/../../../../arm-none-eabi/lib/thumb/v6-m/nofp\libc_nano.a(libc_a-reent.o)
 .ARM.attributes
                0x00000644       0x2c C:/ST/STM32CubeIDE_2.0.0/STM32CubeIDE/plugins/com.st.stm32cube.ide.mcu.externaltools.gnu-tools-for-stm32.13.3.rel1.win32_1.0.100.202509120712/tools/bin/../lib/gcc/arm-none-eabi/13.3.1/../../../../arm-none-eabi/lib/thumb/v6-m/nofp\libc_nano.a(libc_a-impure.o)
 .ARM.attributes
                0x00000670       0x2c C:/ST/STM32CubeIDE_2.0.0/STM32CubeIDE/plugins/com.st.stm32cube.ide.mcu.externaltools.gnu-tools-for-stm32.13.3.rel1.win32_1.0.100.202509120712/tools/bin/../lib/gcc/arm-none-eabi/13.3.1/../../../../arm-none-eabi/lib/thumb/v6-m/nofp\libc_nano.a(libc_a-errno.o)
 .ARM.attributes
                0x0000069c       0x2c C:/ST/STM32CubeIDE_2.0.0/STM32CubeIDE/plugins/com.st.stm32cube.ide.mcu.externaltools.gnu-tools-for-stm32.13.3.rel1.win32_1.0.100.202509120712/tools/bin/../lib/gcc/arm-none-eabi/13.3.1/../../../../arm-none-eabi/lib/thumb/v6-m/nofp\libc_nano.a(libc_a-init.o)
 .ARM.attributes
                0x000006c8       0x2c C:/ST/STM32CubeIDE_2.0.0/STM32CubeIDE/plugins/com.st.stm32cube.ide.mcu.externaltools.gnu-tools-for-stm32.13.3.rel1.win32_1.0.100.202509120712/tools/bin/../lib/gcc/arm-none-eabi/13.3.1/../../../../arm-none-eabi/lib/thumb/v6-m/nofp\libc_nano.a(libc_a-lock.o)
 .ARM.attributes
                0x000006f4       0x2c C:/ST/STM32CubeIDE_2.0.0/STM32CubeIDE/plugins/com.st.stm32cube.ide.mcu.externaltools.gnu-tools-for-stm32.13.3.rel1.win32_1.0.100.202509120712/tools/bin/../lib/gcc/arm-none-eabi/13.3.1/../../../../arm-none-eabi/lib/thumb/v6-m/nofp\libc_nano.a(libc_a-memcpy-stub.o)
 .ARM.attributes
                0x00000720       0x1c C:/ST/STM32CubeIDE_2.0.0/STM32CubeIDE/plugins/com.st.stm32cube.ide.mcu.externaltools.gnu-tools-for-stm32.13.3.rel1.win32_1.0.100.202509120712/tools/bin/../lib/gcc/arm-none-eabi/13.3.1/../../../../arm-none-eabi/lib/thumb/v6-m/nofp\libc_nano.a(libc_a-strlen.o)
 .ARM.attributes
                0x0000073c       0x2c C:/ST/STM32CubeIDE_2.0.0/STM32CubeIDE/plugins/com.st.stm32cube.ide.mcu.externaltools.gnu-tools-for-stm32.13.3.rel1.win32_1.0.100.202509120712/tools/bin/../lib/gcc/arm-none-eabi/13.3.1/../../../../arm-none-eabi/lib/thumb/v6-m/nofp\libc_nano.a(libc_a-freer.o)
 .ARM.attributes
                0x00000768       0x2c C:/ST/STM32CubeIDE_2.0.0/STM32CubeIDE/plugins/com.st.stm32cube.ide.mcu.externaltools.gnu-tools-for-stm32.13.3.rel1.win32_1.0.100.202509120712/tools/bin/../lib/gcc/arm-none-eabi/13.3.1/../../../../arm-none-eabi/lib/thumb/v6-m/nofp\libc_nano.a(libc_a-mallocr.o)
 .ARM.attributes
                0x00000794       0x2c C:/ST/STM32CubeIDE_2.0.0/STM32CubeIDE/plugins/com.st.stm32cube.ide.mcu.externaltools.gnu-tools-for-stm32.13.3.rel1.win32_1.0.100.202509120712/tools/bin/../lib/gcc/arm-none-eabi/13.3.1/../../../../arm-none-eabi/lib/thumb/v6-m/nofp\libc_nano.a(libc_a-mlock.o)
 .ARM.attributes
                0x000007c0       0x2c C:/ST/STM32CubeIDE_2.0.0/STM32CubeIDE/plugins/com.st.stm32cube.ide.mcu.externaltools.gnu-tools-for-stm32.13.3.rel1.win32_1.0.100.202509120712/tools/bin/../lib/gcc/arm-none-eabi/13.3.1/../../../../arm-none-eabi/lib/thumb/v6-m/nofp\libc_nano.a(libc_a-nano-svfprintf.o)
 .ARM.attributes
                0x000007ec       0x2c C:/ST/STM32CubeIDE_2.0.0/STM32CubeIDE/plugins/com.st.stm32cube.ide.mcu.externaltools.gnu-tools-for-stm32.13.3.rel1.win32_1.0.100.202509120712/tools/bin/../lib/gcc/arm-none-eabi/13.3.1/../../../../arm-none-eabi/lib/thumb/v6-m/nofp\libc_nano.a(libc_a-nano-vfprintf_i.o)
 .ARM.attributes
                0x00000818       0x2c C:/ST/STM32CubeIDE_2.0.0/STM32CubeIDE/plugins/com.st.stm32cube.ide.mcu.externaltools.gnu-tools-for-stm32.13.3.rel1.win32_1.0.100.202509120712/tools/bin/../lib/gcc/arm-none-eabi/13.3.1/../../../../arm-none-eabi/lib/thumb/v6-m/nofp\libc_nano.a(libc_a-sbrkr.o)
 .ARM.attributes
                0x00000844       0x2c C:/ST/STM32CubeIDE_2.0.0/STM32CubeIDE/plugins/com.st.stm32cube.ide.mcu.externaltools.gnu-tools-for-stm32.13.3.rel1.win32_1.0.100.202509120712/tools/bin/../lib/gcc/arm-none-eabi/13.3.1/../../../../arm-none-eabi/lib/thumb/v6-m/nofp\libc_nano.a(libc_a-memchr-stub.o)
 .ARM.attributes
                0x00000870       0x2c C:/ST/STM32CubeIDE_2.0.0/STM32CubeIDE/plugins/com.st.stm32cube.ide.mcu.externaltools.gnu-tools-for-stm32.13.3.rel1.win32_1.0.100.202509120712/tools/bin/../lib/gcc/arm-none-eabi/13.3.1/../../../../arm-none-eabi/lib/thumb/v6-m/nofp\libc_nano.a(libc_a-reallocr.o)
 .ARM.attributes
                0x0000089c       0x2c C:/ST/STM32CubeIDE_2.0.0/STM32CubeIDE/plugins/com.st.stm32cube.ide.mcu.externaltools.gnu-tools-for-stm32.13.3.rel1.win32_1.0.100.202509120712/tools/bin/../lib/gcc/arm-none-eabi/13.3.1/../../../../arm-none-eabi/lib/thumb/v6-m/nofp\libc_nano.a(libc_a-msizer.o)
 .ARM.attributes
                0x000008c8       0x1e C:/ST/STM32CubeIDE_2.0.0/STM32CubeIDE/plugins/com.st.stm32cube.ide.mcu.externaltools.gnu-tools-for-stm32.13.3.rel1.win32_1.0.100.202509120712/tools/bin/../lib/gcc/arm-none-eabi/13.3.1/thumb/v6-m/nofp\libgcc.a(_thumb1_case_shi.o)
 .ARM.attributes
                0x000008e6       0x1e C:/ST/STM32CubeIDE_2.0.0/STM32CubeIDE/plugins/com.st.stm32cube.ide.mcu.externaltools.gnu-tools-for-stm32.13.3.rel1.win32_1.0.100.202509120712/tools/bin/../lib/gcc/arm-none-eabi/13.3.1/thumb/v6-m/nofp\libgcc.a(_udivsi3.o)
 .ARM.attributes
                0x00000904       0x1e C:/ST/STM32CubeIDE_2.0.0/STM32CubeIDE/plugins/com.st.stm32cube.ide.mcu.externaltools.gnu-tools-for-stm32.13.3.rel1.win32_1.0.100.202509120712/tools/bin/../lib/gcc/arm-none-eabi/13.3.1/thumb/v6-m/nofp\libgcc.a(_dvmd_tls.o)
 .ARM.attributes
                0x00000922       0x1e C:/ST/STM32CubeIDE_2.0.0/STM32CubeIDE/plugins/com.st.stm32cube.ide.mcu.externaltools.gnu-tools-for-stm32.13.3.rel1.win32_1.0.100.202509120712/tools/bin/../lib/gcc/arm-none-eabi/13.3.1/thumb/v6-m/nofp\libgcc.a(_aeabi_uldivmod.o)
 .ARM.attributes
                0x00000940       0x2c C:/ST/STM32CubeIDE_2.0.0/STM32CubeIDE/plugins/com.st.stm32cube.ide.mcu.externaltools.gnu-tools-for-stm32.13.3.rel1.win32_1.0.100.202509120712/tools/bin/../lib/gcc/arm-none-eabi/13.3.1/thumb/v6-m/nofp\libgcc.a(_udivmoddi4.o)
 .ARM.attributes
                0x0000096c       0x1e C:/ST/STM32CubeIDE_2.0.0/STM32CubeIDE/plugins/com.st.stm32cube.ide.mcu.externaltools.gnu-tools-for-stm32.13.3.rel1.win32_1.0.100.202509120712/tools/bin/../lib/gcc/arm-none-eabi/13.3.1/thumb/v6-m/nofp\libgcc.a(_clzdi2.o)
 .ARM.attributes
                0x0000098a       0x1e C:/ST/STM32CubeIDE_2.0.0/STM32CubeIDE/plugins/com.st.stm32cube.ide.mcu.externaltools.gnu-tools-for-stm32.13.3.rel1.win32_1.0.100.202509120712/tools/bin/../lib/gcc/arm-none-eabi/13.3.1/thumb/v6-m/nofp\libgcc.a(_clzsi2.o)
 .ARM.attributes
                0x000009a8       0x1e C:/ST/STM32CubeIDE_2.0.0/STM32CubeIDE/plugins/com.st.stm32cube.ide.mcu.externaltools.gnu-tools-for-stm32.13.3.rel1.win32_1.0.100.202509120712/tools/bin/../lib/gcc/arm-none-eabi/13.3.1/thumb/v6-m/nofp/crtn.o
OUTPUT(nfc_reader_l053r8.elf elf32-littlearm)
LOAD linker stubs
LOAD C:/ST/STM32CubeIDE_2.0.0/STM32CubeIDE/plugins/com.st.stm32cube.ide.mcu.externaltools.gnu-tools-for-stm32.13.3.rel1.win32_1.0.100.202509120712/tools/bin/../lib/gcc/arm-none-eabi/13.3.1/../../../../arm-none-eabi/lib/thumb/v6-m/nofp\libc.a
LOAD C:/ST/STM32CubeIDE_2.0.0/STM32CubeIDE/plugins/com.st.stm32cube.ide.mcu.externaltools.gnu-tools-for-stm32.13.3.rel1.win32_1.0.100.202509120712/tools/bin/../lib/gcc/arm-none-eabi/13.3.1/../../../../arm-none-eabi/lib/thumb/v6-m/nofp\libm.a
LOAD C:/ST/STM32CubeIDE_2.0.0/STM32CubeIDE/plugins/com.st.stm32cube.ide.mcu.externaltools.gnu-tools-for-stm32.13.3.rel1.win32_1.0.100.202509120712/tools/bin/../lib/gcc/arm-none-eabi/13.3.1/thumb/v6-m/nofp\libgcc.a

.debug_info     0x00000000    0x166a9
 .debug_info    0x00000000      0x4a0 ./Core/Src/gpio.o
 .debug_info    0x000004a0     0x21b2 ./Core/Src/main.o
 .debug_info    0x00002652      0x92d ./Core/Src/rfal_platform.o
 .debug_info    0x00002f7f      0x892 ./Core/Src/spi.o
 .debug_info    0x00003811      0x1ba ./Core/Src/stm32l0xx_hal_msp.o
 .debug_info    0x000039cb      0x10c ./Core/Src/stm32l0xx_it.o
 .debug_info    0x00003ad7      0x168 ./Core/Src/sysmem.o
 .debug_info    0x00003c3f      0x2d0 ./Core/Src/system_stm32l0xx.o
 .debug_info    0x00003f0f      0x97b ./Core/Src/usart.o
 .debug_info    0x0000488a       0x30 ./Core/Startup/startup_stm32l053r8tx.o
 .debug_info    0x000048ba     0x1fe8 ./Drivers/BSP/Components/st25r500/rfal_rfst25r500.o
 .debug_info    0x000068a2      0xc83 ./Drivers/BSP/Components/st25r500/st25r500.o
 .debug_info    0x00007525      0x951 ./Drivers/BSP/Components/st25r500/st25r500_com.o
 .debug_info    0x00007e76      0x5eb ./Drivers/BSP/Components/st25r500/st25r500_irq.o
 .debug_info    0x00008461      0x863 ./Drivers/STM32L0xx_HAL_Driver/Src/stm32l0xx_hal.o
 .debug_info    0x00008cc4      0x88a ./Drivers/STM32L0xx_HAL_Driver/Src/stm32l0xx_hal_cortex.o
 .debug_info    0x0000954e      0x624 ./Drivers/STM32L0xx_HAL_Driver/Src/stm32l0xx_hal_gpio.o
 .debug_info    0x00009b72      0x9f9 ./Drivers/STM32L0xx_HAL_Driver/Src/stm32l0xx_hal_rcc.o
 .debug_info    0x0000a56b      0x7e6 ./Drivers/STM32L0xx_HAL_Driver/Src/stm32l0xx_hal_rcc_ex.o
 .debug_info    0x0000ad51     0x14f4 ./Drivers/STM32L0xx_HAL_Driver/Src/stm32l0xx_hal_spi.o
 .debug_info    0x0000c245     0x3b66 ./Drivers/STM32L0xx_HAL_Driver/Src/stm32l0xx_hal_uart.o
 .debug_info    0x0000fdab      0x664 ./ThirdParty/rfal/Src/rfal_analogConfig.o
 .debug_info    0x0001040f     0x1b99 ./ThirdParty/rfal/Src/rfal_nfc.o
 .debug_info    0x00011fa8      0xf6a ./ThirdParty/rfal/Src/rfal_nfca.o
 .debug_info    0x00012f12      0xdd5 ./ThirdParty/rfal/Src/rfal_nfcb.o
 .debug_info    0x00013ce7      0xc1b ./ThirdParty/rfal/Src/rfal_nfcf.o
 .debug_info    0x00014902     0x13cf ./ThirdParty/rfal/Src/rfal_nfcv.o
 .debug_info    0x00015cd1      0x5dc ./ThirdParty/rfal/Src/rfal_t1t.o
 .debug_info    0x000162ad      0x3fc ./ThirdParty/rfal/Src/rfal_t2t.o

.debug_abbrev   0x00000000     0x3f10
 .debug_abbrev  0x00000000      0x172 ./Core/Src/gpio.o
 .debug_abbrev  0x00000172      0x3c0 ./Core/Src/main.o
 .debug_abbrev  0x00000532      0x296 ./Core/Src/rfal_platform.o
 .debug_abbrev  0x000007c8      0x1ec ./Core/Src/spi.o
 .debug_abbrev  0x000009b4       0x9f ./Core/Src/stm32l0xx_hal_msp.o
 .debug_abbrev  0x00000a53       0xa0 ./Core/Src/stm32l0xx_it.o
 .debug_abbrev  0x00000af3       0xbc ./Core/Src/sysmem.o
 .debug_abbrev  0x00000baf      0x11c ./Core/Src/system_stm32l0xx.o
 .debug_abbrev  0x00000ccb      0x1ea ./Core/Src/usart.o
 .debug_abbrev  0x00000eb5       0x24 ./Core/Startup/startup_stm32l053r8tx.o
 .debug_abbrev  0x00000ed9      0x41b ./Drivers/BSP/Components/st25r500/rfal_rfst25r500.o
 .debug_abbrev  0x000012f4      0x26a ./Drivers/BSP/Components/st25r500/st25r500.o
 .debug_abbrev  0x0000155e      0x2a5 ./Drivers/BSP/Components/st25r500/st25r500_com.o
 .debug_abbrev  0x00001803      0x2c7 ./Drivers/BSP/Components/st25r500/st25r500_irq.o
 .debug_abbrev  0x00001aca      0x2a0 ./Drivers/STM32L0xx_HAL_Driver/Src/stm32l0xx_hal.o
 .debug_abbrev  0x00001d6a      0x29b ./Drivers/STM32L0xx_HAL_Driver/Src/stm32l0xx_hal_cortex.o
 .debug_abbrev  0x00002005      0x1ca ./Drivers/STM32L0xx_HAL_Driver/Src/stm32l0xx_hal_gpio.o
 .debug_abbrev  0x000021cf      0x296 ./Drivers/STM32L0xx_HAL_Driver/Src/stm32l0xx_hal_rcc.o
 .debug_abbrev  0x00002465      0x219 ./Drivers/STM32L0xx_HAL_Driver/Src/stm32l0xx_hal_rcc_ex.o
 .debug_abbrev  0x0000267e      0x274 ./Drivers/STM32L0xx_HAL_Driver/Src/stm32l0xx_hal_spi.o
 .debug_abbrev  0x000028f2      0x2e0 ./Drivers/STM32L0xx_HAL_Driver/Src/stm32l0xx_hal_uart.o
 .debug_abbrev  0x00002bd2      0x241 ./ThirdParty/rfal/Src/rfal_analogConfig.o
 .debug_abbrev  0x00002e13      0x3a6 ./ThirdParty/rfal/Src/rfal_nfc.o
 .debug_abbrev  0x000031b9      0x2d8 ./ThirdParty/rfal/Src/rfal_nfca.o
 .debug_abbrev  0x00003491      0x2a1 ./ThirdParty/rfal/Src/rfal_nfcb.o
 .debug_abbrev  0x00003732      0x268 ./ThirdParty/rfal/Src/rfal_nfcf.o
 .debug_abbrev  0x0000399a      0x259 ./ThirdParty/rfal/Src/rfal_nfcv.o
 .debug_abbrev  0x00003bf3      0x1af ./ThirdParty/rfal/Src/rfal_t1t.o
 .debug_abbrev  0x00003da2      0x16e ./ThirdParty/rfal/Src/rfal_t2t.o

.debug_aranges  0x00000000     0x1398
 .debug_aranges
                0x00000000       0x20 ./Core/Src/gpio.o
 .debug_aranges
                0x00000020       0xa0 ./Core/Src/main.o
 .debug_aranges
                0x000000c0       0x88 ./Core/Src/rfal_platform.o
 .debug_aranges
                0x00000148       0x30 ./Core/Src/spi.o
 .debug_aranges
                0x00000178       0x20 ./Core/Src/stm32l0xx_hal_msp.o
 .debug_aranges
                0x00000198       0x48 ./Core/Src/stm32l0xx_it.o
 .debug_aranges
                0x000001e0       0x20 ./Core/Src/sysmem.o
 .debug_aranges
                0x00000200       0x28 ./Core/Src/system_stm32l0xx.o
 .debug_aranges
                0x00000228       0x30 ./Core/Src/usart.o
 .debug_aranges
                0x00000258       0x28 ./Core/Startup/startup_stm32l053r8tx.o
 .debug_aranges
                0x00000280      0x2e0 ./Drivers/BSP/Components/st25r500/rfal_rfst25r500.o
 .debug_aranges
                0x00000560      0x130 ./Drivers/BSP/Components/st25r500/st25r500.o
 .debug_aranges
                0x00000690      0x110 ./Drivers/BSP/Components/st25r500/st25r500_com.o
 .debug_aranges
                0x000007a0       0x88 ./Drivers/BSP/Components/st25r500/st25r500_irq.o
 .debug_aranges
                0x00000828      0x110 ./Drivers/STM32L0xx_HAL_Driver/Src/stm32l0xx_hal.o
 .debug_aranges
                0x00000938       0xe8 ./Drivers/STM32L0xx_HAL_Driver/Src/stm32l0xx_hal_cortex.o
 .debug_aranges
                0x00000a20       0x58 ./Drivers/STM32L0xx_HAL_Driver/Src/stm32l0xx_hal_gpio.o
 .debug_aranges
                0x00000a78       0x80 ./Drivers/STM32L0xx_HAL_Driver/Src/stm32l0xx_hal_rcc.o
 .debug_aranges
                0x00000af8       0xb0 ./Drivers/STM32L0xx_HAL_Driver/Src/stm32l0xx_hal_rcc_ex.o
 .debug_aranges
                0x00000ba8      0x1d0 ./Drivers/STM32L0xx_HAL_Driver/Src/stm32l0xx_hal_spi.o
 .debug_aranges
                0x00000d78      0x228 ./Drivers/STM32L0xx_HAL_Driver/Src/stm32l0xx_hal_uart.o
 .debug_aranges
                0x00000fa0       0x60 ./ThirdParty/rfal/Src/rfal_analogConfig.o
 .debug_aranges
                0x00001000       0x88 ./ThirdParty/rfal/Src/rfal_nfc.o
 .debug_aranges
                0x00001088       0xb8 ./ThirdParty/rfal/Src/rfal_nfca.o
 .debug_aranges
                0x00001140       0xb8 ./ThirdParty/rfal/Src/rfal_nfcb.o
 .debug_aranges
                0x000011f8       0x78 ./ThirdParty/rfal/Src/rfal_nfcf.o
 .debug_aranges
                0x00001270       0xc0 ./ThirdParty/rfal/Src/rfal_nfcv.o
 .debug_aranges
                0x00001330       0x38 ./ThirdParty/rfal/Src/rfal_t1t.o
 .debug_aranges
                0x00001368       0x30 ./ThirdParty/rfal/Src/rfal_t2t.o

.debug_rnglists
                0x00000000      0xeec
 .debug_rnglists
                0x00000000       0x14 ./Core/Src/gpio.o
 .debug_rnglists
                0x00000014       0x7d ./Core/Src/main.o
 .debug_rnglists
                0x00000091       0x62 ./Core/Src/rfal_platform.o
 .debug_rnglists
                0x000000f3       0x20 ./Core/Src/spi.o
 .debug_rnglists
                0x00000113       0x13 ./Core/Src/stm32l0xx_hal_msp.o
 .debug_rnglists
                0x00000126       0x31 ./Core/Src/stm32l0xx_it.o
 .debug_rnglists
                0x00000157       0x13 ./Core/Src/sysmem.o
 .debug_rnglists
                0x0000016a       0x1a ./Core/Src/system_stm32l0xx.o
 .debug_rnglists
                0x00000184       0x20 ./Core/Src/usart.o
 .debug_rnglists
                0x000001a4       0x19 ./Core/Startup/startup_stm32l053r8tx.o
 .debug_rnglists
                0x000001bd      0x235 ./Drivers/BSP/Components/st25r500/rfal_rfst25r500.o
 .debug_rnglists
                0x000003f2       0xe9 ./Drivers/BSP/Components/st25r500/st25r500.o
 .debug_rnglists
                0x000004db       0xca ./Drivers/BSP/Components/st25r500/st25r500_com.o
 .debug_rnglists