../Core/Src/main.c:72:13:uart2_print	16	static
../Core/Src/main.c:77:13:print_hex	32	static
../Core/Src/main.c:85:16:st25r300_read_reg	40	static
../Core/Src/main.c:95:13:st25r300_write_reg	32	static
../Core/Src/main.c:102:13:uart_print	16	static
../Core/Src/main.c:107:13:uart_hex	32	static
../Core/Src/main.c:121:5:main	320	static
../Core/Src/main.c:227:6:SystemClock_Config	128	static
../Core/Src/main.c:273:6:HAL_GPIO_EXTI_Callback	16	static
../Core/Src/main.c:290:6:Error_Handler	8	static,ignoring_inline_asm
