../Core/Src/main.c:145:24:timer_now_us	8	static
../Core/Src/main.c:150:24:timer_diff_us	16	static
../Core/Src/main.c:155:20:stat_update_minmax	24	static
../Core/Src/main.c:161:13:dbg_print	16	static
../Core/Src/main.c:170:13:dbg_hexln	32	static
../Core/Src/main.c:186:17:app_crc16_ccitt	24	static
../Core/Src/main.c:208:19:t2t_fast_read_bytes	72	static
../Core/Src/main.c:258:19:t2t_read_bytes	64	static
../Core/Src/main.c:295:13:appLogHeartbeat	16	static
../Core/Src/main.c:301:13:appReportTag	192	static
../Core/Src/main.c:329:19:appReadCurrentTag	120	static
../Core/Src/main.c:365:13:appProcessCurrentTagData	24	static
../Core/Src/main.c:379:13:appStartDiscover	88	static
../Core/Src/main.c:404:13:appHandleDiscover	32	static
../Core/Src/main.c:450:13:appHandleActiveRead	504	static
../Core/Src/main.c:581:5:main	208	static
../Core/Src/main.c:694:6:SystemClock_Config	128	static
../Core/Src/main.c:739:6:HAL_GPIO_EXTI_Callback	16	static
../Core/Src/main.c:756:6:Error_Handler	8	static,ignoring_inline_asm
