../Core/Src/main.c:125:13:uart2_tx	24	static
../Core/Src/main.c:130:13:dbg_print	16	static
../Core/Src/main.c:139:13:dbg_hexln	32	static
../Core/Src/main.c:154:17:app_crc16_ccitt	24	static
../Core/Src/main.c:176:13:pcSendFrame	64	static
../Core/Src/main.c:202:19:t2t_fast_read_bytes	72	static
../Core/Src/main.c:252:19:t2t_read_bytes	64	static
../Core/Src/main.c:289:13:appLogHeartbeat	304	static
../Core/Src/main.c:322:13:appReportTag	192	static
../Core/Src/main.c:350:19:appReadCurrentTag	120	static
../Core/Src/main.c:386:13:appProcessCurrentTagData	48	static
../Core/Src/main.c:411:13:appStartDiscover	88	static
../Core/Src/main.c:438:13:appHandleDiscover	32	static
../Core/Src/main.c:456:13:appHandleActiveRead	152	static
../Core/Src/main.c:523:5:main	72	static
../Core/Src/main.c:612:6:SystemClock_Config	128	static
../Core/Src/main.c:658:6:HAL_GPIO_EXTI_Callback	16	static
../Core/Src/main.c:675:6:Error_Handler	8	static,ignoring_inline_asm
