../Core/Src/main.c:68:13:uart2_print	16	static
../Core/Src/main.c:73:13:print_hex	32	static
../Core/Src/main.c:81:16:st25r300_read_reg	40	static
../Core/Src/main.c:91:13:st25r300_write_reg	32	static
../Core/Src/main.c:98:13:uart_print	16	static
../Core/Src/main.c:103:13:uart_hex	32	static
../Core/Src/main.c:117:5:main	224	static
../Core/Src/main.c:225:6:SystemClock_Config	128	static
../Core/Src/main.c:270:6:HAL_GPIO_EXTI_Callback	16	static
../Core/Src/main.c:284:6:Error_Handler	8	static,ignoring_inline_asm
