../Core/Src/main.c:118:13:uart2_tx	24	static
../Core/Src/main.c:123:13:dbg_print	16	static
../Core/Src/main.c:132:13:dbg_hexln	32	static
../Core/Src/main.c:147:17:app_crc16_ccitt	24	static
../Core/Src/main.c:169:13:pcSendFrame	64	static
../Core/Src/main.c:195:19:t2t_read_bytes	64	static
../Core/Src/main.c:232:13:appLogHeartbeat	272	static
../Core/Src/main.c:263:13:appReportTag	192	static
../Core/Src/main.c:291:19:appReadCurrentTag	24	static
../Core/Src/main.c:309:13:appProcessCurrentTagData	48	static
../Core/Src/main.c:338:13:appStartDiscover	88	static
../Core/Src/main.c:365:13:appHandleDiscover	32	static
../Core/Src/main.c:383:13:appHandleActiveRead	152	static
../Core/Src/main.c:450:5:main	72	static
../Core/Src/main.c:539:6:SystemClock_Config	128	static
../Core/Src/main.c:585:6:HAL_GPIO_EXTI_Callback	16	static
../Core/Src/main.c:602:6:Error_Handler	8	static,ignoring_inline_asm
