../Core/Src/main.c:107:13:uart2_tx	24	static
../Core/Src/main.c:112:13:dbg_print	16	static
../Core/Src/main.c:121:13:dbg_hexln	16	static
../Core/Src/main.c:136:17:app_crc16_ccitt	24	static
../Core/Src/main.c:158:13:pcSendFrame	144	static
../Core/Src/main.c:184:19:t2t_read_bytes	64	static
../Core/Src/main.c:221:13:appLogHeartbeat	16	static
../Core/Src/main.c:251:13:appReportTag	16	static
../Core/Src/main.c:279:19:appReadCurrentTag	24	static
../Core/Src/main.c:297:13:appProcessCurrentTagData	136	static
../Core/Src/main.c:325:13:appStartDiscover	24	static
../Core/Src/main.c:352:13:appHandleDiscover	32	static
../Core/Src/main.c:370:13:appHandleActiveRead	160	static
../Core/Src/main.c:421:5:main	72	static
../Core/Src/main.c:510:6:SystemClock_Config	128	static
../Core/Src/main.c:556:6:HAL_GPIO_EXTI_Callback	16	static
../Core/Src/main.c:573:6:Error_Handler	8	static,ignoring_inline_asm
