../Core/Src/main.c:101:13:uart2_print	16	static
../Core/Src/main.c:106:13:uart_hexln	32	static
../Core/Src/main.c:116:19:t2t_read_bytes	64	static
../Core/Src/main.c:151:13:t2t_print_ndef_text	192	static
../Core/Src/main.c:311:13:appLogHeartbeat	216	static
../Core/Src/main.c:336:13:appReportTag	192	static
../Core/Src/main.c:360:19:appReadCurrentTag	24	static
../Core/Src/main.c:372:13:appProcessCurrentTagData	24	static
../Core/Src/main.c:386:13:appStartDiscover	88	static
../Core/Src/main.c:404:13:appHandleDiscover	32	static
../Core/Src/main.c:422:13:appHandleActiveRead	256	static
../Core/Src/main.c:480:5:main	72	static
../Core/Src/main.c:569:6:SystemClock_Config	128	static
../Core/Src/main.c:615:6:HAL_GPIO_EXTI_Callback	16	static
../Core/Src/main.c:632:6:Error_Handler	8	static,ignoring_inline_asm
