../Core/Src/main.c:118:13:uart2_tx	1
../Core/Src/main.c:123:13:dbg_print	1
../Core/Src/main.c:132:13:dbg_hexln	2
../Core/Src/main.c:147:17:app_crc16_ccitt	4
../Core/Src/main.c:169:13:pcSendFrame	1
../Core/Src/main.c:195:19:t2t_read_bytes	5
../Core/Src/main.c:232:13:appLogHeartbeat	2
../Core/Src/main.c:263:13:appReportTag	2
../Core/Src/main.c:291:19:appReadCurrentTag	4
../Core/Src/main.c:309:13:appProcessCurrentTagData	4
../Core/Src/main.c:338:13:appStartDiscover	2
../Core/Src/main.c:365:13:appHandleDiscover	3
../Core/Src/main.c:383:13:appHandleActiveRead	6
../Core/Src/main.c:450:5:main	5
../Core/Src/main.c:539:6:SystemClock_Config	4
../Core/Src/main.c:585:6:HAL_GPIO_EXTI_Callback	2
../Core/Src/main.c:602:6:Error_Handler	1
