../Core/Src/rfal_platform.c:19:15:platformTimerCreate	16	static
../Core/Src/rfal_platform.c:24:6:platformTimerDestroy	16	static
../Core/Src/rfal_platform.c:29:6:platformTimerIsExpired	16	static
../Core/Src/rfal_platform.c:35:6:platformSpiSelect	8	static
../Core/Src/rfal_platform.c:40:6:platformSpiDeselect	8	static
../Core/Src/rfal_platform.c:45:6:platformSpiTxRx	40	static
../Core/Src/rfal_platform.c:56:6:platformResetST25R	8	static
../Core/Src/rfal_platform.c:76:6:platformIrqST25RPinInitialize	8	static
../Core/Src/rfal_platform.c:81:6:platformIrqST25RSetCallback	16	static
../Core/Src/rfal_platform.c:86:6:platformIrqST25RCallCallback	8	static
../Core/Src/rfal_platform.c:93:6:platformLedsInitialize	8	static
../Core/Src/rfal_platform.c:94:6:platformErrorHandle	8	static
../Core/Src/rfal_platform.c:96:10:platformTimerGetRemaining	24	static
../Core/Src/rfal_platform.c:103:6:platformDelay	16	static
