../Core/Src/rfal_platform.c:18:15:platformTimerCreate	16	static
../Core/Src/rfal_platform.c:23:6:platformTimerDestroy	16	static
../Core/Src/rfal_platform.c:28:6:platformTimerIsExpired	16	static
../Core/Src/rfal_platform.c:34:6:platformSpiSelect	8	static
../Core/Src/rfal_platform.c:39:6:platformSpiDeselect	8	static
../Core/Src/rfal_platform.c:44:6:platformSpiTxRx	40	static
../Core/Src/rfal_platform.c:55:6:platformResetST25R	8	static
../Core/Src/rfal_platform.c:68:6:platformIrqST25RPinInitialize	8	static
../Core/Src/rfal_platform.c:73:6:platformIrqST25RSetCallback	16	static
../Core/Src/rfal_platform.c:78:6:platformIrqST25RCallCallback	8	static
../Core/Src/rfal_platform.c:85:6:platformLedsInitialize	8	static
../Core/Src/rfal_platform.c:86:6:platformErrorHandle	8	static
../Core/Src/rfal_platform.c:88:10:platformTimerGetRemaining	24	static
../Core/Src/rfal_platform.c:95:6:platformDelay	16	static
