../ThirdParty/rfal/Src/rfal_nfcf.c:158:13:rfalNfcfComputeValidSENF	64	static
../ThirdParty/rfal/Src/rfal_nfcf.c:239:12:rfalNfcfPollerInitialize	32	static
../ThirdParty/rfal/Src/rfal_nfcf.c:259:12:rfalNfcfPollerPoll	40	static
../ThirdParty/rfal/Src/rfal_nfcf.c:265:12:rfalNfcfPollerCheckPresence	24	static
../ThirdParty/rfal/Src/rfal_nfcf.c:276:12:rfalNfcfPollerStartCheckPresence	24	static
../ThirdParty/rfal/Src/rfal_nfcf.c:288:12:rfalNfcfPollerGetCheckPresenceStatus	8	static
../ThirdParty/rfal/Src/rfal_nfcf.c:295:12:rfalNfcfPollerCollisionResolution	48	static
../ThirdParty/rfal/Src/rfal_nfcf.c:307:12:rfalNfcfPollerStartCollisionResolution	32	static
../ThirdParty/rfal/Src/rfal_nfcf.c:337:12:rfalNfcfPollerGetCollisionResolutionStatus	40	static
../ThirdParty/rfal/Src/rfal_nfcf.c:415:12:rfalNfcfPollerCheck	152	static
../ThirdParty/rfal/Src/rfal_nfcf.c:503:12:rfalNfcfPollerUpdate	72	static
../ThirdParty/rfal/Src/rfal_nfcf.c:603:6:rfalNfcfListenerIsT3TReq	24	static
