../ThirdParty/rfal/Src/rfal_nfc.c:138:12:rfalNfcInitialize	24	static
../ThirdParty/rfal/Src/rfal_nfc.c:164:12:rfalNfcDiscover	16	static
../ThirdParty/rfal/Src/rfal_nfc.c:242:12:rfalNfcDeactivate	32	static
../ThirdParty/rfal/Src/rfal_nfc.c:278:12:rfalNfcSelect	16	static
../ThirdParty/rfal/Src/rfal_nfc.c:294:14:rfalNfcGetState	8	static
../ThirdParty/rfal/Src/rfal_nfc.c:300:12:rfalNfcGetDevicesFound	16	static
../ThirdParty/rfal/Src/rfal_nfc.c:321:12:rfalNfcGetActiveDevice	16	static
../ThirdParty/rfal/Src/rfal_nfc.c:347:6:rfalNfcWorker	24	static
../ThirdParty/rfal/Src/rfal_nfc.c:620:12:rfalNfcDataExchangeStart	64	static
../ThirdParty/rfal/Src/rfal_nfc.c:757:12:rfalNfcDataExchangeGetStatus	8	static
../ThirdParty/rfal/Src/rfal_nfc.c:852:19:rfalNfcPollTechDetection	32	static
../ThirdParty/rfal/Src/rfal_nfc.c:1178:19:rfalNfcPollCollResolution	88	static
../ThirdParty/rfal/Src/rfal_nfc.c:1494:19:rfalNfcPollActivation	32	static
../ThirdParty/rfal/Src/rfal_nfc.c:2170:19:rfalNfcDeactivation	24	static
