../Drivers/BSP/Components/st25r500/st25r500.c:109:12:st25r500ExecuteCommandAndGetResult	24	static
../Drivers/BSP/Components/st25r500/st25r500.c:136:12:st25r500Initialize	24	static
../Drivers/BSP/Components/st25r500/st25r500.c:260:6:st25r500Deinitialize	8	static
../Drivers/BSP/Components/st25r500/st25r500.c:275:12:st25r500OscOn	8	static
../Drivers/BSP/Components/st25r500/st25r500.c:305:12:st25r500AdjustRegulators	32	static
../Drivers/BSP/Components/st25r500/st25r500.c:333:12:st25r500SetRegulators	16	static
../Drivers/BSP/Components/st25r500/st25r500.c:351:19:st25r500MeasureIQCalib	48	static
../Drivers/BSP/Components/st25r500/st25r500.c:397:12:st25r500GetCeGain	16	static
../Drivers/BSP/Components/st25r500/st25r500.c:417:12:st25r500MeasureIQ	32	static
../Drivers/BSP/Components/st25r500/st25r500.c:441:12:st25r500MeasureCombinedIQ	32	static
../Drivers/BSP/Components/st25r500/st25r500.c:477:12:st25r500MeasureI	32	static
../Drivers/BSP/Components/st25r500/st25r500.c:494:12:st25r500MeasureQ	32	static
../Drivers/BSP/Components/st25r500/st25r500.c:511:12:st25r500MeasureAmplitude	16	static
../Drivers/BSP/Components/st25r500/st25r500.c:518:12:st25r500MeasurePhase	16	static
../Drivers/BSP/Components/st25r500/st25r500.c:552:12:st25r500DiagMeasure	40	static
../Drivers/BSP/Components/st25r500/st25r500.c:611:12:st25r500MeasureCurrent	32	static
../Drivers/BSP/Components/st25r500/st25r500.c:637:12:st25r500ClearCalibration	8	static
../Drivers/BSP/Components/st25r500/st25r500.c:644:12:st25r500CalibrateWU	32	static
../Drivers/BSP/Components/st25r500/st25r500.c:678:12:st25r500MeasureWU	32	static
../Drivers/BSP/Components/st25r500/st25r500.c:699:12:st25r500SetBitrate	24	static
../Drivers/BSP/Components/st25r500/st25r500.c:730:12:st25r500PerformCollisionAvoidance	32	static
../Drivers/BSP/Components/st25r500/st25r500.c:795:6:st25r500SetNumTxBits	16	static
../Drivers/BSP/Components/st25r500/st25r500.c:803:10:st25r500GetNumFIFOBytes	16	static
../Drivers/BSP/Components/st25r500/st25r500.c:821:9:st25r500GetNumFIFOLastBits	16	static
../Drivers/BSP/Components/st25r500/st25r500.c:832:10:st25r500GetNoResponseTime	8	static
../Drivers/BSP/Components/st25r500/st25r500.c:839:12:st25r500SetMRT	24	static
../Drivers/BSP/Components/st25r500/st25r500.c:874:12:st25r500SetNoResponseTime	24	static
../Drivers/BSP/Components/st25r500/st25r500.c:910:12:st25r500SetStartNoResponseTimer	32	static
../Drivers/BSP/Components/st25r500/st25r500.c:925:6:st25r500SetGPTime	16	static
../Drivers/BSP/Components/st25r500/st25r500.c:933:12:st25r500SetStartGPTimer	16	static
../Drivers/BSP/Components/st25r500/st25r500.c:949:6:st25r500CheckChipID	32	static
../Drivers/BSP/Components/st25r500/st25r500.c:972:12:st25r500GetRegsDump	120	static
../Drivers/BSP/Components/st25r500/st25r500.c:999:6:st25r500IsCmdValid	16	static
../Drivers/BSP/Components/st25r500/st25r500.c:1010:12:st25r500GetRSSI	32	static
../Drivers/BSP/Components/st25r500/st25r500.c:1049:12:st25r500SetAntennaMode	24	static
