../Core/Inc/rfal_platform.h:52:20:platformEnterCritical	16	static,ignoring_inline_asm
../Core/Inc/rfal_platform.h:64:20:platformExitCritical	8	static,ignoring_inline_asm
../Drivers/BSP/Components/st25r500/st25r500_irq.c:61:6:st25r500InitInterrupts	8	static
../Drivers/BSP/Components/st25r500/st25r500_irq.c:74:6:st25r500Isr	8	static
../Drivers/BSP/Components/st25r500/st25r500_irq.c:87:6:st25r500CheckForReceivedInterrupts	16	static
../Drivers/BSP/Components/st25r500/st25r500_irq.c:125:6:st25r500ModifyInterrupts	32	static
../Drivers/BSP/Components/st25r500/st25r500_irq.c:151:10:st25r500WaitForInterruptsTimed	24	static
../Drivers/BSP/Components/st25r500/st25r500_irq.c:181:10:st25r500GetInterrupt	24	static
../Drivers/BSP/Components/st25r500/st25r500_irq.c:198:6:st25r500ClearAndEnableInterrupts	16	static
../Drivers/BSP/Components/st25r500/st25r500_irq.c:206:6:st25r500EnableInterrupts	16	static
../Drivers/BSP/Components/st25r500/st25r500_irq.c:213:6:st25r500DisableInterrupts	16	static
../Drivers/BSP/Components/st25r500/st25r500_irq.c:220:6:st25r500ClearInterrupts	16	static
../Drivers/BSP/Components/st25r500/st25r500_irq.c:234:6:st25r500IRQCallbackSet	16	static
../Drivers/BSP/Components/st25r500/st25r500_irq.c:242:6:st25r500IRQCallbackRestore	8	static
