../Core/Inc/rfal_platform.h:52:20:platformEnterCritical	16	static,ignoring_inline_asm
../Core/Inc/rfal_platform.h:64:20:platformExitCritical	8	static,ignoring_inline_asm
../Drivers/BSP/Components/st25r500/st25r500_com.c:142:13:st25r500comStart	8	static
../Drivers/BSP/Components/st25r500/st25r500_com.c:157:13:st25r500comStop	8	static
../Drivers/BSP/Components/st25r500/st25r500_com.c:168:13:st25r500comTx	24	static
../Drivers/BSP/Components/st25r500/st25r500_com.c:193:13:st25r500comRx	24	static
../Drivers/BSP/Components/st25r500/st25r500_com.c:236:13:st25r500comTxByte	32	static
../Drivers/BSP/Components/st25r500/st25r500_com.c:249:12:st25r500ReadRegister	16	static
../Drivers/BSP/Components/st25r500/st25r500_com.c:256:12:st25r500ReadMultipleRegisters	16	static
../Drivers/BSP/Components/st25r500/st25r500_com.c:272:12:st25r500WriteRegister	24	static
../Drivers/BSP/Components/st25r500/st25r500_com.c:280:12:st25r500WriteMultipleRegisters	16	static
../Drivers/BSP/Components/st25r500/st25r500_com.c:298:12:st25r500WriteFifo	16	static
../Drivers/BSP/Components/st25r500/st25r500_com.c:312:12:st25r500ReadFifo	16	static
../Drivers/BSP/Components/st25r500/st25r500_com.c:329:12:st25r500ExecuteCommand	16	static
../Drivers/BSP/Components/st25r500/st25r500_com.c:343:12:st25r500ExecuteCommands	16	static
../Drivers/BSP/Components/st25r500/st25r500_com.c:357:12:st25r500ReadTestRegister	16	static
../Drivers/BSP/Components/st25r500/st25r500_com.c:371:12:st25r500WriteTestRegister	32	static
../Drivers/BSP/Components/st25r500/st25r500_com.c:386:12:st25r500WriteMultipleTestRegister	16	static
../Drivers/BSP/Components/st25r500/st25r500_com.c:399:12:st25r500ClrRegisterBits	32	static
../Drivers/BSP/Components/st25r500/st25r500_com.c:419:12:st25r500SetRegisterBits	32	static
../Drivers/BSP/Components/st25r500/st25r500_com.c:439:12:st25r500ChangeRegisterBits	24	static
../Drivers/BSP/Components/st25r500/st25r500_com.c:446:12:st25r500ModifyRegister	32	static
../Drivers/BSP/Components/st25r500/st25r500_com.c:471:12:st25r500ChangeTestRegisterBits	32	static
../Drivers/BSP/Components/st25r500/st25r500_com.c:496:6:st25r500CheckReg	32	static
../Drivers/BSP/Components/st25r500/st25r500_com.c:508:6:st25r500IsRegValid	16	static
../Drivers/BSP/Components/st25r500/st25r500_com.c:553:6:st25r500ledInit	8	static
../Drivers/BSP/Components/st25r500/st25r500_com.c:565:6:st25r500ledEvtIrq	16	static
../Drivers/BSP/Components/st25r500/st25r500_com.c:590:6:st25r500ledEvtWrReg	16	static
../Drivers/BSP/Components/st25r500/st25r500_com.c:607:6:st25r500ledEvtWrMultiReg	32	static
../Drivers/BSP/Components/st25r500/st25r500_com.c:619:6:st25r500ledEvtCmds	32	static
../Drivers/BSP/Components/st25r500/st25r500_com.c:631:6:st25r500ledEvtCmd	16	static
